make : on entre dans le répertoire « /home/jc/tmp/riscv-iommu-demo/dpr »
==> Implémentation du module PARTIEL : accel_A
cp /home/jc/tmp/riscv-iommu-demo/dpr/rm/accel_A/accel_*.sv /home/jc/tmp/riscv-iommu-demo/cva6/corev_apu/fpga/src/accel_wrap.sv
vivado -mode batch -nojournal -nolog -source /home/jc/tmp/riscv-iommu-demo/dpr/scripts/run_partial.tcl \
	-tclargs /home/jc/tmp/riscv-iommu-demo/cva6/corev_apu/fpga/work-dpr /home/jc/tmp/riscv-iommu-demo/dpr/rm/accel_A accel_A /home/jc/tmp/riscv-iommu-demo/dpr

****** Vivado v2022.2 (64-bit)
  **** SW Build 3671981 on Fri Oct 14 04:59:54 MDT 2022
  **** IP Build 3669848 on Fri Oct 14 08:30:02 MDT 2022
    ** Copyright 1986-2022 Xilinx, Inc. All Rights Reserved.

source /home/jc/tmp/riscv-iommu-demo/dpr/scripts/run_partial.tcl
# set work_dpr [lindex $argv 0]
# set rm_dir   [lindex $argv 1]
# set rm_name  [lindex $argv 2]
# set cva6_root [file normalize [file join $work_dpr ".." ".." ".."]]
# set cva6_fpga [file normalize [file join $work_dpr ".."]]
# set dpr_dir   [lindex $argv 3]
# set rm_synth1 $work_dpr/${rm_name}_accel1_synth.dcp
# set rm_synth2 $work_dpr/${rm_name}_accel2_synth.dcp
# if {![file exists $rm_synth1] || ![file exists $rm_synth2]} {
#     puts "==> Synthèse du RM $rm_name dans le projet ariane..."
# 
#     # Copie du RM dans le projet CVA6
#     set rm_sv [lindex [glob $rm_dir/*.sv] 0]
#     file copy -force $rm_sv $cva6_fpga/src/accel_wrap.sv
#     puts "  -> RM copié : [file tail $rm_sv] -> accel_wrap.sv"
# 
#     open_project $cva6_fpga/ariane.xpr
# 
#     set_property -name {STEPS.SYNTH_DESIGN.ARGS.FLATTEN_HIERARCHY} \
#         -value {none} -objects [get_runs synth_1]
# 
#     puts "==> Lancement synthèse..."
#     reset_run synth_1
#     launch_runs synth_1 -jobs 8
#     wait_on_run synth_1
#     if {[get_property PROGRESS [get_runs synth_1]] != "100%"} {
#         puts "ERROR: Synthèse échouée."
#         exit 1
#     }
# 
#     open_run synth_1 -name synth_1
# 
#     # Extraire le checkpoint de i_accel1 (STREAM_ID=1)
#     puts "==> Extraction checkpoint accel1 (STREAM_ID=1)..."
#     set cell1_synth [get_cells -quiet i_ariane_peripherals/gen_dma.i_accel1]
#     if {[llength $cell1_synth] == 0} {
#         puts "ERROR: i_accel1 non trouvé dans le netlist"
#         exit 1
#     }
#     write_checkpoint -force -cell $cell1_synth $rm_synth1
#     puts "  -> checkpoint accel1 : $rm_synth1"
# 
#     # Extraire le checkpoint de i_accel2 (STREAM_ID=2)
#     puts "==> Extraction checkpoint accel2 (STREAM_ID=2)..."
#     set cell2_synth [get_cells -quiet i_ariane_peripherals/gen_dma.gen_accel2.i_accel2]
#     if {[llength $cell2_synth] == 0} {
#         puts "ERROR: i_accel2 non trouvé dans le netlist"
#         exit 1
#     }
#     write_checkpoint -force -cell $cell2_synth $rm_synth2
#     puts "  -> checkpoint accel2 : $rm_synth2"
# 
#     close_project
# } else {
#     puts "==> RMs en cache :"
#     puts "    $rm_synth1"
#     puts "    $rm_synth2"
# }
==> RMs en cache :
    /home/jc/tmp/riscv-iommu-demo/cva6/corev_apu/fpga/work-dpr/accel_A_accel1_synth.dcp
    /home/jc/tmp/riscv-iommu-demo/cva6/corev_apu/fpga/work-dpr/accel_A_accel2_synth.dcp
# puts "==> Ouverture du checkpoint statique..."
==> Ouverture du checkpoint statique...
# open_checkpoint $work_dpr/static_routed.dcp
Command: open_checkpoint /home/jc/tmp/riscv-iommu-demo/cva6/corev_apu/fpga/work-dpr/static_routed.dcp

Starting open_checkpoint Task

Time (s): cpu = 00:00:00.02 ; elapsed = 00:00:00.02 . Memory (MB): peak = 1631.086 ; gain = 0.000 ; free physical = 39956 ; free virtual = 47851
INFO: [Device 21-403] Loading part xc7k325tffg900-2
Netlist sorting complete. Time (s): cpu = 00:00:00.87 ; elapsed = 00:00:00.88 . Memory (MB): peak = 2371.984 ; gain = 0.000 ; free physical = 39262 ; free virtual = 47157
INFO: [Netlist 29-17] Analyzing 9835 Unisim elements for replacement
INFO: [Netlist 29-28] Unisim Transformation completed in 0 CPU seconds
INFO: [Project 1-479] Netlist was created with Vivado 2022.2
INFO: [Project 1-570] Preparing netlist for logic optimization
WARNING: [Constraints 18-550] Could not create 'IBUF_LOW_PWR' constraint because net 'i_xlnx_clk_gen/clk_in1' is not directly connected to top level port. Synthesis is ignored for IBUF_LOW_PWR but preserved for implementation.
INFO: [Timing 38-478] Restoring timing data from binary archive.
INFO: [Timing 38-479] Binary timing data restore complete.
INFO: [Project 1-856] Restoring constraints from binary archive.
INFO: [Project 1-853] Binary constraint restore complete.
Reading XDEF placement.
Reading placer database...
Reading XDEF routing.
Read XDEF Files: Time (s): cpu = 00:00:11 ; elapsed = 00:00:11 . Memory (MB): peak = 3673.430 ; gain = 199.766 ; free physical = 38118 ; free virtual = 46013
Restored from archive | CPU: 11.400000 secs | Memory: 176.960068 MB |
Finished XDEF File Restore: Time (s): cpu = 00:00:11 ; elapsed = 00:00:11 . Memory (MB): peak = 3673.430 ; gain = 199.766 ; free physical = 38118 ; free virtual = 46013
INFO: [Project 1-486] Could not resolve non-primitive black box cell 'accel_wrap__parameterized0_bb' instantiated as 'i_ariane_peripherals/gen_dma.i_accel1' [/home/jc/tmp/riscv-iommu-demo/cva6/corev_apu/fpga/src/ariane_peripherals_xilinx.sv:652]
INFO: [Project 1-486] Could not resolve non-primitive black box cell 'accel_wrap_bb' instantiated as 'i_ariane_peripherals/gen_dma.gen_accel2.i_accel2' [/home/jc/tmp/riscv-iommu-demo/cva6/corev_apu/fpga/src/ariane_peripherals_xilinx.sv:897]
Netlist sorting complete. Time (s): cpu = 00:00:00.01 ; elapsed = 00:00:00.02 . Memory (MB): peak = 3673.430 ; gain = 0.000 ; free physical = 38124 ; free virtual = 46019
INFO: [Project 1-111] Unisim Transformation Summary:
  A total of 351 instances were transformed.
  IOBUF => IOBUF (IBUF, OBUFT): 1 instance 
  IOBUFDS_DIFF_OUT_DCIEN => IOBUFDS_DIFF_OUT_DCIEN (IBUFDS_IBUFDISABLE_INT(x2), INV, OBUFTDS_DCIEN(x2)): 4 instances
  IOBUF_DCIEN => IOBUF_DCIEN (IBUF_IBUFDISABLE, OBUFT_DCIEN): 32 instances
  LUT6_2 => LUT6_2 (LUT5, LUT6): 17 instances
  OBUFDS => OBUFDS_DUAL_BUF (INV, OBUFDS(x2)): 1 instance 
  RAM32M => RAM32M (RAMD32(x6), RAMS32(x2)): 278 instances
  RAM32X1D => RAM32X1D (RAMD32(x2)): 18 instances

INFO: [Project 1-604] Checkpoint was created with Vivado v2022.2 (64-bit) build 3671981
OpenCheckpoint Checksum | Checksum: 1f6e1c356
----- Checksum: PlaceDB: d2887c9c ShapeSum: b82f841d RouteDB: 6c29c29d 
open_checkpoint: Time (s): cpu = 00:00:49 ; elapsed = 00:00:50 . Memory (MB): peak = 3673.430 ; gain = 2042.344 ; free physical = 38124 ; free virtual = 46019
# puts "==> Rechargement du XDC des pblocks DFX..."
==> Rechargement du XDC des pblocks DFX...
# set pblock_xdc $dpr_dir/constraints/pblock_accels_impl.xdc
# if {![file exists $pblock_xdc]} {
#     puts "ERROR: XDC pblock introuvable : $pblock_xdc"
#     exit 1
# }
# foreach pb [get_pblocks -quiet] {
#     delete_pblocks $pb
# }
# read_xdc $pblock_xdc
Parsing XDC File [/home/jc/tmp/riscv-iommu-demo/dpr/constraints/pblock_accels_impl.xdc]
WARNING: [Vivado 12-4775] These ranges will be aligned to a tile boundary: DSP48_X0Y60:DSP48_X1Y64 [/home/jc/tmp/riscv-iommu-demo/dpr/constraints/pblock_accels_impl.xdc:5]
WARNING: [Vivado 12-4775] These ranges will be aligned to a tile boundary: DSP48_X2Y60:DSP48_X5Y64 [/home/jc/tmp/riscv-iommu-demo/dpr/constraints/pblock_accels_impl.xdc:15]
Finished Parsing XDC File [/home/jc/tmp/riscv-iommu-demo/dpr/constraints/pblock_accels_impl.xdc]
# set_property used_in_synthesis false [get_files $pblock_xdc]
# puts "  -> XDC chargé : $pblock_xdc"
  -> XDC chargé : /home/jc/tmp/riscv-iommu-demo/dpr/constraints/pblock_accels_impl.xdc
# foreach pb [get_pblocks] {
#     puts "  PBLOCK: $pb -> [get_property GRID_RANGES $pb]"
# }
  PBLOCK: pblock_accel1 -> RAMB36_X0Y25:RAMB36_X1Y29 RAMB18_X0Y50:RAMB18_X1Y59 DSP48_X0Y60:DSP48_X1Y65 SLICE_X0Y250:SLICE_X71Y299
  PBLOCK: pblock_accel2 -> RAMB36_X2Y25:RAMB36_X4Y29 RAMB18_X2Y50:RAMB18_X4Y59 DSP48_X2Y60:DSP48_X5Y65 SLICE_X72Y250:SLICE_X145Y299
# set cell1 [get_cells -quiet i_ariane_peripherals/gen_dma.i_accel1]
# set cell2 [get_cells -quiet i_ariane_peripherals/gen_dma.gen_accel2.i_accel2]
# if {[llength $cell1] == 0} { puts "ERROR: i_accel1 non trouvé"; exit 1 }
# if {[llength $cell2] == 0} { puts "ERROR: i_accel2 non trouvé"; exit 1 }
# read_checkpoint -cell $cell1 $rm_synth1
Command: read_checkpoint -cell [get_cells -quiet i_ariane_peripherals/gen_dma.i_accel1] /home/jc/tmp/riscv-iommu-demo/cva6/corev_apu/fpga/work-dpr/accel_A_accel1_synth.dcp
WARNING: [Vivado 12-12435] Any Tcl variable pointing to design objects become invalid when read_checkpoint is executed subsequently after open_checkpoint. The content of those variables need to be rebuilt after read_checkpoint. Otherwise this could result in unwanted behavior due to referencing objects that do not exist anymore.
INFO: [Timing 38-480] Writing timing data to binary archive.
Writing XDEF routing.
Writing XDEF routing logical nets.
Writing XDEF routing special nets.
Write XDEF Complete: Time (s): cpu = 00:00:59 ; elapsed = 00:00:32 . Memory (MB): peak = 3941.891 ; gain = 187.441 ; free physical = 37818 ; free virtual = 45976
report_design_analysis: Time (s): cpu = 00:00:46 ; elapsed = 00:00:18 . Memory (MB): peak = 4019.906 ; gain = 78.016 ; free physical = 37675 ; free virtual = 45833
INFO: [Project 1-454] Reading design checkpoint '/home/jc/tmp/riscv-iommu-demo/cva6/corev_apu/fpga/work-dpr/accel_A_accel1_synth.dcp' for cell 'i_ariane_peripherals/gen_dma.i_accel1'
Netlist sorting complete. Time (s): cpu = 00:00:01 ; elapsed = 00:00:01 . Memory (MB): peak = 4019.906 ; gain = 0.000 ; free physical = 38633 ; free virtual = 46612
INFO: [Netlist 29-17] Analyzing 9835 Unisim elements for replacement
INFO: [Netlist 29-28] Unisim Transformation completed in 0 CPU seconds
INFO: [Project 1-479] Netlist was created with Vivado 2022.2
INFO: [Project 1-570] Preparing netlist for logic optimization
WARNING: [Constraints 18-550] Could not create 'IBUF_LOW_PWR' constraint because net 'i_xlnx_clk_gen/clk_in1' is not directly connected to top level port. Synthesis is ignored for IBUF_LOW_PWR but preserved for implementation.
Parsing XDC File [/home/jc/tmp/riscv-iommu-demo/dpr/.Xil/Vivado-124904-jc-VirtualBox/readCheckpointCellTempDcp/temp/ariane_xilinx_board.xdc]
Finished Parsing XDC File [/home/jc/tmp/riscv-iommu-demo/dpr/.Xil/Vivado-124904-jc-VirtualBox/readCheckpointCellTempDcp/temp/ariane_xilinx_board.xdc]
Parsing XDC File [/home/jc/tmp/riscv-iommu-demo/dpr/.Xil/Vivado-124904-jc-VirtualBox/readCheckpointCellTempDcp/temp/ariane_xilinx_early.xdc]
INFO: [Timing 38-35] Done setting XDC timing constraints. [/home/jc/tmp/riscv-iommu-demo/cva6/corev_apu/fpga/xilinx/xlnx_clk_gen/xlnx_clk_gen.gen/sources_1/ip/xlnx_clk_gen/xlnx_clk_gen.xdc:57]
INFO: [Timing 38-2] Deriving generated clocks [/home/jc/tmp/riscv-iommu-demo/cva6/corev_apu/fpga/xilinx/xlnx_clk_gen/xlnx_clk_gen.gen/sources_1/ip/xlnx_clk_gen/xlnx_clk_gen.xdc:57]
get_clocks: Time (s): cpu = 00:00:14 ; elapsed = 00:00:05 . Memory (MB): peak = 4019.906 ; gain = 0.000 ; free physical = 38290 ; free virtual = 46254
Finished Parsing XDC File [/home/jc/tmp/riscv-iommu-demo/dpr/.Xil/Vivado-124904-jc-VirtualBox/readCheckpointCellTempDcp/temp/ariane_xilinx_early.xdc]
Parsing XDC File [/home/jc/tmp/riscv-iommu-demo/dpr/.Xil/Vivado-124904-jc-VirtualBox/readCheckpointCellTempDcp/temp/ariane_xilinx.xdc]
Finished Parsing XDC File [/home/jc/tmp/riscv-iommu-demo/dpr/.Xil/Vivado-124904-jc-VirtualBox/readCheckpointCellTempDcp/temp/ariane_xilinx.xdc]
Parsing XDC File [/home/jc/tmp/riscv-iommu-demo/dpr/.Xil/Vivado-124904-jc-VirtualBox/readCheckpointCellTempDcp/temp/ariane_xilinx_late.xdc]
Finished Parsing XDC File [/home/jc/tmp/riscv-iommu-demo/dpr/.Xil/Vivado-124904-jc-VirtualBox/readCheckpointCellTempDcp/temp/ariane_xilinx_late.xdc]
Reading XDEF placement.
Reading placer database...
Reading XDEF routing.
Read XDEF Files: Time (s): cpu = 00:00:13 ; elapsed = 00:00:13 . Memory (MB): peak = 4019.906 ; gain = 0.000 ; free physical = 38102 ; free virtual = 46066
Restored from archive | CPU: 13.460000 secs | Memory: 176.195816 MB |
Finished XDEF File Restore: Time (s): cpu = 00:00:13 ; elapsed = 00:00:13 . Memory (MB): peak = 4019.906 ; gain = 0.000 ; free physical = 38102 ; free virtual = 46066
Reading XDEF placement.
Reading placer database...
Reading XDEF routing.
Read XDEF Files: Time (s): cpu = 00:00:00.03 ; elapsed = 00:00:00.04 . Memory (MB): peak = 4019.906 ; gain = 0.000 ; free physical = 38063 ; free virtual = 46027
Restored from archive | CPU: 0.040000 secs | Memory: 0.000000 MB |
Finished XDEF File Restore: Time (s): cpu = 00:00:00.04 ; elapsed = 00:00:00.05 . Memory (MB): peak = 4019.906 ; gain = 0.000 ; free physical = 38063 ; free virtual = 46027
INFO: [Project 1-486] Could not resolve non-primitive black box cell 'accel_wrap_bb' instantiated as 'i_ariane_peripherals/gen_dma.gen_accel2.i_accel2' [/home/jc/tmp/riscv-iommu-demo/cva6/corev_apu/fpga/src/ariane_peripherals_xilinx.sv:897]
Netlist sorting complete. Time (s): cpu = 00:00:00.02 ; elapsed = 00:00:00.02 . Memory (MB): peak = 4019.906 ; gain = 0.000 ; free physical = 38036 ; free virtual = 46008
INFO: [Project 1-111] Unisim Transformation Summary:
  A total of 351 instances were transformed.
  IOBUF => IOBUF (IBUF, OBUFT): 1 instance 
  IOBUFDS_DIFF_OUT_DCIEN => IOBUFDS_DIFF_OUT_DCIEN (IBUFDS_IBUFDISABLE_INT(x2), INV, OBUFTDS_DCIEN(x2)): 4 instances
  IOBUF_DCIEN => IOBUF_DCIEN (IBUF_IBUFDISABLE, OBUFT_DCIEN): 32 instances
  LUT6_2 => LUT6_2 (LUT5, LUT6): 17 instances
  OBUFDS => OBUFDS_DUAL_BUF (INV, OBUFDS(x2)): 1 instance 
  RAM32M => RAM32M (RAMD32(x6), RAMS32(x2)): 278 instances
  RAM32X1D => RAM32X1D (RAMD32(x2)): 18 instances

read_checkpoint: Time (s): cpu = 00:03:00 ; elapsed = 00:01:54 . Memory (MB): peak = 4019.906 ; gain = 346.477 ; free physical = 38091 ; free virtual = 45995
# puts "  -> RM accel1 chargé (STREAM_ID=1) : $rm_synth1"
  -> RM accel1 chargé (STREAM_ID=1) : /home/jc/tmp/riscv-iommu-demo/cva6/corev_apu/fpga/work-dpr/accel_A_accel1_synth.dcp
# set cell2 [get_cells -quiet i_ariane_peripherals/gen_dma.gen_accel2.i_accel2]
# if {[llength $cell2] == 0} {
#     puts "ERROR: i_accel2 non trouvé après chargement accel1"
#     exit 1
# }
# read_checkpoint -cell $cell2 $rm_synth2
Command: read_checkpoint -cell [get_cells -quiet i_ariane_peripherals/gen_dma.gen_accel2.i_accel2] /home/jc/tmp/riscv-iommu-demo/cva6/corev_apu/fpga/work-dpr/accel_A_accel2_synth.dcp
WARNING: [Vivado 12-12435] Any Tcl variable pointing to design objects become invalid when read_checkpoint is executed subsequently after open_checkpoint. The content of those variables need to be rebuilt after read_checkpoint. Otherwise this could result in unwanted behavior due to referencing objects that do not exist anymore.
INFO: [Timing 38-480] Writing timing data to binary archive.
Writing XDEF routing.
Writing XDEF routing logical nets.
Writing XDEF routing special nets.
Write XDEF Complete: Time (s): cpu = 00:00:39 ; elapsed = 00:00:22 . Memory (MB): peak = 4056.465 ; gain = 36.559 ; free physical = 37827 ; free virtual = 45958
report_design_analysis: Time (s): cpu = 00:00:33 ; elapsed = 00:00:15 . Memory (MB): peak = 4078.453 ; gain = 21.988 ; free physical = 37730 ; free virtual = 45862
INFO: [Project 1-454] Reading design checkpoint '/home/jc/tmp/riscv-iommu-demo/cva6/corev_apu/fpga/work-dpr/accel_A_accel2_synth.dcp' for cell 'i_ariane_peripherals/gen_dma.gen_accel2.i_accel2'
Netlist sorting complete. Time (s): cpu = 00:00:00.9 ; elapsed = 00:00:00.98 . Memory (MB): peak = 4078.453 ; gain = 0.000 ; free physical = 38481 ; free virtual = 46445
INFO: [Netlist 29-17] Analyzing 9835 Unisim elements for replacement
INFO: [Netlist 29-28] Unisim Transformation completed in 0 CPU seconds
INFO: [Project 1-479] Netlist was created with Vivado 2022.2
INFO: [Project 1-570] Preparing netlist for logic optimization
WARNING: [Constraints 18-550] Could not create 'IBUF_LOW_PWR' constraint because net 'i_xlnx_clk_gen/clk_in1' is not directly connected to top level port. Synthesis is ignored for IBUF_LOW_PWR but preserved for implementation.
Parsing XDC File [/home/jc/tmp/riscv-iommu-demo/dpr/.Xil/Vivado-124904-jc-VirtualBox/readCheckpointCellTempDcp/temp/ariane_xilinx_board.xdc]
Finished Parsing XDC File [/home/jc/tmp/riscv-iommu-demo/dpr/.Xil/Vivado-124904-jc-VirtualBox/readCheckpointCellTempDcp/temp/ariane_xilinx_board.xdc]
Parsing XDC File [/home/jc/tmp/riscv-iommu-demo/dpr/.Xil/Vivado-124904-jc-VirtualBox/readCheckpointCellTempDcp/temp/ariane_xilinx_early.xdc]
INFO: [Timing 38-35] Done setting XDC timing constraints. [/home/jc/tmp/riscv-iommu-demo/cva6/corev_apu/fpga/xilinx/xlnx_clk_gen/xlnx_clk_gen.gen/sources_1/ip/xlnx_clk_gen/xlnx_clk_gen.xdc:57]
INFO: [Timing 38-2] Deriving generated clocks [/home/jc/tmp/riscv-iommu-demo/cva6/corev_apu/fpga/xilinx/xlnx_clk_gen/xlnx_clk_gen.gen/sources_1/ip/xlnx_clk_gen/xlnx_clk_gen.xdc:57]
Finished Parsing XDC File [/home/jc/tmp/riscv-iommu-demo/dpr/.Xil/Vivado-124904-jc-VirtualBox/readCheckpointCellTempDcp/temp/ariane_xilinx_early.xdc]
Parsing XDC File [/home/jc/tmp/riscv-iommu-demo/dpr/.Xil/Vivado-124904-jc-VirtualBox/readCheckpointCellTempDcp/temp/ariane_xilinx.xdc]
Finished Parsing XDC File [/home/jc/tmp/riscv-iommu-demo/dpr/.Xil/Vivado-124904-jc-VirtualBox/readCheckpointCellTempDcp/temp/ariane_xilinx.xdc]
Parsing XDC File [/home/jc/tmp/riscv-iommu-demo/dpr/.Xil/Vivado-124904-jc-VirtualBox/readCheckpointCellTempDcp/temp/ariane_xilinx_late.xdc]
Finished Parsing XDC File [/home/jc/tmp/riscv-iommu-demo/dpr/.Xil/Vivado-124904-jc-VirtualBox/readCheckpointCellTempDcp/temp/ariane_xilinx_late.xdc]
Reading XDEF placement.
Reading placer database...
Reading XDEF routing.
Read XDEF Files: Time (s): cpu = 00:00:11 ; elapsed = 00:00:12 . Memory (MB): peak = 4078.453 ; gain = 0.000 ; free physical = 38032 ; free virtual = 45995
Restored from archive | CPU: 11.840000 secs | Memory: 176.195580 MB |
Finished XDEF File Restore: Time (s): cpu = 00:00:11 ; elapsed = 00:00:12 . Memory (MB): peak = 4078.453 ; gain = 0.000 ; free physical = 38032 ; free virtual = 45995
Reading XDEF placement.
Reading placer database...
Reading XDEF routing.
Read XDEF Files: Time (s): cpu = 00:00:00.03 ; elapsed = 00:00:00.04 . Memory (MB): peak = 4078.453 ; gain = 0.000 ; free physical = 37996 ; free virtual = 45959
Restored from archive | CPU: 0.040000 secs | Memory: 0.000000 MB |
Finished XDEF File Restore: Time (s): cpu = 00:00:00.04 ; elapsed = 00:00:00.05 . Memory (MB): peak = 4078.453 ; gain = 0.000 ; free physical = 37996 ; free virtual = 45959
Netlist sorting complete. Time (s): cpu = 00:00:00.02 ; elapsed = 00:00:00.01 . Memory (MB): peak = 4078.453 ; gain = 0.000 ; free physical = 37976 ; free virtual = 45939
INFO: [Project 1-111] Unisim Transformation Summary:
  A total of 351 instances were transformed.
  IOBUF => IOBUF (IBUF, OBUFT): 1 instance 
  IOBUFDS_DIFF_OUT_DCIEN => IOBUFDS_DIFF_OUT_DCIEN (IBUFDS_IBUFDISABLE_INT(x2), INV, OBUFTDS_DCIEN(x2)): 4 instances
  IOBUF_DCIEN => IOBUF_DCIEN (IBUF_IBUFDISABLE, OBUFT_DCIEN): 32 instances
  LUT6_2 => LUT6_2 (LUT5, LUT6): 17 instances
  OBUFDS => OBUFDS_DUAL_BUF (INV, OBUFDS(x2)): 1 instance 
  RAM32M => RAM32M (RAMD32(x6), RAMS32(x2)): 278 instances
  RAM32X1D => RAM32X1D (RAMD32(x2)): 18 instances

read_checkpoint: Time (s): cpu = 00:02:10 ; elapsed = 00:01:31 . Memory (MB): peak = 4078.453 ; gain = 58.547 ; free physical = 38024 ; free virtual = 45920
# puts "  -> RM accel2 chargé (STREAM_ID=2) : $rm_synth2"
  -> RM accel2 chargé (STREAM_ID=2) : /home/jc/tmp/riscv-iommu-demo/cva6/corev_apu/fpga/work-dpr/accel_A_accel2_synth.dcp
# puts "==> opt_design..."
==> opt_design...
# opt_design -directive RuntimeOptimized
Command: opt_design -directive RuntimeOptimized
INFO: [Vivado_Tcl 4-136] Directive used for opt_design is: RuntimeOptimized
Attempting to get a license for feature 'Implementation' and/or device 'xc7k325t'
INFO: [Common 17-349] Got license for feature 'Implementation' and/or device 'xc7k325t'
INFO: [Common 17-1540] The version limit for your license is '2025.06' and has expired for new software. A version limit expiration means that, although you may be able to continue to use the current version of tools or IP with this license, you will not be eligible for new releases.
Running DRC as a precondition to command opt_design

Starting DRC Task
INFO: [DRC 23-27] Running DRC with 8 threads
INFO: [Project 1-461] DRC finished with 0 Errors
INFO: [Project 1-462] Please refer to the DRC report (report_drc) for more information.

Time (s): cpu = 00:00:09 ; elapsed = 00:00:06 . Memory (MB): peak = 4094.461 ; gain = 16.008 ; free physical = 37984 ; free virtual = 45880

Starting Logic Optimization Task

Phase 1 Retarget
INFO: [Opt 31-138] Pushed 0 inverter(s) to 0 load pin(s).
INFO: [Opt 31-49] Retargeted 0 cell(s).
Phase 1 Retarget | Checksum: 31d40e809

Time (s): cpu = 00:00:51 ; elapsed = 00:00:28 . Memory (MB): peak = 4432.133 ; gain = 182.805 ; free physical = 37874 ; free virtual = 45770
INFO: [Opt 31-389] Phase Retarget created 0 cells and removed 0 cells
INFO: [Opt 31-1021] In phase Retarget, 10797 netlist objects are constrained preventing optimization. Please run opt_design with -debug_log to get more detail. 

Phase 2 Constant propagation
INFO: [Opt 31-138] Pushed 0 inverter(s) to 0 load pin(s).
Phase 2 Constant propagation | Checksum: 31d40e809

Time (s): cpu = 00:00:55 ; elapsed = 00:00:32 . Memory (MB): peak = 4432.133 ; gain = 182.805 ; free physical = 37882 ; free virtual = 45778
INFO: [Opt 31-389] Phase Constant propagation created 0 cells and removed 0 cells
INFO: [Opt 31-1021] In phase Constant propagation, 288 netlist objects are constrained preventing optimization. Please run opt_design with -debug_log to get more detail. 

Phase 3 Sweep
Phase 3 Sweep | Checksum: 31d40e809

Time (s): cpu = 00:01:02 ; elapsed = 00:00:40 . Memory (MB): peak = 4432.133 ; gain = 182.805 ; free physical = 37747 ; free virtual = 45643
INFO: [Opt 31-389] Phase Sweep created 0 cells and removed 0 cells
INFO: [Opt 31-1021] In phase Sweep, 603540 netlist objects are constrained preventing optimization. Please run opt_design with -debug_log to get more detail. 

Phase 4 BUFG optimization
Phase 4 BUFG optimization | Checksum: 31d40e809

Time (s): cpu = 00:01:07 ; elapsed = 00:00:44 . Memory (MB): peak = 4432.133 ; gain = 182.805 ; free physical = 37830 ; free virtual = 45725
INFO: [Opt 31-662] Phase BUFG optimization created 0 cells of which 0 are BUFGs and removed 0 cells.

Phase 5 Shift Register Optimization
INFO: [Opt 31-1064] SRL Remap converted 0 SRLs to 0 registers and converted 0 registers of register chains to 0 SRLs
Phase 5 Shift Register Optimization | Checksum: 31d40e809

Time (s): cpu = 00:01:10 ; elapsed = 00:00:47 . Memory (MB): peak = 4432.133 ; gain = 182.805 ; free physical = 37844 ; free virtual = 45739
INFO: [Opt 31-389] Phase Shift Register Optimization created 0 cells and removed 0 cells

Phase 6 Post Processing Netlist
Phase 6 Post Processing Netlist | Checksum: 31d40e809

Time (s): cpu = 00:01:13 ; elapsed = 00:00:51 . Memory (MB): peak = 4432.133 ; gain = 182.805 ; free physical = 37853 ; free virtual = 45749
INFO: [Opt 31-389] Phase Post Processing Netlist created 0 cells and removed 0 cells
INFO: [Opt 31-1021] In phase Post Processing Netlist, 362 netlist objects are constrained preventing optimization. Please run opt_design with -debug_log to get more detail. 
Opt_design Change Summary
=========================


-------------------------------------------------------------------------------------------------------------------------
|  Phase                        |  #Cells created  |  #Cells Removed  |  #Constrained objects preventing optimizations  |
-------------------------------------------------------------------------------------------------------------------------
|  Retarget                     |               0  |               0  |                                          10797  |
|  Constant propagation         |               0  |               0  |                                            288  |
|  Sweep                        |               0  |               0  |                                         603540  |
|  BUFG optimization            |               0  |               0  |                                              0  |
|  Shift Register Optimization  |               0  |               0  |                                              0  |
|  Post Processing Netlist      |               0  |               0  |                                            362  |
-------------------------------------------------------------------------------------------------------------------------



Starting Connectivity Check Task

Time (s): cpu = 00:00:00.31 ; elapsed = 00:00:00.33 . Memory (MB): peak = 4432.133 ; gain = 0.000 ; free physical = 37844 ; free virtual = 45740
Ending Logic Optimization Task | Checksum: 2215dda5b

Time (s): cpu = 00:01:16 ; elapsed = 00:00:54 . Memory (MB): peak = 4432.133 ; gain = 182.805 ; free physical = 37846 ; free virtual = 45741

Starting Netlist Obfuscation Task
Netlist sorting complete. Time (s): cpu = 00:00:00.02 ; elapsed = 00:00:00.02 . Memory (MB): peak = 4432.133 ; gain = 0.000 ; free physical = 37834 ; free virtual = 45730
Ending Netlist Obfuscation Task | Checksum: 2215dda5b

Time (s): cpu = 00:00:03 ; elapsed = 00:00:03 . Memory (MB): peak = 4432.133 ; gain = 0.000 ; free physical = 37841 ; free virtual = 45737
INFO: [Common 17-83] Releasing license: Implementation
21 Infos, 0 Warnings, 0 Critical Warnings and 0 Errors encountered.
opt_design completed successfully
opt_design: Time (s): cpu = 00:01:30 ; elapsed = 00:01:06 . Memory (MB): peak = 4432.133 ; gain = 353.680 ; free physical = 37841 ; free virtual = 45737
# puts "==> place_design..."
==> place_design...
# place_design -directive RuntimeOptimized
Command: place_design -directive RuntimeOptimized
Attempting to get a license for feature 'Implementation' and/or device 'xc7k325t'
INFO: [Common 17-349] Got license for feature 'Implementation' and/or device 'xc7k325t'
INFO: [Common 17-1540] The version limit for your license is '2025.06' and has expired for new software. A version limit expiration means that, although you may be able to continue to use the current version of tools or IP with this license, you will not be eligible for new releases.
INFO: [DRC 23-27] Running DRC with 8 threads
INFO: [Vivado_Tcl 4-198] DRC finished with 0 Errors
INFO: [Vivado_Tcl 4-199] Please refer to the DRC report (report_drc) for more information.
Running DRC as a precondition to command place_design
INFO: [DRC 23-27] Running DRC with 8 threads
GCIO site IOB_X0Y22
GCIO site IOB_X0Y24
GCIO site IOB_X0Y26
GCIO site IOB_X0Y28
GCIO site IOB_X1Y22
GCIO site IOB_X1Y24
GCIO site IOB_X1Y26
GCIO site IOB_X1Y28
GCIO site IOB_X0Y72
GCIO site IOB_X0Y74
GCIO site IOB_X0Y76
GCIO site IOB_X0Y78
GCIO site IOB_X1Y72
GCIO site IOB_X1Y74
GCIO site IOB_X1Y76
GCIO site IOB_X1Y78
GCIO site IOB_X0Y122
GCIO site IOB_X0Y124
GCIO site IOB_X0Y126
GCIO site IOB_X0Y128
GCIO site IOB_X1Y122
GCIO site IOB_X1Y124
GCIO site IOB_X1Y126
GCIO site IOB_X1Y128
GCIO site IOB_X0Y172
GCIO site IOB_X0Y174
GCIO site IOB_X0Y176
GCIO site IOB_X0Y178
GCIO site IOB_X0Y222
GCIO site IOB_X0Y224
GCIO site IOB_X0Y226
GCIO site IOB_X0Y228
GCIO site IOB_X0Y272
GCIO site IOB_X0Y274
GCIO site IOB_X0Y276
GCIO site IOB_X0Y278
GCIO site IOB_X0Y322
GCIO site IOB_X0Y324
GCIO site IOB_X0Y326
GCIO site IOB_X0Y328
WARNING: [DRC 23-804] Only the first 20 REQP-1839 messages were issued by report_drc. An additional 1 messages have not been issued. Use 'set_property MAX_MESSAGES <number> [get_drc_check REQP-1839]' to change the number of messages that should be reported.
INFO: [Vivado_Tcl 4-198] DRC finished with 0 Errors, 34 Warnings
INFO: [Vivado_Tcl 4-199] Please refer to the DRC report (report_drc) for more information.

Starting Placer Task
INFO: [Place 46-5] The placer was invoked with the 'RuntimeOptimized' directive.
INFO: [Place 30-611] Multithreading enabled for place_design using a maximum of 8 CPUs

Phase 1 Placer Initialization

Phase 1.1 Placer Initialization Netlist Sorting
Netlist sorting complete. Time (s): cpu = 00:00:00.02 ; elapsed = 00:00:00.03 . Memory (MB): peak = 4507.145 ; gain = 0.000 ; free physical = 37661 ; free virtual = 45557
Phase 1.1 Placer Initialization Netlist Sorting | Checksum: 14c28b55c

Time (s): cpu = 00:00:01 ; elapsed = 00:00:01 . Memory (MB): peak = 4507.145 ; gain = 0.000 ; free physical = 37661 ; free virtual = 45557
Netlist sorting complete. Time (s): cpu = 00:00:00.02 ; elapsed = 00:00:00.02 . Memory (MB): peak = 4507.145 ; gain = 0.000 ; free physical = 37661 ; free virtual = 45557

Phase 1.2 IO Placement/ Clock Placement/ Build Placer Device
INFO: [Timing 38-35] Done setting XDC timing constraints.
GCIO site IOB_X0Y22
GCIO site IOB_X0Y24
GCIO site IOB_X0Y26
GCIO site IOB_X0Y28
GCIO site IOB_X1Y22
GCIO site IOB_X1Y24
GCIO site IOB_X1Y26
GCIO site IOB_X1Y28
GCIO site IOB_X0Y72
GCIO site IOB_X0Y74
GCIO site IOB_X0Y76
GCIO site IOB_X0Y78
GCIO site IOB_X1Y72
GCIO site IOB_X1Y74
GCIO site IOB_X1Y76
GCIO site IOB_X1Y78
GCIO site IOB_X0Y122
GCIO site IOB_X0Y124
GCIO site IOB_X0Y126
GCIO site IOB_X0Y128
GCIO site IOB_X1Y122
GCIO site IOB_X1Y124
GCIO site IOB_X1Y126
GCIO site IOB_X1Y128
GCIO site IOB_X0Y172
GCIO site IOB_X0Y174
GCIO site IOB_X0Y176
GCIO site IOB_X0Y178
GCIO site IOB_X0Y222
GCIO site IOB_X0Y224
GCIO site IOB_X0Y226
GCIO site IOB_X0Y228
GCIO site IOB_X0Y272
GCIO site IOB_X0Y274
GCIO site IOB_X0Y276
GCIO site IOB_X0Y278
GCIO site IOB_X0Y322
GCIO site IOB_X0Y324
GCIO site IOB_X0Y326
GCIO site IOB_X0Y328
WARNING: [Place 30-575] Sub-optimal placement for a clock-capable IO pin and MMCM pair. This is normally an ERROR but the CLOCK_DEDICATED_ROUTE constraint is set to FALSE allowing your design to continue. The use of this override is highly discouraged as it may lead to very poor timing results. It is recommended that this error condition be corrected in the design.

	i_ddr/u_xlnx_mig_7_ddr3_mig/u_ddr3_clk_ibuf/diff_input_clk.u_ibufg_sys_clk (IBUFDS.O) is locked to IOB_X1Y76
	i_ddr/u_xlnx_mig_7_ddr3_mig/u_iodelay_ctrl/clk_ref_mmcm_gen.mmcm_i (MMCME2_ADV.CLKIN1) is locked to MMCME2_ADV_X0Y3
Resolution: A dedicated routing path between the two can be used if: (a) The clock-capable IO (CCIO) is placed on a CCIO capable site (b) The MMCM is placed in the same clock region as the CCIO pin. If the IOB is driving multiple MMCMs, all MMCMs must be placed in the same clock region, one clock region above or one clock region below the IOB. Both the above conditions must be met at the same time, else it may lead to longer and less predictable clock insertion delays.
Phase 1.2 IO Placement/ Clock Placement/ Build Placer Device | Checksum: dc47688f

Time (s): cpu = 00:00:28 ; elapsed = 00:00:25 . Memory (MB): peak = 4817.969 ; gain = 310.824 ; free physical = 37306 ; free virtual = 45202

Phase 1.3 Build Placer Netlist Model
Phase 1.3 Build Placer Netlist Model | Checksum: 1ac1a3a20

Time (s): cpu = 00:02:35 ; elapsed = 00:01:18 . Memory (MB): peak = 5155.848 ; gain = 648.703 ; free physical = 36920 ; free virtual = 44829

Phase 1.4 Constrain Clocks/Macros
Phase 1.4 Constrain Clocks/Macros | Checksum: 1ac1a3a20

Time (s): cpu = 00:02:36 ; elapsed = 00:01:19 . Memory (MB): peak = 5155.848 ; gain = 648.703 ; free physical = 36933 ; free virtual = 44842
Phase 1 Placer Initialization | Checksum: 1ac1a3a20

Time (s): cpu = 00:02:58 ; elapsed = 00:01:29 . Memory (MB): peak = 5179.859 ; gain = 672.715 ; free physical = 37018 ; free virtual = 44920

Phase 2 Global Placement

Phase 2.1 Floorplanning
Phase 2.1 Floorplanning | Checksum: 2840b79bf

Time (s): cpu = 00:04:03 ; elapsed = 00:01:48 . Memory (MB): peak = 5235.887 ; gain = 728.742 ; free physical = 36968 ; free virtual = 44868

Phase 2.2 Update Timing before SLR Path Opt
Phase 2.2 Update Timing before SLR Path Opt | Checksum: 24ad8b939

Time (s): cpu = 00:05:32 ; elapsed = 00:02:11 . Memory (MB): peak = 5235.887 ; gain = 728.742 ; free physical = 36978 ; free virtual = 44879

Phase 2.3 Post-Processing in Floorplanning
Phase 2.3 Post-Processing in Floorplanning | Checksum: 24ad8b939

Time (s): cpu = 00:05:33 ; elapsed = 00:02:12 . Memory (MB): peak = 5235.887 ; gain = 728.742 ; free physical = 36979 ; free virtual = 44879

Phase 2.4 Global Placement Core
Phase 2.4 Global Placement Core | Checksum: 28c6d3c39

Time (s): cpu = 00:05:54 ; elapsed = 00:02:25 . Memory (MB): peak = 5235.887 ; gain = 728.742 ; free physical = 36863 ; free virtual = 44763
Phase 2 Global Placement | Checksum: 28c6d3c39

Time (s): cpu = 00:05:54 ; elapsed = 00:02:26 . Memory (MB): peak = 5235.887 ; gain = 728.742 ; free physical = 36893 ; free virtual = 44793

Phase 3 Detail Placement

Phase 3.1 Commit Multi Column Macros
Phase 3.1 Commit Multi Column Macros | Checksum: 2532f4f5a

Time (s): cpu = 00:06:03 ; elapsed = 00:02:37 . Memory (MB): peak = 5235.887 ; gain = 728.742 ; free physical = 36918 ; free virtual = 44818

Phase 3.2 Commit Most Macros & LUTRAMs
Phase 3.2 Commit Most Macros & LUTRAMs | Checksum: 24fa34577

Time (s): cpu = 00:06:05 ; elapsed = 00:02:39 . Memory (MB): peak = 5235.887 ; gain = 728.742 ; free physical = 36906 ; free virtual = 44806

Phase 3.3 Area Swap Optimization
Phase 3.3 Area Swap Optimization | Checksum: 1f4780f48

Time (s): cpu = 00:06:07 ; elapsed = 00:02:40 . Memory (MB): peak = 5235.887 ; gain = 728.742 ; free physical = 36906 ; free virtual = 44806

Phase 3.4 Pipeline Register Optimization
Phase 3.4 Pipeline Register Optimization | Checksum: 1f4780f48

Time (s): cpu = 00:06:08 ; elapsed = 00:02:41 . Memory (MB): peak = 5235.887 ; gain = 728.742 ; free physical = 36907 ; free virtual = 44808

Phase 3.5 Fast Optimization
Phase 3.5 Fast Optimization | Checksum: 22e361c2f

Time (s): cpu = 00:07:45 ; elapsed = 00:03:10 . Memory (MB): peak = 5235.887 ; gain = 728.742 ; free physical = 36912 ; free virtual = 44812

Phase 3.6 Small Shape Detail Placement
Phase 3.6 Small Shape Detail Placement | Checksum: 166ab30cb

Time (s): cpu = 00:07:49 ; elapsed = 00:03:13 . Memory (MB): peak = 5235.887 ; gain = 728.742 ; free physical = 36893 ; free virtual = 44793

Phase 3.7 Re-assign LUT pins
Phase 3.7 Re-assign LUT pins | Checksum: 166ab30cb

Time (s): cpu = 00:07:50 ; elapsed = 00:03:14 . Memory (MB): peak = 5235.887 ; gain = 728.742 ; free physical = 36906 ; free virtual = 44807

Phase 3.8 Pipeline Register Optimization
Phase 3.8 Pipeline Register Optimization | Checksum: 166ab30cb

Time (s): cpu = 00:07:51 ; elapsed = 00:03:15 . Memory (MB): peak = 5235.887 ; gain = 728.742 ; free physical = 36919 ; free virtual = 44820

Phase 3.9 Fast Optimization
Phase 3.9 Fast Optimization | Checksum: 13e324cad

Time (s): cpu = 00:09:29 ; elapsed = 00:03:45 . Memory (MB): peak = 5235.887 ; gain = 728.742 ; free physical = 36925 ; free virtual = 44825
Phase 3 Detail Placement | Checksum: 13e324cad

Time (s): cpu = 00:09:30 ; elapsed = 00:03:46 . Memory (MB): peak = 5235.887 ; gain = 728.742 ; free physical = 36925 ; free virtual = 44825

Phase 4 Post Placement Optimization and Clean-Up

Phase 4.1 Post Commit Optimization
INFO: [Timing 38-35] Done setting XDC timing constraints.

Phase 4.1.1 Post Placement Optimization
Post Placement Optimization Initialization | Checksum: 169c610db

Phase 4.1.1.1 BUFG Insertion

Starting Physical Synthesis Task

Phase 1 Physical Synthesis Initialization
INFO: [Physopt 32-721] Multithreading enabled for phys_opt_design using a maximum of 8 CPUs
INFO: [Physopt 32-619] Estimated Timing Summary | WNS=-0.350 | TNS=-3.749 |
Phase 1 Physical Synthesis Initialization | Checksum: 14fba1b4a

Time (s): cpu = 00:00:19 ; elapsed = 00:00:07 . Memory (MB): peak = 5244.824 ; gain = 0.000 ; free physical = 37018 ; free virtual = 44918
INFO: [Place 46-56] BUFG insertion identified 0 candidate nets. Inserted BUFG: 0, Replicated BUFG Driver: 0, Skipped due to Placement/Routing Conflicts: 0, Skipped due to Timing Degradation: 0, Skipped due to Illegal Netlist: 0.
Ending Physical Synthesis Task | Checksum: 1b2b70372

Time (s): cpu = 00:00:23 ; elapsed = 00:00:10 . Memory (MB): peak = 5244.824 ; gain = 0.000 ; free physical = 37011 ; free virtual = 44911
Phase 4.1.1.1 BUFG Insertion | Checksum: 169c610db

Time (s): cpu = 00:11:49 ; elapsed = 00:04:34 . Memory (MB): peak = 5244.824 ; gain = 737.680 ; free physical = 37005 ; free virtual = 44905

Phase 4.1.1.2 Post Placement Timing Optimization
INFO: [Place 30-746] Post Placement Timing Summary WNS=-0.350. For the most accurate timing information please run report_timing.
Phase 4.1.1.2 Post Placement Timing Optimization | Checksum: 16c332387

Time (s): cpu = 00:11:51 ; elapsed = 00:04:36 . Memory (MB): peak = 5244.824 ; gain = 737.680 ; free physical = 36998 ; free virtual = 44898

Time (s): cpu = 00:11:51 ; elapsed = 00:04:36 . Memory (MB): peak = 5244.824 ; gain = 737.680 ; free physical = 37002 ; free virtual = 44902
Phase 4.1 Post Commit Optimization | Checksum: 16c332387

Time (s): cpu = 00:11:52 ; elapsed = 00:04:37 . Memory (MB): peak = 5244.824 ; gain = 737.680 ; free physical = 37002 ; free virtual = 44902

Phase 4.2 Post Placement Cleanup
Phase 4.2 Post Placement Cleanup | Checksum: 222854b6f

Time (s): cpu = 00:11:55 ; elapsed = 00:04:40 . Memory (MB): peak = 5244.824 ; gain = 737.680 ; free physical = 37011 ; free virtual = 44911

Phase 4.3 Placer Reporting

Phase 4.3.1 Print Estimated Congestion
INFO: [Place 30-612] Post-Placement Estimated Congestion 
 ____________________________________________________
|           | Global Congestion | Short Congestion  |
| Direction | Region Size       | Region Size       |
|___________|___________________|___________________|
|      North|                8x8|                8x8|
|___________|___________________|___________________|
|      South|                8x8|                8x8|
|___________|___________________|___________________|
|       East|                8x8|              16x16|
|___________|___________________|___________________|
|       West|                8x8|                4x4|
|___________|___________________|___________________|

Phase 4.3.1 Print Estimated Congestion | Checksum: 222854b6f

Time (s): cpu = 00:11:57 ; elapsed = 00:04:43 . Memory (MB): peak = 5244.824 ; gain = 737.680 ; free physical = 37014 ; free virtual = 44914
Phase 4.3 Placer Reporting | Checksum: 222854b6f

Time (s): cpu = 00:11:59 ; elapsed = 00:04:46 . Memory (MB): peak = 5244.824 ; gain = 737.680 ; free physical = 37014 ; free virtual = 44914

Phase 4.4 Final Placement Cleanup
Netlist sorting complete. Time (s): cpu = 00:00:00.01 ; elapsed = 00:00:00 . Memory (MB): peak = 5244.824 ; gain = 0.000 ; free physical = 37031 ; free virtual = 44931

Time (s): cpu = 00:12:00 ; elapsed = 00:04:46 . Memory (MB): peak = 5244.824 ; gain = 737.680 ; free physical = 37031 ; free virtual = 44931
Phase 4 Post Placement Optimization and Clean-Up | Checksum: 17f8302ca

Time (s): cpu = 00:12:02 ; elapsed = 00:04:48 . Memory (MB): peak = 5244.824 ; gain = 737.680 ; free physical = 37031 ; free virtual = 44931
Ending Placer Task | Checksum: f0d1bdb6

Time (s): cpu = 00:12:04 ; elapsed = 00:04:51 . Memory (MB): peak = 5244.824 ; gain = 737.680 ; free physical = 37079 ; free virtual = 44979
INFO: [Common 17-83] Releasing license: Implementation
18 Infos, 2 Warnings, 0 Critical Warnings and 0 Errors encountered.
place_design completed successfully
place_design: Time (s): cpu = 00:12:28 ; elapsed = 00:05:04 . Memory (MB): peak = 5244.824 ; gain = 812.691 ; free physical = 37390 ; free virtual = 45290
# puts "==> phys_opt_design..."
==> phys_opt_design...
# phys_opt_design
Command: phys_opt_design
Attempting to get a license for feature 'Implementation' and/or device 'xc7k325t'
INFO: [Common 17-349] Got license for feature 'Implementation' and/or device 'xc7k325t'
INFO: [Common 17-1540] The version limit for your license is '2025.06' and has expired for new software. A version limit expiration means that, although you may be able to continue to use the current version of tools or IP with this license, you will not be eligible for new releases.

Starting Initial Update Timing Task

Time (s): cpu = 00:01:58 ; elapsed = 00:00:32 . Memory (MB): peak = 5268.836 ; gain = 0.000 ; free physical = 37324 ; free virtual = 45224
INFO: [Vivado_Tcl 4-1435] PhysOpt_Tcl_Interface Runtime Before Starting Physical Synthesis Task | CPU: 178.76s |  WALL: 39.68s
Netlist sorting complete. Time (s): cpu = 00:00:00.02 ; elapsed = 00:00:00.03 . Memory (MB): peak = 5268.836 ; gain = 0.000 ; free physical = 37324 ; free virtual = 45224

Starting Physical Synthesis Task

Phase 1 Physical Synthesis Initialization
INFO: [Physopt 32-245] Routed nets are present in the design. phys_opt_design will optimize unrouted part of the design.
INFO: [Physopt 32-721] Multithreading enabled for phys_opt_design using a maximum of 8 CPUs
INFO: [Physopt 32-619] Estimated Timing Summary | WNS=-0.350 | TNS=-3.749 |
Phase 1 Physical Synthesis Initialization | Checksum: 187f34b1e

Time (s): cpu = 00:01:08 ; elapsed = 00:00:31 . Memory (MB): peak = 5308.824 ; gain = 39.988 ; free physical = 37224 ; free virtual = 45125
INFO: [Physopt 32-245] Routed nets are present in the design. phys_opt_design will optimize unrouted part of the design.
INFO: [Physopt 32-619] Estimated Timing Summary | WNS=-0.350 | TNS=-3.749 |

Phase 2 DSP Register Optimization
INFO: [Physopt 32-896] DSP i_ariane/i_cva6/ex_stage_i/fpu_gen.fpu_i/fpu_gen.i_fpnew_bulk/gen_operation_groups[0].i_opgroup_block/gen_parallel_slices[0].active_format.i_fmt_slice/gen_num_lanes[0].active_lane.lane_instance.i_fma/product is not considered for optimization due to don't touch constraint
INFO: [Physopt 32-896] DSP i_ariane/i_cva6/ex_stage_i/fpu_gen.fpu_i/fpu_gen.i_fpnew_bulk/gen_operation_groups[0].i_opgroup_block/gen_parallel_slices[0].active_format.i_fmt_slice/gen_num_lanes[0].active_lane.lane_instance.i_fma/product__0 is not considered for optimization due to don't touch constraint
INFO: [Physopt 32-896] DSP i_ariane/i_cva6/ex_stage_i/fpu_gen.fpu_i/fpu_gen.i_fpnew_bulk/gen_operation_groups[0].i_opgroup_block/gen_parallel_slices[1].active_format.i_fmt_slice/gen_num_lanes[0].active_lane.lane_instance.i_fma/product is not considered for optimization due to don't touch constraint
INFO: [Physopt 32-896] DSP i_ariane/i_cva6/ex_stage_i/fpu_gen.fpu_i/fpu_gen.i_fpnew_bulk/gen_operation_groups[0].i_opgroup_block/gen_parallel_slices[1].active_format.i_fmt_slice/gen_num_lanes[0].active_lane.lane_instance.i_fma/product__0 is not considered for optimization due to don't touch constraint
INFO: [Physopt 32-896] DSP i_ariane/i_cva6/ex_stage_i/fpu_gen.fpu_i/fpu_gen.i_fpnew_bulk/gen_operation_groups[0].i_opgroup_block/gen_parallel_slices[1].active_format.i_fmt_slice/gen_num_lanes[0].active_lane.lane_instance.i_fma/product__1 is not considered for optimization due to don't touch constraint
INFO: [Physopt 32-896] DSP i_ariane/i_cva6/ex_stage_i/fpu_gen.fpu_i/fpu_gen.i_fpnew_bulk/gen_operation_groups[0].i_opgroup_block/gen_parallel_slices[1].active_format.i_fmt_slice/gen_num_lanes[0].active_lane.lane_instance.i_fma/product__2 is not considered for optimization due to don't touch constraint
INFO: [Physopt 32-896] DSP i_ariane/i_cva6/ex_stage_i/fpu_gen.fpu_i/fpu_gen.i_fpnew_bulk/gen_operation_groups[0].i_opgroup_block/gen_parallel_slices[1].active_format.i_fmt_slice/gen_num_lanes[0].active_lane.lane_instance.i_fma/product__3 is not considered for optimization due to don't touch constraint
INFO: [Physopt 32-896] DSP i_ariane/i_cva6/ex_stage_i/fpu_gen.fpu_i/fpu_gen.i_fpnew_bulk/gen_operation_groups[0].i_opgroup_block/gen_parallel_slices[1].active_format.i_fmt_slice/gen_num_lanes[0].active_lane.lane_instance.i_fma/product__4 is not considered for optimization due to don't touch constraint
INFO: [Physopt 32-896] DSP i_ariane/i_cva6/ex_stage_i/fpu_gen.fpu_i/fpu_gen.i_fpnew_bulk/gen_operation_groups[0].i_opgroup_block/gen_parallel_slices[1].active_format.i_fmt_slice/gen_num_lanes[0].active_lane.lane_instance.i_fma/product__5 is not considered for optimization due to don't touch constraint
INFO: [Physopt 32-896] DSP i_ariane/i_cva6/ex_stage_i/fpu_gen.fpu_i/fpu_gen.i_fpnew_bulk/gen_operation_groups[0].i_opgroup_block/gen_parallel_slices[1].active_format.i_fmt_slice/gen_num_lanes[0].active_lane.lane_instance.i_fma/product__6 is not considered for optimization due to don't touch constraint
INFO: [Physopt 32-896] DSP i_ariane/i_cva6/ex_stage_i/fpu_gen.fpu_i/fpu_gen.i_fpnew_bulk/gen_operation_groups[0].i_opgroup_block/gen_parallel_slices[1].active_format.i_fmt_slice/gen_num_lanes[0].active_lane.lane_instance.i_fma/product__7 is not considered for optimization due to don't touch constraint
INFO: [Physopt 32-896] DSP i_ariane/i_cva6/ex_stage_i/i_mult/i_multiplier/mult_result_d is not considered for optimization due to don't touch constraint
INFO: [Physopt 32-896] DSP i_ariane/i_cva6/ex_stage_i/i_mult/i_multiplier/mult_result_d__0 is not considered for optimization due to don't touch constraint
INFO: [Physopt 32-896] DSP i_ariane/i_cva6/ex_stage_i/i_mult/i_multiplier/mult_result_d__1 is not considered for optimization due to don't touch constraint
INFO: [Physopt 32-896] DSP i_ariane/i_cva6/ex_stage_i/i_mult/i_multiplier/mult_result_d__10 is not considered for optimization due to don't touch constraint
INFO: [Physopt 32-896] DSP i_ariane/i_cva6/ex_stage_i/i_mult/i_multiplier/mult_result_d__11 is not considered for optimization due to don't touch constraint
INFO: [Physopt 32-896] DSP i_ariane/i_cva6/ex_stage_i/i_mult/i_multiplier/mult_result_d__12 is not considered for optimization due to don't touch constraint
INFO: [Physopt 32-896] DSP i_ariane/i_cva6/ex_stage_i/i_mult/i_multiplier/mult_result_d__13 is not considered for optimization due to don't touch constraint
INFO: [Physopt 32-896] DSP i_ariane/i_cva6/ex_stage_i/i_mult/i_multiplier/mult_result_d__14 is not considered for optimization due to don't touch constraint
INFO: [Physopt 32-896] DSP i_ariane/i_cva6/ex_stage_i/i_mult/i_multiplier/mult_result_d__2 is not considered for optimization due to don't touch constraint
INFO: [Physopt 32-896] DSP i_ariane/i_cva6/ex_stage_i/i_mult/i_multiplier/mult_result_d__3 is not considered for optimization due to don't touch constraint
INFO: [Physopt 32-896] DSP i_ariane/i_cva6/ex_stage_i/i_mult/i_multiplier/mult_result_d__4 is not considered for optimization due to don't touch constraint
INFO: [Physopt 32-896] DSP i_ariane/i_cva6/ex_stage_i/i_mult/i_multiplier/mult_result_d__5 is not considered for optimization due to don't touch constraint
INFO: [Physopt 32-896] DSP i_ariane/i_cva6/ex_stage_i/i_mult/i_multiplier/mult_result_d__6 is not considered for optimization due to don't touch constraint
INFO: [Physopt 32-896] DSP i_ariane/i_cva6/ex_stage_i/i_mult/i_multiplier/mult_result_d__7 is not considered for optimization due to don't touch constraint
INFO: [Physopt 32-896] DSP i_ariane/i_cva6/ex_stage_i/i_mult/i_multiplier/mult_result_d__8 is not considered for optimization due to don't touch constraint
INFO: [Physopt 32-896] DSP i_ariane/i_cva6/ex_stage_i/i_mult/i_multiplier/mult_result_d__9 is not considered for optimization due to don't touch constraint
INFO: [Physopt 32-456] No candidate cells for DSP register optimization found in the design.
INFO: [Physopt 32-775] End 2 Pass. Optimized 0 net or cell. Created 0 new cell, deleted 0 existing cell and moved 0 existing cell
Phase 2 DSP Register Optimization | Checksum: 187f34b1e

Time (s): cpu = 00:01:12 ; elapsed = 00:00:34 . Memory (MB): peak = 5308.824 ; gain = 39.988 ; free physical = 37224 ; free virtual = 45124

Phase 3 Critical Path Optimization
INFO: [Physopt 32-619] Estimated Timing Summary | WNS=-0.350 | TNS=-3.749 |
INFO: [Physopt 32-619] Estimated Timing Summary | WNS=-0.350 | TNS=-3.749 |
Phase 3 Critical Path Optimization | Checksum: 187f34b1e

Time (s): cpu = 00:01:17 ; elapsed = 00:00:35 . Memory (MB): peak = 5308.824 ; gain = 39.988 ; free physical = 37238 ; free virtual = 45138
Netlist sorting complete. Time (s): cpu = 00:00:00.02 ; elapsed = 00:00:00.02 . Memory (MB): peak = 5308.824 ; gain = 0.000 ; free physical = 37238 ; free virtual = 45138
INFO: [Physopt 32-603] Post Physical Optimization Timing Summary | WNS=-0.350 | TNS=-3.749 |

Summary of Physical Synthesis Optimizations
============================================


-------------------------------------------------------------------------------------------------------------------------------------------------------------
|  Optimization   |  WNS Gain (ns)  |  TNS Gain (ns)  |  Added Cells  |  Removed Cells  |  Optimized Cells/Nets  |  Dont Touch  |  Iterations  |  Elapsed   |
-------------------------------------------------------------------------------------------------------------------------------------------------------------
|  DSP Register   |          0.000  |          0.000  |            0  |              0  |                     0  |          27  |           1  |  00:00:00  |
|  Critical Path  |          0.000  |          0.000  |            0  |              0  |                     0  |           0  |           1  |  00:00:01  |
|  Total          |          0.000  |          0.000  |            0  |              0  |                     0  |          27  |           2  |  00:00:01  |
-------------------------------------------------------------------------------------------------------------------------------------------------------------


Netlist sorting complete. Time (s): cpu = 00:00:00.02 ; elapsed = 00:00:00.02 . Memory (MB): peak = 5308.824 ; gain = 0.000 ; free physical = 37238 ; free virtual = 45138
Ending Physical Synthesis Task | Checksum: 146f9fee2

Time (s): cpu = 00:01:20 ; elapsed = 00:00:39 . Memory (MB): peak = 5308.824 ; gain = 39.988 ; free physical = 37240 ; free virtual = 45140
INFO: [Common 17-83] Releasing license: Implementation
41 Infos, 0 Warnings, 0 Critical Warnings and 0 Errors encountered.
phys_opt_design completed successfully
phys_opt_design: Time (s): cpu = 00:03:38 ; elapsed = 00:01:19 . Memory (MB): peak = 5308.824 ; gain = 64.000 ; free physical = 37341 ; free virtual = 45241
# puts "==> route_design..."
==> route_design...
# route_design -directive NoTimingRelaxation
Command: route_design -directive NoTimingRelaxation
Attempting to get a license for feature 'Implementation' and/or device 'xc7k325t'
INFO: [Common 17-349] Got license for feature 'Implementation' and/or device 'xc7k325t'
INFO: [Common 17-1540] The version limit for your license is '2025.06' and has expired for new software. A version limit expiration means that, although you may be able to continue to use the current version of tools or IP with this license, you will not be eligible for new releases.
Running DRC as a precondition to command route_design
INFO: [DRC 23-27] Running DRC with 8 threads
GCIO site IOB_X0Y22
GCIO site IOB_X0Y24
GCIO site IOB_X0Y26
GCIO site IOB_X0Y28
GCIO site IOB_X1Y22
GCIO site IOB_X1Y24
GCIO site IOB_X1Y26
GCIO site IOB_X1Y28
GCIO site IOB_X0Y72
GCIO site IOB_X0Y74
GCIO site IOB_X0Y76
GCIO site IOB_X0Y78
GCIO site IOB_X1Y72
GCIO site IOB_X1Y74
GCIO site IOB_X1Y76
GCIO site IOB_X1Y78
GCIO site IOB_X0Y122
GCIO site IOB_X0Y124
GCIO site IOB_X0Y126
GCIO site IOB_X0Y128
GCIO site IOB_X1Y122
GCIO site IOB_X1Y124
GCIO site IOB_X1Y126
GCIO site IOB_X1Y128
GCIO site IOB_X0Y172
GCIO site IOB_X0Y174
GCIO site IOB_X0Y176
GCIO site IOB_X0Y178
GCIO site IOB_X0Y222
GCIO site IOB_X0Y224
GCIO site IOB_X0Y226
GCIO site IOB_X0Y228
GCIO site IOB_X0Y272
GCIO site IOB_X0Y274
GCIO site IOB_X0Y276
GCIO site IOB_X0Y278
GCIO site IOB_X0Y322
GCIO site IOB_X0Y324
GCIO site IOB_X0Y326
GCIO site IOB_X0Y328
INFO: [Vivado_Tcl 4-198] DRC finished with 0 Errors, 1 Warnings
INFO: [Vivado_Tcl 4-199] Please refer to the DRC report (report_drc) for more information.


Starting Routing Task
INFO: [Route 35-270] Using Router directive 'NoTimingRelaxation'.
INFO: [Route 35-254] Multithreading enabled for route_design using a maximum of 8 CPUs

Phase 1 Build RT Design
Checksum: PlaceDB: 38eef2a8 ConstDB: 0 ShapeSum: 38d5e73b RouteDB: b65227e8
Post Restoration Checksum: NetGraph: d94811c1 NumContArr: 1d320c1d Constraints: 4c1b149d Timing: 0
Phase 1 Build RT Design | Checksum: 14295327b

Time (s): cpu = 00:04:17 ; elapsed = 00:01:22 . Memory (MB): peak = 5340.840 ; gain = 0.000 ; free physical = 37078 ; free virtual = 44975

Phase 2 Router Initialization

Phase 2.1 Fix Topology Constraints
Phase 2.1 Fix Topology Constraints | Checksum: 14295327b

Time (s): cpu = 00:04:19 ; elapsed = 00:01:24 . Memory (MB): peak = 5340.840 ; gain = 0.000 ; free physical = 37000 ; free virtual = 44896

Phase 2.2 Pre Route Cleanup
Phase 2.2 Pre Route Cleanup | Checksum: 14295327b

Time (s): cpu = 00:04:19 ; elapsed = 00:01:25 . Memory (MB): peak = 5340.840 ; gain = 0.000 ; free physical = 36997 ; free virtual = 44893
 Number of Nodes with overlaps = 0

Phase 2.3 Update Timing
Phase 2.3 Update Timing | Checksum: 1cb225c9d

Time (s): cpu = 00:07:56 ; elapsed = 00:02:37 . Memory (MB): peak = 5340.840 ; gain = 0.000 ; free physical = 36863 ; free virtual = 44760
INFO: [Route 35-416] Intermediate Timing Summary | WNS=-0.437 | TNS=-5.337 | WHS=-0.163 | THS=-202.685|


Phase 2.4 Update Timing for Bus Skew

Phase 2.4.1 Update Timing
Phase 2.4.1 Update Timing | Checksum: 22d479b20

Time (s): cpu = 00:08:45 ; elapsed = 00:02:59 . Memory (MB): peak = 5340.840 ; gain = 0.000 ; free physical = 36865 ; free virtual = 44762
INFO: [Route 35-416] Intermediate Timing Summary | WNS=-0.437 | TNS=-3.724 | WHS=N/A    | THS=N/A    |

Phase 2.4 Update Timing for Bus Skew | Checksum: 1aaec52ea

Time (s): cpu = 00:08:46 ; elapsed = 00:03:00 . Memory (MB): peak = 5340.840 ; gain = 0.000 ; free physical = 36867 ; free virtual = 44763

Router Utilization Summary
  Global Vertical Routing Utilization    = 0 %
  Global Horizontal Routing Utilization  = 0 %
  Routable Net Status*
  *Does not include unroutable nets such as driverless and loadless.
  Run report_route_status for detailed report.
  Number of Failed Nets               = 819
    (Failed Nets is the sum of unrouted and partially routed nets)
  Number of Unrouted Nets             = 804
  Number of Partially Routed Nets     = 15
  Number of Node Overlaps             = 0

Phase 2 Router Initialization | Checksum: 26e444d1f

Time (s): cpu = 00:08:48 ; elapsed = 00:03:01 . Memory (MB): peak = 5340.840 ; gain = 0.000 ; free physical = 36806 ; free virtual = 44703

Phase 3 Initial Routing

Phase 3.1 Global Routing
Phase 3.1 Global Routing | Checksum: 26e444d1f

Time (s): cpu = 00:08:48 ; elapsed = 00:03:01 . Memory (MB): peak = 5340.840 ; gain = 0.000 ; free physical = 36806 ; free virtual = 44703
WARNING: [Route 35-3387] High violations detected on bus-skew constraints. This can potentially cause WNS degradation and routing congestion.
Resolution: Please review the set_bus_skew constraints.
Phase 3 Initial Routing | Checksum: 15d79323b

Time (s): cpu = 00:08:50 ; elapsed = 00:03:02 . Memory (MB): peak = 5340.840 ; gain = 0.000 ; free physical = 36810 ; free virtual = 44707

Phase 4 Rip-up And Reroute

Phase 4.1 Global Iteration 0
 Number of Nodes with overlaps = 0
