#
# An unexpected error has occurred (11)
#
Stack:
/lib/x86_64-linux-gnu/libc.so.6(+0x42520) [0x704a3be42520]
/tools/Xilinx/Vivado/2022.2/lib/lnx64.o/librdi_project.so(HAPRDesignSpec::getDcpReader() const+0) [0x704a164b3d90]
/tools/Xilinx/Vivado/2022.2/lib/lnx64.o/librdi_tcltasks.so(+0x24821e2) [0x704a2da821e2]
/tools/Xilinx/Vivado/2022.2/lib/lnx64.o/librdi_common.so(+0xb9430f) [0x704a3d59430f]
/tools/Xilinx/Vivado/2022.2/lib/lnx64.o/libtcl8.5.so(+0x3356f) [0x704a36c3356f]
/tools/Xilinx/Vivado/2022.2/lib/lnx64.o/libtcl8.5.so(+0x34bf8) [0x704a36c34bf8]
/tools/Xilinx/Vivado/2022.2/lib/lnx64.o/libtcl8.5.so(Tcl_EvalEx+0x13) [0x704a36c35163]
/tools/Xilinx/Vivado/2022.2/lib/lnx64.o/libtcl8.5.so(Tcl_FSEvalFileEx+0x1da) [0x704a36c99d2a]
/tools/Xilinx/Vivado/2022.2/lib/lnx64.o/librdi_commontasks.so(+0x2752c0) [0x704a2fc752c0]
/tools/Xilinx/Vivado/2022.2/lib/lnx64.o/librdi_common.so(+0xb9430f) [0x704a3d59430f]
/tools/Xilinx/Vivado/2022.2/lib/lnx64.o/libtcl8.5.so(+0x3356f) [0x704a36c3356f]
/tools/Xilinx/Vivado/2022.2/lib/lnx64.o/libtcl8.5.so(Tcl_EvalObjv+0x32) [0x704a36c336a2]
/tools/Xilinx/Vivado/2022.2/lib/lnx64.o/libtcl8.5.so(TclEvalObjEx+0x322) [0x704a36c354c2]
/tools/Xilinx/Vivado/2022.2/lib/lnx64.o/librdi_commontasks.so(+0x2bb7f8) [0x704a2fcbb7f8]
/tools/Xilinx/Vivado/2022.2/lib/lnx64.o/librdi_commontasks.so(+0x2bcdff) [0x704a2fcbcdff]
/tools/Xilinx/Vivado/2022.2/lib/lnx64.o/librdi_common.so(+0xb9430f) [0x704a3d59430f]
/tools/Xilinx/Vivado/2022.2/lib/lnx64.o/libtcl8.5.so(+0x3356f) [0x704a36c3356f]
/tools/Xilinx/Vivado/2022.2/lib/lnx64.o/libtcl8.5.so(Tcl_EvalObjv+0x32) [0x704a36c336a2]
/tools/Xilinx/Vivado/2022.2/lib/lnx64.o/libtcl8.5.so(TclEvalObjEx+0x322) [0x704a36c354c2]
/tools/Xilinx/Vivado/2022.2/lib/lnx64.o/librdi_commonmain.so(+0xc3d8) [0x704a3e2513d8]
/tools/Xilinx/Vivado/2022.2/lib/lnx64.o/libtcl8.5.so(Tcl_Main+0x1d0) [0x704a36ca02f0]
/tools/Xilinx/Vivado/2022.2/lib/lnx64.o/librdi_common.so(+0xbc17ab) [0x704a3d5c17ab]
/lib/x86_64-linux-gnu/libc.so.6(+0x94ac3) [0x704a3be94ac3]
/lib/x86_64-linux-gnu/libc.so.6(+0x1268d0) [0x704a3bf268d0]
