#-----------------------------------------------------------
# Vivado v2022.2 (64-bit)
# SW Build 3671981 on Fri Oct 14 04:59:54 MDT 2022
# IP Build 3669848 on Fri Oct 14 08:30:02 MDT 2022
# Start of session at: Thu Apr  2 09:03:56 2026
# Process ID: 8722
# Current directory: /home/jc/tmp/riscv-iommu-demo
# Command line: vivado -mode tcl
# Log file: /home/jc/tmp/riscv-iommu-demo/vivado.log
# Journal file: /home/jc/tmp/riscv-iommu-demo/vivado.jou
# Running On: jc-VirtualBox, OS: Linux, CPU Frequency: 2995.200 MHz, CPU Physical cores: 24, Host memory: 21134 MB
#-----------------------------------------------------------
refresh_hw_device $dev
get_property REGISTER.CONFIG_STATUS $dev
set dev [lindex [get_hw_devices xc7k*] 0]
refresh_hw_device $dev
get_property REGISTER.CONFIG_STATUS $dev
open_hw_target
set dev [lindex [get_hw_devices xc7k*] 0]
current_hw_device $dev
refresh_hw_device $dev
get_property REGISTER.CONFIG_STATUS $dev
get_property REGISTER.CONFIG_STATUS $de
open_hw_target
set dev [lindex [get_hw_devices xc7k*] 0]
current_hw_device $dev
refresh_hw_device $dev
get_property REGISTER.CONFIG_STATUS $dev
open_hw_target
set dev [lindex [get_hw_devices xc7k*] 0]
current_hw_device $dev
refresh_hw_device $dev
open_hw_manager
connect_hw_server
open_hw_target
set dev [lindex [get_hw_devices xc7k*] 0]
current_hw_device $dev
refresh_hw_device $dev
get_property REGISTER.CONFIG_STATUS $dev
refresh_hw_device $dev
get_property REGISTER.CONFIG_STATUS $dev
