#-----------------------------------------------------------
# Vivado v2022.2 (64-bit)
# SW Build 3671981 on Fri Oct 14 04:59:54 MDT 2022
# IP Build 3669848 on Fri Oct 14 08:30:02 MDT 2022
# Start of session at: Fri Apr 24 08:33:15 2026
# Process ID: 7455
# Current directory: /home/jc/tmp/riscv-iommu-demo
# Command line: vivado -mode tcl
# Log file: /home/jc/tmp/riscv-iommu-demo/vivado.log
# Journal file: /home/jc/tmp/riscv-iommu-demo/vivado.jou
# Running On: jc-VirtualBox, OS: Linux, CPU Frequency: 2995.200 MHz, CPU Physical cores: 24, Host memory: 21133 MB
#-----------------------------------------------------------
open_checkpoint work-dpr/3_build_B_dpr/accel_B_accel1_routed.dcp
Command: open_checkpoint work-dpr/3_build_B_dpr/accel_B_accel1_routed.dcp

Starting open_checkpoint Task

Time (s): cpu = 00:00:00.01 ; elapsed = 00:00:00.02 . Memory (MB): peak = 1401.719 ; gain = 0.000 ; free physical = 13690 ; free virtual = 19679
ERROR: [Common 17-69] Command failed: File '/home/jc/tmp/riscv-iommu-demo/work-dpr/3_build_B_dpr/accel_B_accel1_routed.dcp' does not exist
  pr_verify -full_check -initial work-dpr/3_build_B_dpr/static_routed.dcp \             
Command: pr_verify -full_check -initial work-dpr/3_build_B_dpr/static_routed.dcp { }
ERROR: [Vivado 12-3499] Incorrect command format. Please use pr_verify in any of the three formats: (1) 'pr_verify DCP1 DCP2'; (2) 'pr_verify -initial DCP1 -additional {DCP2 DCP3 DCP4 ...}'; (3) 'pr_verify -in_memory -additional {DCP2 DCP3 DCP4}'. For format (3), it must have an in-memory design opened.
ERROR: [Common 17-39] 'pr_verify' failed due to earlier errors.
            -additional work-dpr/3_build_B_dpr/accel_A_accel1_routed.dcp
invalid command name "-additional"
pr_verify -initial /home/jc/tmp/riscv-iommu-demo/cva6/corev_apu/fpga/work-dpr/3_build_B_dpr/static_routed.dcp -additional
ERROR: [Common 17-157] Error parsing command line options, please type 'pr_verify -help' for usage info.
  {/home/jc/tmp/riscv-iommu-demo/cva6/corev_apu/fpga/work-dpr/3_build_B_dpr/accel_A_routed.dcp                                                                                    
  /home/jc/tmp/riscv-iommu-demo/cva6/corev_apu/fpga/work-dpr/3_build_B_dpr/accel_B_routed.dcp
  /home/jc/tmp/riscv-iommu-demo/cva6/corev_apu/fpga/work-dpr/3_build_B_dpr/accel_default_routed.dcp}
invalid command name "/home/jc/tmp/riscv-iommu-demo/cva6/corev_apu/fpga/work-dpr/3_build_B_dpr/accel_A_routed.dcp                                                                                    
  /home/jc/tmp/riscv-iommu-demo/cva6/corev_apu/fpga/work-dpr/3_build_B_dpr/accel_B_routed.dcp
  /home/jc/tmp/riscv-iommu-demo/cva6/corev_apu/fpga/work-dpr/3_build_B_dpr/accel_default_routed.dcp"
set W /home/jc/tmp/riscv-iommu-demo/cva6/corev_apu/fpga/work-dpr/3_build_B_dpr                                                                                                  
/home/jc/tmp/riscv-iommu-demo/cva6/corev_apu/fpga/work-dpr/3_build_B_dpr
  pr_verify -initial $W/static_routed.dcp -additional [list $W/accel_A_routed.dcp $W/accel_B_routed.dcp $W/accel_default_routed.dcp]
Command: pr_verify -initial /home/jc/tmp/riscv-iommu-demo/cva6/corev_apu/fpga/work-dpr/3_build_B_dpr/static_routed.dcp -additional {/home/jc/tmp/riscv-iommu-demo/cva6/corev_apu/fpga/work-dpr/3_build_B_dpr/accel_A_routed.dcp /home/jc/tmp/riscv-iommu-demo/cva6/corev_apu/fpga/work-dpr/3_build_B_dpr/accel_B_routed.dcp /home/jc/tmp/riscv-iommu-demo/cva6/corev_apu/fpga/work-dpr/3_build_B_dpr/accel_default_routed.dcp}
Command: open_checkpoint /home/jc/tmp/riscv-iommu-demo/cva6/corev_apu/fpga/work-dpr/3_build_B_dpr/static_routed.dcp

Starting open_checkpoint Task

Time (s): cpu = 00:00:00 ; elapsed = 00:00:00 . Memory (MB): peak = 1401.719 ; gain = 0.000 ; free physical = 13719 ; free virtual = 19717
INFO: [Device 21-403] Loading part xc7k325tffg900-2
Netlist sorting complete. Time (s): cpu = 00:00:00.69 ; elapsed = 00:00:00.69 . Memory (MB): peak = 2011.695 ; gain = 0.000 ; free physical = 12828 ; free virtual = 18923
INFO: [Netlist 29-17] Analyzing 9860 Unisim elements for replacement
INFO: [Netlist 29-28] Unisim Transformation completed in 0 CPU seconds
INFO: [Project 1-479] Netlist was created with Vivado 2022.2
INFO: [Project 1-570] Preparing netlist for logic optimization
WARNING: [Constraints 18-550] Could not create 'IBUF_LOW_PWR' constraint because net 'i_xlnx_clk_gen/clk_in1' is not directly connected to top level port. Synthesis is ignored for IBUF_LOW_PWR but preserved for implementation.
INFO: [Timing 38-478] Restoring timing data from binary archive.
INFO: [Timing 38-479] Binary timing data restore complete.
INFO: [Project 1-856] Restoring constraints from binary archive.
INFO: [Project 1-853] Binary constraint restore complete.
Reading XDEF placement.
Reading placer database...
Reading XDEF routing.
Read XDEF Files: Time (s): cpu = 00:00:08 ; elapsed = 00:00:08 . Memory (MB): peak = 3317.461 ; gain = 200.867 ; free physical = 11579 ; free virtual = 17712
Restored from archive | CPU: 8.040000 secs | Memory: 177.997292 MB |
Finished XDEF File Restore: Time (s): cpu = 00:00:08 ; elapsed = 00:00:08 . Memory (MB): peak = 3317.461 ; gain = 200.867 ; free physical = 11579 ; free virtual = 17712
INFO: [Project 1-486] Could not resolve non-primitive black box cell 'accel_wrap__parameterized0_bb' instantiated as 'i_ariane_peripherals/gen_dma.i_accel1' [/home/jc/tmp/riscv-iommu-demo/cva6/corev_apu/fpga/src/ariane_peripherals_xilinx.sv:747]
INFO: [Project 1-486] Could not resolve non-primitive black box cell 'accel_wrap_bb' instantiated as 'i_ariane_peripherals/gen_dma.gen_accel2.i_accel2' [/home/jc/tmp/riscv-iommu-demo/cva6/corev_apu/fpga/src/ariane_peripherals_xilinx.sv:992]
Netlist sorting complete. Time (s): cpu = 00:00:00.01 ; elapsed = 00:00:00.01 . Memory (MB): peak = 3317.461 ; gain = 0.000 ; free physical = 11581 ; free virtual = 17714
INFO: [Project 1-111] Unisim Transformation Summary:
  A total of 355 instances were transformed.
  IOBUF => IOBUF (IBUF, OBUFT): 1 instance 
  IOBUFDS_DIFF_OUT_DCIEN => IOBUFDS_DIFF_OUT_DCIEN (IBUFDS_IBUFDISABLE_INT(x2), INV, OBUFTDS_DCIEN(x2)): 4 instances
  IOBUF_DCIEN => IOBUF_DCIEN (IBUF_IBUFDISABLE, OBUFT_DCIEN): 32 instances
  LUT6_2 => LUT6_2 (LUT5, LUT6): 17 instances
  OBUFDS => OBUFDS_DUAL_BUF (INV, OBUFDS(x2)): 1 instance 
  RAM32M => RAM32M (RAMD32(x6), RAMS32(x2)): 282 instances
  RAM32X1D => RAM32X1D (RAMD32(x2)): 18 instances

INFO: [Project 1-604] Checkpoint was created with Vivado v2022.2 (64-bit) build 3671981
OpenCheckpoint Checksum | Checksum: 1312889e8
----- Checksum: PlaceDB: a3aaaccb ShapeSum: 84db85c2 RouteDB: 08a2575b 
open_checkpoint: Time (s): cpu = 00:00:33 ; elapsed = 00:00:39 . Memory (MB): peak = 3317.461 ; gain = 1915.742 ; free physical = 11586 ; free virtual = 17719
INFO: [Vivado 12-3501] pr_verify /home/jc/tmp/riscv-iommu-demo/cva6/corev_apu/fpga/work-dpr/3_build_B_dpr/static_routed.dcp /home/jc/tmp/riscv-iommu-demo/cva6/corev_apu/fpga/work-dpr/3_build_B_dpr/accel_A_routed.dcp
Netlist sorting complete. Time (s): cpu = 00:00:00.72 ; elapsed = 00:00:00.72 . Memory (MB): peak = 3543.453 ; gain = 0.000 ; free physical = 11346 ; free virtual = 17494
INFO: [Netlist 29-17] Analyzing 9860 Unisim elements for replacement
INFO: [Netlist 29-28] Unisim Transformation completed in 0 CPU seconds
INFO: [Project 1-479] Netlist was created with Vivado 2022.2
INFO: [Project 1-570] Preparing netlist for logic optimization
WARNING: [Constraints 18-550] Could not create 'IBUF_LOW_PWR' constraint because net 'i_xlnx_clk_gen/clk_in1' is not directly connected to top level port. Synthesis is ignored for IBUF_LOW_PWR but preserved for implementation.
INFO: [Timing 38-478] Restoring timing data from binary archive.
INFO: [Timing 38-479] Binary timing data restore complete.
INFO: [Project 1-856] Restoring constraints from binary archive.
INFO: [Project 1-853] Binary constraint restore complete.
Reading XDEF placement.
Reading placer database...
Reading XDEF routing.
Read XDEF Files: Time (s): cpu = 00:00:07 ; elapsed = 00:00:08 . Memory (MB): peak = 4368.922 ; gain = 199.984 ; free physical = 10568 ; free virtual = 16756
Restored from archive | CPU: 7.950000 secs | Memory: 178.847717 MB |
Finished XDEF File Restore: Time (s): cpu = 00:00:07 ; elapsed = 00:00:08 . Memory (MB): peak = 4368.922 ; gain = 199.984 ; free physical = 10568 ; free virtual = 16756
Netlist sorting complete. Time (s): cpu = 00:00:00.01 ; elapsed = 00:00:00.01 . Memory (MB): peak = 4368.922 ; gain = 0.000 ; free physical = 10568 ; free virtual = 16756
INFO: [Project 1-604] Checkpoint was created with Vivado v2022.2 (64-bit) build 3671981
INFO: [Constraints 18-1020] PR Verify Summary:
DCP1: /home/jc/tmp/riscv-iommu-demo/cva6/corev_apu/fpga/work-dpr/3_build_B_dpr/static_routed.dcp
  Number of reconfigurable modules compared = 2
  Number of partition pins compared         = 833
  Number of static tiles compared           = 14639
  Number of static sites compared           = 26796
  Number of static cells compared           = 189110
  Number of static routed nodes compared    = 2553384
  Number of static routed pips compared     = 2396534

DCP2: /home/jc/tmp/riscv-iommu-demo/cva6/corev_apu/fpga/work-dpr/3_build_B_dpr/accel_A_routed.dcp
  Number of reconfigurable modules compared = 2
  Number of partition pins compared         = 833
  Number of static tiles compared           = 14639
  Number of static sites compared           = 26796
  Number of static cells compared           = 189110
  Number of static routed nodes compared    = 2553384
  Number of static routed pips compared     = 2396534
INFO: [Vivado 12-3253] PR_VERIFY: check points /home/jc/tmp/riscv-iommu-demo/cva6/corev_apu/fpga/work-dpr/3_build_B_dpr/static_routed.dcp and /home/jc/tmp/riscv-iommu-demo/cva6/corev_apu/fpga/work-dpr/3_build_B_dpr/accel_A_routed.dcp are compatible
INFO: [Vivado 12-3501] pr_verify /home/jc/tmp/riscv-iommu-demo/cva6/corev_apu/fpga/work-dpr/3_build_B_dpr/static_routed.dcp /home/jc/tmp/riscv-iommu-demo/cva6/corev_apu/fpga/work-dpr/3_build_B_dpr/accel_B_routed.dcp
Netlist sorting complete. Time (s): cpu = 00:00:00.77 ; elapsed = 00:00:00.77 . Memory (MB): peak = 5000.922 ; gain = 0.000 ; free physical = 10319 ; free virtual = 16522
INFO: [Netlist 29-17] Analyzing 9860 Unisim elements for replacement
INFO: [Netlist 29-28] Unisim Transformation completed in 0 CPU seconds
INFO: [Project 1-479] Netlist was created with Vivado 2022.2
INFO: [Project 1-570] Preparing netlist for logic optimization
WARNING: [Constraints 18-550] Could not create 'IBUF_LOW_PWR' constraint because net 'i_xlnx_clk_gen/clk_in1' is not directly connected to top level port. Synthesis is ignored for IBUF_LOW_PWR but preserved for implementation.
INFO: [Timing 38-478] Restoring timing data from binary archive.
INFO: [Timing 38-479] Binary timing data restore complete.
INFO: [Project 1-856] Restoring constraints from binary archive.
INFO: [Project 1-853] Binary constraint restore complete.
Reading XDEF placement.
Reading placer database...
Reading XDEF routing.
Read XDEF Files: Time (s): cpu = 00:00:08 ; elapsed = 00:00:08 . Memory (MB): peak = 5425.938 ; gain = 200.984 ; free physical = 9550 ; free virtual = 15793
Restored from archive | CPU: 8.320000 secs | Memory: 179.546127 MB |
Finished XDEF File Restore: Time (s): cpu = 00:00:08 ; elapsed = 00:00:08 . Memory (MB): peak = 5425.938 ; gain = 200.984 ; free physical = 9550 ; free virtual = 15793
Netlist sorting complete. Time (s): cpu = 00:00:00.01 ; elapsed = 00:00:00.01 . Memory (MB): peak = 5425.938 ; gain = 0.000 ; free physical = 9551 ; free virtual = 15794
INFO: [Project 1-604] Checkpoint was created with Vivado v2022.2 (64-bit) build 3671981
INFO: [Common 17-41] Interrupt caught. Command should exit soon.
INFO: [Constraints 18-1020] PR Verify Summary:
DCP1: /home/jc/tmp/riscv-iommu-demo/cva6/corev_apu/fpga/work-dpr/3_build_B_dpr/static_routed.dcp
  Number of reconfigurable modules compared = 2
  Number of partition pins compared         = 833
  Number of static tiles compared           = 14639
  Number of static sites compared           = 26796
  Number of static cells compared           = 189110
  Number of static routed nodes compared    = 2553384
  Number of static routed pips compared     = 2396534

DCP2: /home/jc/tmp/riscv-iommu-demo/cva6/corev_apu/fpga/work-dpr/3_build_B_dpr/accel_B_routed.dcp
  Number of reconfigurable modules compared = 2
  Number of partition pins compared         = 833
  Number of static tiles compared           = 14639
  Number of static sites compared           = 26796
  Number of static cells compared           = 189110
  Number of static routed nodes compared    = 2553384
  Number of static routed pips compared     = 2396534
INFO: [Vivado 12-3253] PR_VERIFY: check points /home/jc/tmp/riscv-iommu-demo/cva6/corev_apu/fpga/work-dpr/3_build_B_dpr/static_routed.dcp and /home/jc/tmp/riscv-iommu-demo/cva6/corev_apu/fpga/work-dpr/3_build_B_dpr/accel_B_routed.dcp are compatible
INFO: [Vivado 12-3501] pr_verify /home/jc/tmp/riscv-iommu-demo/cva6/corev_apu/fpga/work-dpr/3_build_B_dpr/static_routed.dcp /home/jc/tmp/riscv-iommu-demo/cva6/corev_apu/fpga/work-dpr/3_build_B_dpr/accel_default_routed.dcp
INFO: [Project 1-604] Checkpoint was created with Vivado v2022.2 (64-bit) build 3671981
