#-----------------------------------------------------------
# Vivado v2022.2 (64-bit)
# SW Build 3671981 on Fri Oct 14 04:59:54 MDT 2022
# IP Build 3669848 on Fri Oct 14 08:30:02 MDT 2022
# Start of session at: Thu Apr  2 08:48:07 2026
# Process ID: 7066
# Current directory: /home/jc/tmp/riscv-iommu-demo
# Command line: vivado -mode tcl
# Log file: /home/jc/tmp/riscv-iommu-demo/vivado.log
# Journal file: /home/jc/tmp/riscv-iommu-demo/vivado.jou
# Running On: jc-VirtualBox, OS: Linux, CPU Frequency: 2995.200 MHz, CPU Physical cores: 24, Host memory: 21134 MB
#-----------------------------------------------------------
open_hw_manager
connect_hw_server
INFO: [Labtools 27-2285] Connecting to hw_server url TCP:localhost:3121
INFO: [Labtools 27-2222] Launching hw_server...
INFO: [Labtools 27-2221] Launch Output:

****** Xilinx hw_server v2022.2
  **** Build date : Oct 14 2022 at 05:10:28
    ** Copyright 1986-2022 Xilinx, Inc. All Rights Reserved.


INFO: [Labtools 27-3415] Connecting to cs_server url TCP:localhost:0
INFO: [Labtools 27-3417] Launching cs_server...
INFO: [Labtools 27-2221] Launch Output:


******** Xilinx cs_server v2022.2.0
  ****** Build date   : Oct 05 2022-01:25:37
    **** Build number : 2022.2.1664925937
      ** Copyright 2017-2026 Xilinx, Inc. All Rights Reserved.



connect_hw_server: Time (s): cpu = 00:00:00.69 ; elapsed = 00:00:06 . Memory (MB): peak = 1426.797 ; gain = 8.180 ; free physical = 13572 ; free virtual = 19810
localhost:3121
open_hw_target
INFO: [Labtoolstcl 44-466] Opening hw_target localhost:3121/xilinx_tcf/Digilent/200300BB8B2CB
set dev [lindex [get_hw_devices xc7k*] 0]
xc7k325t_0
get_property REGISTER.CONFIG_STATUS $dev
01010000000100000111110111111100
get_property REGISTER.BOOT_STATUS $dev
00000000000000000000000000000001
exit
INFO: [Common 17-206] Exiting Vivado at Thu Apr  2 08:55:38 2026...
