CMD: vivado -mode batch -nojournal -nolog -source /tmp/program_uuShBj.tcl
DATE: mer. 29 avril 2026 13:10:20 CEST
---

****** Vivado v2022.2 (64-bit)
  **** SW Build 3671981 on Fri Oct 14 04:59:54 MDT 2022
  **** IP Build 3669848 on Fri Oct 14 08:30:02 MDT 2022
    ** Copyright 1986-2022 Xilinx, Inc. All Rights Reserved.

source /tmp/program_uuShBj.tcl
# open_hw_manager
open_hw_manager: Time (s): cpu = 00:00:03 ; elapsed = 00:00:05 . Memory (MB): peak = 1750.637 ; gain = 116.961 ; free physical = 41302 ; free virtual = 47998
# connect_hw_server
INFO: [Labtools 27-2285] Connecting to hw_server url TCP:localhost:3121
INFO: [Labtools 27-3415] Connecting to cs_server url TCP:localhost:0
INFO: [Labtools 27-3417] Launching cs_server...
INFO: [Labtools 27-2221] Launch Output:


******** Xilinx cs_server v2022.2.0
  ****** Build date   : Oct 05 2022-01:25:37
    **** Build number : 2022.2.1664925937
      ** Copyright 2017-2026 Xilinx, Inc. All Rights Reserved.



ERROR: [Labtoolstcl 44-494] There is no active target available for server at localhost.
 Targets(s) ", jsn-Genesys 2-200300BB8B2Cjsn-Genesys 2-200300BB8B2CB" may be locked by another hw_server.
INFO: [Common 17-206] Exiting Vivado at Wed Apr 29 13:10:32 2026...
