CMD: make -C /home/jc/tmp/riscv-iommu-demo/bao-baremetal-guest CROSS_COMPILE=/home/jc/Software/riscv64-unknown-elf-gcc-10.1.0-2020.08.2-x86_64-linux-ubuntu14/bin/riscv64-unknown-elf- PLATFORM=cva6 VARIANT=dpr_manager NAME=dpr_manager EXTRA_CPPFLAGS=-DTEST_SELECT=3 -j8
DATE: mer. 29 avril 2026 14:09:34 CEST
---
make : on entre dans le répertoire « /home/jc/tmp/riscv-iommu-demo/bao-baremetal-guest »
mkdir -p build/cva6/
mkdir -p build/cva6/arch/riscv/
mkdir -p build/cva6/drivers/8250_uart/
mkdir -p build/cva6/platform/cva6/
mkdir -p build/cva6/core/
mkdir -p build/cva6/../../baremetal-dpr/src/
/home/jc/Software/riscv64-unknown-elf-gcc-10.1.0-2020.08.2-x86_64-linux-ubuntu14/bin/riscv64-unknown-elf-gcc -mcmodel=medany -march=rv64imac -mabi=lp64 -O0 -g3 -static    -I./src/inc -I./src/core/inc -I./src/platform/cva6/inc -I./src/drivers/8250_uart/inc -I./src/arch/riscv/inc -MD -MF build/cva6/../../baremetal-dpr/src/dpr_test.o.d -DTEST_SELECT=3 -c src/../../baremetal-dpr/src/dpr_test.c -o build/cva6/../../baremetal-dpr/src/dpr_test.o
/home/jc/Software/riscv64-unknown-elf-gcc-10.1.0-2020.08.2-x86_64-linux-ubuntu14/bin/riscv64-unknown-elf-gcc -mcmodel=medany -march=rv64imac -mabi=lp64 -O0 -g3 -static    -I./src/inc -I./src/core/inc -I./src/platform/cva6/inc -I./src/drivers/8250_uart/inc -I./src/arch/riscv/inc -MD -MF build/cva6/dpr_test_full_debug.o.d -DTEST_SELECT=3 -c src/dpr_test_full_debug.c -o build/cva6/dpr_test_full_debug.o
/home/jc/Software/riscv64-unknown-elf-gcc-10.1.0-2020.08.2-x86_64-linux-ubuntu14/bin/riscv64-unknown-elf-gcc -mcmodel=medany -march=rv64imac -mabi=lp64 -O0 -g3 -static    -I./src/inc -I./src/core/inc -I./src/platform/cva6/inc -I./src/drivers/8250_uart/inc -I./src/arch/riscv/inc -MD -MF build/cva6/main.o.d -DTEST_SELECT=3 -c src/main.c -o build/cva6/main.o
/home/jc/Software/riscv64-unknown-elf-gcc-10.1.0-2020.08.2-x86_64-linux-ubuntu14/bin/riscv64-unknown-elf-gcc -mcmodel=medany -march=rv64imac -mabi=lp64 -O0 -g3 -static    -I./src/inc -I./src/core/inc -I./src/platform/cva6/inc -I./src/drivers/8250_uart/inc -I./src/arch/riscv/inc -MD -MF build/cva6/core/irq.o.d -DTEST_SELECT=3 -c src/core/irq.c -o build/cva6/core/irq.o
/home/jc/Software/riscv64-unknown-elf-gcc-10.1.0-2020.08.2-x86_64-linux-ubuntu14/bin/riscv64-unknown-elf-gcc -mcmodel=medany -march=rv64imac -mabi=lp64 -O0 -g3 -static    -I./src/inc -I./src/core/inc -I./src/platform/cva6/inc -I./src/drivers/8250_uart/inc -I./src/arch/riscv/inc -MD -MF build/cva6/core/retarget.o.d -DTEST_SELECT=3 -c src/core/retarget.c -o build/cva6/core/retarget.o
/home/jc/Software/riscv64-unknown-elf-gcc-10.1.0-2020.08.2-x86_64-linux-ubuntu14/bin/riscv64-unknown-elf-gcc -mcmodel=medany -march=rv64imac -mabi=lp64 -O0 -g3 -static    -I./src/inc -I./src/core/inc -I./src/platform/cva6/inc -I./src/drivers/8250_uart/inc -I./src/arch/riscv/inc -MD -MF build/cva6/platform/cva6/cva6.o.d -DTEST_SELECT=3 -c src/platform/cva6/cva6.c -o build/cva6/platform/cva6/cva6.o
/home/jc/Software/riscv64-unknown-elf-gcc-10.1.0-2020.08.2-x86_64-linux-ubuntu14/bin/riscv64-unknown-elf-gcc -mcmodel=medany -march=rv64imac -mabi=lp64 -O0 -g3 -static    -I./src/inc -I./src/core/inc -I./src/platform/cva6/inc -I./src/drivers/8250_uart/inc -I./src/arch/riscv/inc -MD -MF build/cva6/drivers/8250_uart/8250_uart.o.d -DTEST_SELECT=3 -c src/drivers/8250_uart/8250_uart.c -o build/cva6/drivers/8250_uart/8250_uart.o
/home/jc/Software/riscv64-unknown-elf-gcc-10.1.0-2020.08.2-x86_64-linux-ubuntu14/bin/riscv64-unknown-elf-gcc -mcmodel=medany -march=rv64imac -mabi=lp64 -O0 -g3 -static    -I./src/inc -I./src/core/inc -I./src/platform/cva6/inc -I./src/drivers/8250_uart/inc -I./src/arch/riscv/inc -MD -MF build/cva6/arch/riscv/init.o.d -DTEST_SELECT=3 -c src/arch/riscv/init.c -o build/cva6/arch/riscv/init.o
src/main.c:60:100: warning: backslash and newline separated by space
   60 |     ".______        ___       ______        _______  __    __   _______     _______.___________.\n"\
      |                                                                                                     
src/main.c:63:104: warning: backslash and newline separated by space
   63 |     "|   _  <    /  /_\\  \\  |  |  |  |    |  | |_ | |  |  |  | |   __|     \\   \\       |  |     \n"\
      |                                                                                                         
src/main.c:64:101: warning: backslash and newline separated by space
   64 |     "|  |_)  |  /  _____  \\ |  `--'  |    |  |__| | |  `--'  | |  |____.----)   |      |  |     \n"\
      |                                                                                                      
/home/jc/Software/riscv64-unknown-elf-gcc-10.1.0-2020.08.2-x86_64-linux-ubuntu14/bin/riscv64-unknown-elf-gcc -mcmodel=medany -march=rv64imac -mabi=lp64 -O0 -g3 -static    -I./src/inc -I./src/core/inc -I./src/platform/cva6/inc -I./src/drivers/8250_uart/inc -I./src/arch/riscv/inc -MD -MF build/cva6/arch/riscv/plic.o.d -DTEST_SELECT=3 -c src/arch/riscv/plic.c -o build/cva6/arch/riscv/plic.o
/home/jc/Software/riscv64-unknown-elf-gcc-10.1.0-2020.08.2-x86_64-linux-ubuntu14/bin/riscv64-unknown-elf-gcc -mcmodel=medany -march=rv64imac -mabi=lp64 -O0 -g3 -static    -I./src/inc -I./src/core/inc -I./src/platform/cva6/inc -I./src/drivers/8250_uart/inc -I./src/arch/riscv/inc -MD -MF build/cva6/arch/riscv/sbi.o.d -DTEST_SELECT=3 -c src/arch/riscv/sbi.c -o build/cva6/arch/riscv/sbi.o
/home/jc/Software/riscv64-unknown-elf-gcc-10.1.0-2020.08.2-x86_64-linux-ubuntu14/bin/riscv64-unknown-elf-gcc -mcmodel=medany -march=rv64imac -mabi=lp64 -O0 -g3 -static    -I./src/inc -I./src/core/inc -I./src/platform/cva6/inc -I./src/drivers/8250_uart/inc -I./src/arch/riscv/inc -MD -MF build/cva6/arch/riscv/exceptions.o.d -DTEST_SELECT=3 -c src/arch/riscv/exceptions.c -o build/cva6/arch/riscv/exceptions.o
/home/jc/Software/riscv64-unknown-elf-gcc-10.1.0-2020.08.2-x86_64-linux-ubuntu14/bin/riscv64-unknown-elf-gcc -mcmodel=medany -march=rv64imac -mabi=lp64 -O0 -g3 -static    -I./src/inc -I./src/core/inc -I./src/platform/cva6/inc -I./src/drivers/8250_uart/inc -I./src/arch/riscv/inc -MD -MF build/cva6/arch/riscv/irq.o.d -DTEST_SELECT=3 -c src/arch/riscv/irq.c -o build/cva6/arch/riscv/irq.o
/home/jc/Software/riscv64-unknown-elf-gcc-10.1.0-2020.08.2-x86_64-linux-ubuntu14/bin/riscv64-unknown-elf-gcc -mcmodel=medany -march=rv64imac -mabi=lp64 -O0 -g3 -static    -I./src/inc -I./src/core/inc -I./src/platform/cva6/inc -I./src/drivers/8250_uart/inc -I./src/arch/riscv/inc -MD -MF build/cva6/arch/riscv/timer.o.d -DTEST_SELECT=3 -c src/arch/riscv/timer.c -o build/cva6/arch/riscv/timer.o
/home/jc/Software/riscv64-unknown-elf-gcc-10.1.0-2020.08.2-x86_64-linux-ubuntu14/bin/riscv64-unknown-elf-gcc -mcmodel=medany -march=rv64imac -mabi=lp64 -O0 -g3 -static    -I./src/inc -I./src/core/inc -I./src/platform/cva6/inc -I./src/drivers/8250_uart/inc -I./src/arch/riscv/inc -MD -MF build/cva6/arch/riscv/start.o.d -DTEST_SELECT=3 -c src/arch/riscv/start.S -o build/cva6/arch/riscv/start.o
/home/jc/Software/riscv64-unknown-elf-gcc-10.1.0-2020.08.2-x86_64-linux-ubuntu14/bin/riscv64-unknown-elf-gcc  -I./src/inc -I./src/core/inc -I./src/platform/cva6/inc -I./src/drivers/8250_uart/inc -I./src/arch/riscv/inc -MD -MF build/cva6/linker.ld.d -DTEST_SELECT=3 -E -x assembler-with-cpp src/linker.ld | grep "^[^#;]" > build/cva6/linker.ld
/home/jc/Software/riscv64-unknown-elf-gcc-10.1.0-2020.08.2-x86_64-linux-ubuntu14/bin/riscv64-unknown-elf-gcc -mcmodel=medany -march=rv64imac -mabi=lp64 -O0 -g3 -static --specs=nano.specs -nostartfiles -Tbuild/cva6/linker.ld build/cva6/../../baremetal-dpr/src/dpr_test.o build/cva6/dpr_test_full_debug.o build/cva6/main.o build/cva6/core/irq.o build/cva6/core/retarget.o build/cva6/platform/cva6/cva6.o build/cva6/drivers/8250_uart/8250_uart.o build/cva6/arch/riscv/init.o build/cva6/arch/riscv/plic.o build/cva6/arch/riscv/sbi.o build/cva6/arch/riscv/exceptions.o build/cva6/arch/riscv/irq.o build/cva6/arch/riscv/timer.o build/cva6/arch/riscv/start.o -o build/cva6/dpr_manager.elf
/home/jc/Software/riscv64-unknown-elf-gcc-10.1.0-2020.08.2-x86_64-linux-ubuntu14/bin/riscv64-unknown-elf-objdump -S build/cva6/dpr_manager.elf > build/cva6/dpr_manager.asm
/home/jc/Software/riscv64-unknown-elf-gcc-10.1.0-2020.08.2-x86_64-linux-ubuntu14/bin/riscv64-unknown-elf-objdump -x -d --wide build/cva6/dpr_manager.elf > build/cva6/dpr_manager.lst
/home/jc/Software/riscv64-unknown-elf-gcc-10.1.0-2020.08.2-x86_64-linux-ubuntu14/bin/riscv64-unknown-elf-objcopy -O binary build/cva6/dpr_manager.elf build/cva6/dpr_manager.bin
make : on quitte le répertoire « /home/jc/tmp/riscv-iommu-demo/bao-baremetal-guest »
