CMD: make -C /home/jc/tmp/riscv-iommu-demo/opensbi CROSS_COMPILE=/home/jc/Software/riscv64-unknown-elf-gcc-10.1.0-2020.08.2-x86_64-linux-ubuntu14/bin/riscv64-unknown-elf- PLATFORM=fpga/ariane FW_PAYLOAD=y FW_PAYLOAD_PATH=/home/jc/tmp/riscv-iommu-demo/build/bao/bao.bin -j8
DATE: mer. 29 avril 2026 18:02:09 CEST
---
make : on entre dans le répertoire « /home/jc/tmp/riscv-iommu-demo/opensbi »
 CC        lib/sbi/riscv_asm.o
 CC        lib/sbi/riscv_atomic.o
 AS        lib/sbi/riscv_hardfp.o
 CC        lib/sbi/riscv_locks.o
 CC        lib/sbi/sbi_bitops.o
 CC        lib/sbi/sbi_bitmap.o
 CC        lib/sbi/sbi_console.o
 CC        lib/sbi/sbi_domain.o
 CC        lib/sbi/sbi_ecall.o
 CC        lib/sbi/sbi_ecall_base.o
 CC        lib/sbi/sbi_ecall_hsm.o
 CC        lib/sbi/sbi_ecall_legacy.o
 CC        lib/sbi/sbi_ecall_pmu.o
 CC        lib/sbi/sbi_ecall_replace.o
 CC        lib/sbi/sbi_ecall_vendor.o
 CC        lib/sbi/sbi_emulate_csr.o
 CC        lib/sbi/sbi_fifo.o
 CC        lib/sbi/sbi_hart.o
 CC        lib/sbi/sbi_math.o
 AS        lib/sbi/sbi_hfence.o
 CC        lib/sbi/sbi_hsm.o
 CC        lib/sbi/sbi_illegal_insn.o
 CC        lib/sbi/sbi_init.o
 CC        lib/sbi/sbi_ipi.o
 CC        lib/sbi/sbi_misaligned_ldst.o
 CC        lib/sbi/sbi_platform.o
 CC        lib/sbi/sbi_pmu.o
 CC        lib/sbi/sbi_scratch.o
 CC        lib/sbi/sbi_string.o
 CC        lib/sbi/sbi_system.o
 CC        lib/sbi/sbi_timer.o
 CC        lib/sbi/sbi_tlb.o
 CC        lib/sbi/sbi_trap.o
 CC        lib/sbi/sbi_unpriv.o
 AS        lib/sbi/sbi_expected_trap.o
 CC        lib/utils/timer/aclint_mtimer.o
 CC        lib/utils/timer/fdt_timer.o
 CC        lib/utils/timer/fdt_timer_mtimer.o
 CC        lib/utils/sys/htif.o
 CC        lib/utils/sys/sifive_test.o
 CC        lib/utils/serial/fdt_serial.o
 CC        lib/utils/serial/fdt_serial_gaisler.o
 CC        lib/utils/serial/fdt_serial_htif.o
 CC        lib/utils/serial/fdt_serial_shakti.o
 CC        lib/utils/serial/fdt_serial_sifive.o
 CC        lib/utils/serial/fdt_serial_litex.o
 CC        lib/utils/serial/fdt_serial_uart8250.o
 CC        lib/utils/serial/gaisler-uart.o
 CC        lib/utils/serial/shakti-uart.o
 CC        lib/utils/serial/sifive-uart.o
 CC        lib/utils/serial/litex-uart.o
 CC        lib/utils/serial/uart8250.o
 CC        lib/utils/reset/fdt_reset.o
 CC        lib/utils/reset/fdt_reset_gpio.o
 CC        lib/utils/reset/fdt_reset_htif.o
 CC        lib/utils/reset/fdt_reset_sifive_test.o
 CC        lib/utils/reset/fdt_reset_sunxi_wdt.o
 CC        lib/utils/reset/fdt_reset_thead.o
 AS        lib/utils/reset/fdt_reset_thead_asm.o
 CC        lib/utils/libfdt/fdt.o
 CC        lib/utils/libfdt/fdt_addresses.o
 CC        lib/utils/libfdt/fdt_check.o
 CC        lib/utils/libfdt/fdt_empty_tree.o
 CC        lib/utils/libfdt/fdt_ro.o
 CC        lib/utils/libfdt/fdt_rw.o
 CC        lib/utils/libfdt/fdt_strerror.o
 CC        lib/utils/libfdt/fdt_sw.o
 CC        lib/utils/libfdt/fdt_wip.o
 CC        lib/utils/irqchip/fdt_irqchip.o
 CC        lib/utils/irqchip/fdt_irqchip_plic.o
 CC        lib/utils/irqchip/plic.o
 CC        lib/utils/ipi/aclint_mswi.o
 CC        lib/utils/ipi/fdt_ipi.o
 CC        lib/utils/ipi/fdt_ipi_mswi.o
 CC        lib/utils/i2c/i2c.o
 CC        lib/utils/i2c/fdt_i2c.o
 CC        lib/utils/i2c/fdt_i2c_sifive.o
 CC        lib/utils/gpio/fdt_gpio.o
 CC        lib/utils/gpio/fdt_gpio_sifive.o
 CC        lib/utils/gpio/gpio.o
 CC        lib/utils/fdt/fdt_domain.o
 CC        lib/utils/fdt/fdt_pmu.o
 CC        lib/utils/fdt/fdt_helper.o
 CC        lib/utils/fdt/fdt_fixup.o
 CC        platform/fpga/ariane/platform.o
 AS        platform/fpga/ariane/firmware/payloads/test_head.o
 CC        platform/fpga/ariane/firmware/payloads/test_main.o
 AS        platform/fpga/ariane/firmware/fw_payload.o
 AR        lib/libsbi.a
 MERGE     platform/fpga/ariane/firmware/payloads/test.o
 AR        lib/libsbiutils.a
 AR        platform/fpga/ariane/lib/libplatsbi.a
 ELF       platform/fpga/ariane/firmware/payloads/test.elf
 ELF       platform/fpga/ariane/firmware/fw_payload.elf
 OBJCOPY   platform/fpga/ariane/firmware/payloads/test.bin
 OBJCOPY   platform/fpga/ariane/firmware/fw_payload.bin
make : on quitte le répertoire « /home/jc/tmp/riscv-iommu-demo/opensbi »
