CMD: make -C /home/jc/tmp/riscv-iommu-demo/dpr dpr-static FORCE_STATIC=1 WORK_DPR=/home/jc/tmp/riscv-iommu-demo/cva6/corev_apu/fpga/work-dpr/3_build_B_dpr
DATE: lun. 20 avril 2026 11:21:39 CEST
---
make : on entre dans le répertoire « /home/jc/tmp/riscv-iommu-demo/dpr »
==> Préparation des sources DPR...
mkdir -p /home/jc/tmp/riscv-iommu-demo/cva6/corev_apu/fpga/src
cp /home/jc/tmp/riscv-iommu-demo/dpr/src/rp_boundary_regs.sv /home/jc/tmp/riscv-iommu-demo/cva6/corev_apu/fpga/src/
cp /home/jc/tmp/riscv-iommu-demo/dpr/src/rp_boundary_regs_mmu.sv /home/jc/tmp/riscv-iommu-demo/cva6/corev_apu/fpga/src/
cp /home/jc/tmp/riscv-iommu-demo/dpr/rm/accel_default/accel_blank.sv /home/jc/tmp/riscv-iommu-demo/cva6/corev_apu/fpga/src/accel_wrap.sv
==> Génération des IPs Xilinx...
make -C /home/jc/tmp/riscv-iommu-demo/cva6/corev_apu/fpga \
	work-fpga/xlnx_axi_clock_converter.xci \
	work-fpga/xlnx_axi_dwidth_converter.xci \
	work-fpga/xlnx_axi_dwidth_converter_dm_master.xci \
	work-fpga/xlnx_axi_dwidth_converter_dm_slave.xci \
	work-fpga/xlnx_axi_quad_spi.xci \
	work-fpga/xlnx_axi_gpio.xci \
	work-fpga/xlnx_clk_gen.xci \
	work-fpga/xlnx_mig_7_ddr3.xci \
	work-fpga/xlnx_axi_hwicap.xci
make[1] : on entre dans le répertoire « /home/jc/tmp/riscv-iommu-demo/cva6/corev_apu/fpga »
make[1]: « work-fpga/xlnx_axi_clock_converter.xci » est à jour.
make[1]: « work-fpga/xlnx_axi_dwidth_converter.xci » est à jour.
make[1]: « work-fpga/xlnx_axi_dwidth_converter_dm_master.xci » est à jour.
make[1]: « work-fpga/xlnx_axi_dwidth_converter_dm_slave.xci » est à jour.
make[1]: « work-fpga/xlnx_axi_quad_spi.xci » est à jour.
make[1]: « work-fpga/xlnx_axi_gpio.xci » est à jour.
make[1]: « work-fpga/xlnx_clk_gen.xci » est à jour.
make[1]: « work-fpga/xlnx_mig_7_ddr3.xci » est à jour.
make[1]: « work-fpga/xlnx_axi_hwicap.xci » est à jour.
make[1] : on quitte le répertoire « /home/jc/tmp/riscv-iommu-demo/cva6/corev_apu/fpga »
==> Lancement de la synthèse STATIQUE (Vivado)...

****** Vivado v2022.2 (64-bit)
  **** SW Build 3671981 on Fri Oct 14 04:59:54 MDT 2022
  **** IP Build 3669848 on Fri Oct 14 08:30:02 MDT 2022
    ** Copyright 1986-2022 Xilinx, Inc. All Rights Reserved.

source /home/jc/tmp/riscv-iommu-demo/dpr/scripts/run_static.tcl
# set cva6_fpga [lindex $argv 0]
# set dpr_dir   [lindex $argv 1]
# set work_dpr  [lindex $argv 2]
# open_project $cva6_fpga/ariane.xpr
INFO: [filemgmt 56-3] Default IP Output Path : Could not find the directory '/home/jc/tmp/riscv-iommu-demo/cva6/corev_apu/fpga/ariane.gen/sources_1'.
Scanning sources...
Finished scanning sources
INFO: [IP_Flow 19-234] Refreshing IP repositories
INFO: [IP_Flow 19-1704] No user IP repositories specified
INFO: [IP_Flow 19-2313] Loaded Vivado IP repository '/tools/Xilinx/Vivado/2022.2/data/ip'.
open_project: Time (s): cpu = 00:00:07 ; elapsed = 00:00:08 . Memory (MB): peak = 1452.504 ; gain = 172.680 ; free physical = 12143 ; free virtual = 19698
# puts "==> Nettoyage des anciens XDC pblock..."
==> Nettoyage des anciens XDC pblock...
# foreach f [get_files -quiet -filter {NAME =~ *pblock*}] {
#     remove_files -fileset constrs_1 $f
#     puts "  -> retiré : [file tail $f]"
# }
# puts "==> Vérification des sources DPR..."
==> Vérification des sources DPR...
# foreach f [list \
#     $dpr_dir/src/rp_boundary_regs.sv \
#     $dpr_dir/src/rp_boundary_regs_mmu.sv \
#     $cva6_fpga/src/accel_wrap.sv \
#     $cva6_fpga/src/apb_to_axilite.sv \
# ] {
#     if {[llength [get_files -quiet $f]] == 0} {
#         add_files -fileset sources_1 -norecurse $f
#         puts "  -> ajouté : [file tail $f]"
#     } else {
#         puts "  -> déjà présent : [file tail $f]"
#     }
# }
  -> déjà présent : rp_boundary_regs.sv
  -> déjà présent : rp_boundary_regs_mmu.sv
  -> déjà présent : accel_wrap.sv
  -> déjà présent : apb_to_axilite.sv
# update_compile_order -fileset sources_1
update_compile_order: Time (s): cpu = 00:00:05 ; elapsed = 00:00:07 . Memory (MB): peak = 1536.512 ; gain = 84.008 ; free physical = 11770 ; free virtual = 19636
# puts "==> Vérification de l'IP HWICAP..."
==> Vérification de l'IP HWICAP...
# set hwicap_xci $cva6_fpga/xilinx/xlnx_axi_hwicap/xlnx_axi_hwicap.srcs/sources_1/ip/xlnx_axi_hwicap/xlnx_axi_hwicap.xci
# if {[llength [get_files -quiet $hwicap_xci]] == 0} {
#     add_files -norecurse $hwicap_xci
#     puts "  -> ajoutée : xlnx_axi_hwicap.xci"
# } else {
#     puts "  -> déjà présente : xlnx_axi_hwicap.xci"
# }
  -> déjà présente : xlnx_axi_hwicap.xci
# set_property top ariane_xilinx [get_filesets sources_1]
# set_property -name {STEPS.SYNTH_DESIGN.ARGS.FLATTEN_HIERARCHY} \
#     -value {none} -objects [get_runs synth_1]
# puts "==> Synthèse OOC des IPs dm_master et dm_slave..."
==> Synthèse OOC des IPs dm_master et dm_slave...
# foreach ip {xlnx_axi_dwidth_converter_dm_master xlnx_axi_dwidth_converter_dm_slave} {
#     set ip_obj [get_ips -quiet $ip]
#     if {[llength $ip_obj] > 0} {
#         synth_ip $ip_obj
#         puts "  -> synthétisée : $ip"
#     } else {
#         puts "  WARNING: IP non trouvée : $ip"
#     }
# }
INFO: [Vivado 12-3435] The given sub-design is up-to-date, no action was taken.  If a regeneration is desired, use the '-force' option: /home/jc/tmp/riscv-iommu-demo/cva6/corev_apu/fpga/xilinx/xlnx_axi_dwidth_converter_dm_master/xlnx_axi_dwidth_converter_dm_master.srcs/sources_1/ip/xlnx_axi_dwidth_converter_dm_master/xlnx_axi_dwidth_converter_dm_master.xci
INFO: [Vivado 12-3441] generate_netlist_ip - operation complete
  -> synthétisée : xlnx_axi_dwidth_converter_dm_master
INFO: [Vivado 12-3435] The given sub-design is up-to-date, no action was taken.  If a regeneration is desired, use the '-force' option: /home/jc/tmp/riscv-iommu-demo/cva6/corev_apu/fpga/xilinx/xlnx_axi_dwidth_converter_dm_slave/xlnx_axi_dwidth_converter_dm_slave.srcs/sources_1/ip/xlnx_axi_dwidth_converter_dm_slave/xlnx_axi_dwidth_converter_dm_slave.xci
INFO: [Vivado 12-3441] generate_netlist_ip - operation complete
  -> synthétisée : xlnx_axi_dwidth_converter_dm_slave
# puts "==> Génération des cibles HWICAP..."
==> Génération des cibles HWICAP...
# set hwicap_ip [get_ips -quiet xlnx_axi_hwicap]
# if {[llength $hwicap_ip] > 0} {
#     generate_target all [get_ips xlnx_axi_hwicap]
#     set hwicap_run [get_runs -quiet xlnx_axi_hwicap_synth_1]
#     if {[llength $hwicap_run] > 0} {
#         reset_run xlnx_axi_hwicap_synth_1
#     }
#     synth_ip [get_ips xlnx_axi_hwicap]
#     puts "  -> generate_target OK : xlnx_axi_hwicap"
# } else {
#     puts "  WARNING: xlnx_axi_hwicap non trouvée dans le projet"
# }
INFO: [Vivado 12-3435] The given sub-design is up-to-date, no action was taken.  If a regeneration is desired, use the '-force' option: /home/jc/tmp/riscv-iommu-demo/cva6/corev_apu/fpga/xilinx/xlnx_axi_hwicap/xlnx_axi_hwicap.srcs/sources_1/ip/xlnx_axi_hwicap/xlnx_axi_hwicap.xci
INFO: [Vivado 12-3441] generate_netlist_ip - operation complete
  -> generate_target OK : xlnx_axi_hwicap
# puts "==> Lancement de la synthèse synth_1..."
==> Lancement de la synthèse synth_1...
# reset_run synth_1
INFO: [Project 1-1160] Copying file /home/jc/tmp/riscv-iommu-demo/cva6/corev_apu/fpga/ariane.runs/synth_1/ariane_xilinx.dcp to /home/jc/tmp/riscv-iommu-demo/cva6/corev_apu/fpga/ariane.srcs/utils_1/imports/synth_1 and adding it to utils fileset
# launch_runs synth_1 -jobs 8
INFO: [Vivado 12-4149] The synthesis checkpoint for IP '/home/jc/tmp/riscv-iommu-demo/cva6/corev_apu/fpga/xilinx/xlnx_axi_dwidth_converter_dm_master/xlnx_axi_dwidth_converter_dm_master.srcs/sources_1/ip/xlnx_axi_dwidth_converter_dm_master/xlnx_axi_dwidth_converter_dm_master.xci' is already up-to-date
INFO: [Vivado 12-4149] The synthesis checkpoint for IP '/home/jc/tmp/riscv-iommu-demo/cva6/corev_apu/fpga/xilinx/xlnx_axi_dwidth_converter_dm_slave/xlnx_axi_dwidth_converter_dm_slave.srcs/sources_1/ip/xlnx_axi_dwidth_converter_dm_slave/xlnx_axi_dwidth_converter_dm_slave.xci' is already up-to-date
INFO: [Vivado 12-4149] The synthesis checkpoint for IP '/home/jc/tmp/riscv-iommu-demo/cva6/corev_apu/fpga/xilinx/xlnx_mig_7_ddr3/xlnx_mig_7_ddr3.srcs/sources_1/ip/xlnx_mig_7_ddr3/xlnx_mig_7_ddr3.xci' is already up-to-date
INFO: [Vivado 12-4149] The synthesis checkpoint for IP '/home/jc/tmp/riscv-iommu-demo/cva6/corev_apu/fpga/xilinx/xlnx_clk_gen/xlnx_clk_gen.srcs/sources_1/ip/xlnx_clk_gen/xlnx_clk_gen.xci' is already up-to-date
INFO: [Vivado 12-4149] The synthesis checkpoint for IP '/home/jc/tmp/riscv-iommu-demo/cva6/corev_apu/fpga/xilinx/xlnx_axi_clock_converter/xlnx_axi_clock_converter.srcs/sources_1/ip/xlnx_axi_clock_converter/xlnx_axi_clock_converter.xci' is already up-to-date
INFO: [Vivado 12-4149] The synthesis checkpoint for IP '/home/jc/tmp/riscv-iommu-demo/cva6/corev_apu/fpga/xilinx/xlnx_axi_hwicap/xlnx_axi_hwicap.srcs/sources_1/ip/xlnx_axi_hwicap/xlnx_axi_hwicap.xci' is already up-to-date
INFO: [Vivado 12-4149] The synthesis checkpoint for IP '/home/jc/tmp/riscv-iommu-demo/cva6/corev_apu/fpga/xilinx/xlnx_axi_gpio/xlnx_axi_gpio.srcs/sources_1/ip/xlnx_axi_gpio/xlnx_axi_gpio.xci' is already up-to-date
INFO: [Vivado 12-4149] The synthesis checkpoint for IP '/home/jc/tmp/riscv-iommu-demo/cva6/corev_apu/fpga/xilinx/xlnx_axi_dwidth_converter/xlnx_axi_dwidth_converter.srcs/sources_1/ip/xlnx_axi_dwidth_converter/xlnx_axi_dwidth_converter.xci' is already up-to-date
INFO: [Vivado 12-4149] The synthesis checkpoint for IP '/home/jc/tmp/riscv-iommu-demo/cva6/corev_apu/fpga/xilinx/xlnx_axi_quad_spi/xlnx_axi_quad_spi.srcs/sources_1/ip/xlnx_axi_quad_spi/xlnx_axi_quad_spi.xci' is already up-to-date
[Mon Apr 20 11:22:35 2026] Launched synth_1...
Run output will be captured here: /home/jc/tmp/riscv-iommu-demo/cva6/corev_apu/fpga/ariane.runs/synth_1/runme.log
# wait_on_run synth_1
[Mon Apr 20 11:22:35 2026] Waiting for synth_1 to finish...

*** Running vivado
    with args -log ariane_xilinx.vds -m64 -product Vivado -mode batch -messageDb vivado.pb -notrace -source ariane_xilinx.tcl


****** Vivado v2022.2 (64-bit)
  **** SW Build 3671981 on Fri Oct 14 04:59:54 MDT 2022
  **** IP Build 3669848 on Fri Oct 14 08:30:02 MDT 2022
    ** Copyright 1986-2022 Xilinx, Inc. All Rights Reserved.

source ariane_xilinx.tcl -notrace
Command: read_checkpoint -auto_incremental -incremental /home/jc/tmp/riscv-iommu-demo/cva6/corev_apu/fpga/ariane.srcs/utils_1/imports/synth_1/ariane_xilinx.dcp
INFO: [Vivado 12-5825] Read reference checkpoint from /home/jc/tmp/riscv-iommu-demo/cva6/corev_apu/fpga/ariane.srcs/utils_1/imports/synth_1/ariane_xilinx.dcp for incremental synthesis
INFO: [Vivado 12-7989] Please ensure there are no constraint changes
Command: synth_design -top ariane_xilinx -part xc7k325tffg900-2 -flatten_hierarchy none
Starting synth_design
Attempting to get a license for feature 'Synthesis' and/or device 'xc7k325t'
INFO: [Common 17-349] Got license for feature 'Synthesis' and/or device 'xc7k325t'
INFO: [Common 17-1540] The version limit for your license is '2025.10' and has expired for new software. A version limit expiration means that, although you may be able to continue to use the current version of tools or IP with this license, you will not be eligible for new releases.
INFO: [Device 21-403] Loading part xc7k325tffg900-2
