CMD: vivado -mode batch -nojournal -nolog -source /tmp/program_Kyon2Y.tcl
DATE: jeu. 02 avril 2026 09:09:30 CEST
---

****** Vivado v2022.2 (64-bit)
  **** SW Build 3671981 on Fri Oct 14 04:59:54 MDT 2022
  **** IP Build 3669848 on Fri Oct 14 08:30:02 MDT 2022
    ** Copyright 1986-2022 Xilinx, Inc. All Rights Reserved.

source /tmp/program_Kyon2Y.tcl
# open_hw_manager
# connect_hw_server
INFO: [Labtools 27-2285] Connecting to hw_server url TCP:localhost:3121
INFO: [Labtools 27-3415] Connecting to cs_server url TCP:localhost:0
INFO: [Labtools 27-3417] Launching cs_server...
INFO: [Labtools 27-2221] Launch Output:


******** Xilinx cs_server v2022.2.0
  ****** Build date   : Oct 05 2022-01:25:37
    **** Build number : 2022.2.1664925937
      ** Copyright 2017-2026 Xilinx, Inc. All Rights Reserved.



# open_hw_target
INFO: [Labtoolstcl 44-466] Opening hw_target localhost:3121/xilinx_tcf/Digilent/200300BB8B2CB
# set dev [lindex [get_hw_devices xc7k*] 0]
# current_hw_device $dev
# set_property PROGRAM.FILE {/home/jc/tmp/riscv-iommu-demo/cva6/corev_apu/fpga/work-dpr/full_accel_A.bit} $dev
# program_hw_devices $dev
INFO: [Labtools 27-3164] End of startup status: HIGH
program_hw_devices: Time (s): cpu = 00:00:07 ; elapsed = 00:00:07 . Memory (MB): peak = 1431.344 ; gain = 0.000 ; free physical = 9548 ; free virtual = 16514
# puts "==> FPGA programmé avec full_accel_A.bit"
==> FPGA programmé avec full_accel_A.bit
# close_hw_target
INFO: [Labtoolstcl 44-464] Closing hw_target localhost:3121/xilinx_tcf/Digilent/200300BB8B2CB
# disconnect_hw_server
# close_hw_manager
INFO: [Common 17-206] Exiting Vivado at Thu Apr  2 09:09:47 2026...
