CMD: make -C /home/jc/tmp/riscv-iommu-demo/dpr dpr-partial RM=accel_B WORK_DPR=/home/jc/tmp/riscv-iommu-demo/cva6/corev_apu/fpga/work-dpr/3_build_B_dpr
DATE: lun. 20 avril 2026 13:36:41 CEST
---
make : on entre dans le répertoire « /home/jc/tmp/riscv-iommu-demo/dpr »
==> Suppression checkpoint incrémental (évite segfault Vivado)...
==> Implémentation du module PARTIEL : accel_B
cp /home/jc/tmp/riscv-iommu-demo/dpr/rm/accel_B/accel_*.sv /home/jc/tmp/riscv-iommu-demo/cva6/corev_apu/fpga/src/accel_wrap.sv
vivado -mode batch -nojournal -nolog -source /home/jc/tmp/riscv-iommu-demo/dpr/scripts/run_partial.tcl \
	-tclargs /home/jc/tmp/riscv-iommu-demo/cva6/corev_apu/fpga/work-dpr/3_build_B_dpr /home/jc/tmp/riscv-iommu-demo/dpr/rm/accel_B accel_B /home/jc/tmp/riscv-iommu-demo/dpr

****** Vivado v2022.2 (64-bit)
  **** SW Build 3671981 on Fri Oct 14 04:59:54 MDT 2022
  **** IP Build 3669848 on Fri Oct 14 08:30:02 MDT 2022
    ** Copyright 1986-2022 Xilinx, Inc. All Rights Reserved.

source /home/jc/tmp/riscv-iommu-demo/dpr/scripts/run_partial.tcl
# set work_dpr [lindex $argv 0]
# set rm_dir   [lindex $argv 1]
# set rm_name  [lindex $argv 2]
# set dpr_dir   [lindex $argv 3]
# set project_root [file normalize [file join $dpr_dir ".."]]
# set cva6_fpga [file join $project_root "cva6" "corev_apu" "fpga"]
# set cva6_root [file join $project_root "cva6"]
# set rm_synth1 $work_dpr/${rm_name}_accel1_synth.dcp
# set rm_synth2 $work_dpr/${rm_name}_accel2_synth.dcp
# if {![file exists $rm_synth1] || ![file exists $rm_synth2]} {
#     puts "==> Synthèse du RM $rm_name dans le projet ariane..."
# 
#     # Copie du RM dans le projet CVA6
#     set rm_sv [lindex [glob $rm_dir/*.sv] 0]
#     file copy -force $rm_sv $cva6_fpga/src/accel_wrap.sv
#     puts "  -> RM copié : [file tail $rm_sv] -> accel_wrap.sv"
# 
#     open_project $cva6_fpga/ariane.xpr
# 
#     set_property -name {STEPS.SYNTH_DESIGN.ARGS.FLATTEN_HIERARCHY} \
#         -value {none} -objects [get_runs synth_1]
# 
#     puts "==> Lancement synthèse..."
#     reset_run synth_1
#     launch_runs synth_1 -jobs 8
#     wait_on_run synth_1
#     if {[get_property PROGRESS [get_runs synth_1]] != "100%"} {
#         puts "ERROR: Synthèse échouée."
#         exit 1
#     }
# 
#     open_run synth_1 -name synth_1
# 
#     # Extraire le checkpoint de i_accel1 (STREAM_ID=1)
#     puts "==> Extraction checkpoint accel1 (STREAM_ID=1)..."
#     set cell1_synth [get_cells -quiet i_ariane_peripherals/gen_dma.i_accel1]
#     if {[llength $cell1_synth] == 0} {
#         puts "ERROR: i_accel1 non trouvé dans le netlist"
#         exit 1
#     }
#     write_checkpoint -force -cell $cell1_synth $rm_synth1
#     puts "  -> checkpoint accel1 : $rm_synth1"
# 
#     # Extraire le checkpoint de i_accel2 (STREAM_ID=2)
#     puts "==> Extraction checkpoint accel2 (STREAM_ID=2)..."
#     set cell2_synth [get_cells -quiet i_ariane_peripherals/gen_dma.gen_accel2.i_accel2]
#     if {[llength $cell2_synth] == 0} {
#         puts "ERROR: i_accel2 non trouvé dans le netlist"
#         exit 1
#     }
#     write_checkpoint -force -cell $cell2_synth $rm_synth2
#     puts "  -> checkpoint accel2 : $rm_synth2"
# 
#     close_project
# } else {
#     puts "==> RMs en cache :"
#     puts "    $rm_synth1"
#     puts "    $rm_synth2"
# }
==> Synthèse du RM accel_B dans le projet ariane...
  -> RM copié : accel_wrap.sv -> accel_wrap.sv
INFO: [filemgmt 56-3] Default IP Output Path : Could not find the directory '/home/jc/tmp/riscv-iommu-demo/cva6/corev_apu/fpga/ariane.gen/sources_1'.
CRITICAL WARNING: [Project 1-19] Could not find the file '/home/jc/tmp/riscv-iommu-demo/cva6/corev_apu/fpga/ariane.srcs/utils_1/imports/synth_1/ariane_xilinx.dcp'.
WARNING: [Project 1-865] Could not find the file /home/jc/tmp/riscv-iommu-demo/cva6/corev_apu/fpga/ariane.srcs/utils_1/imports/synth_1/ariane_xilinx.dcp
Scanning sources...
Finished scanning sources
WARNING: [Project 1-865] Could not find the file /home/jc/tmp/riscv-iommu-demo/cva6/corev_apu/fpga/ariane.srcs/utils_1/imports/synth_1/ariane_xilinx.dcp
INFO: [IP_Flow 19-234] Refreshing IP repositories
INFO: [IP_Flow 19-1704] No user IP repositories specified
INFO: [IP_Flow 19-2313] Loaded Vivado IP repository '/tools/Xilinx/Vivado/2022.2/data/ip'.
==> Lancement synthèse...
INFO: [Vivado 12-4149] The synthesis checkpoint for IP '/home/jc/tmp/riscv-iommu-demo/cva6/corev_apu/fpga/xilinx/xlnx_axi_dwidth_converter_dm_master/xlnx_axi_dwidth_converter_dm_master.srcs/sources_1/ip/xlnx_axi_dwidth_converter_dm_master/xlnx_axi_dwidth_converter_dm_master.xci' is already up-to-date
INFO: [Vivado 12-4149] The synthesis checkpoint for IP '/home/jc/tmp/riscv-iommu-demo/cva6/corev_apu/fpga/xilinx/xlnx_axi_dwidth_converter_dm_slave/xlnx_axi_dwidth_converter_dm_slave.srcs/sources_1/ip/xlnx_axi_dwidth_converter_dm_slave/xlnx_axi_dwidth_converter_dm_slave.xci' is already up-to-date
INFO: [Vivado 12-4149] The synthesis checkpoint for IP '/home/jc/tmp/riscv-iommu-demo/cva6/corev_apu/fpga/xilinx/xlnx_mig_7_ddr3/xlnx_mig_7_ddr3.srcs/sources_1/ip/xlnx_mig_7_ddr3/xlnx_mig_7_ddr3.xci' is already up-to-date
INFO: [Vivado 12-4149] The synthesis checkpoint for IP '/home/jc/tmp/riscv-iommu-demo/cva6/corev_apu/fpga/xilinx/xlnx_clk_gen/xlnx_clk_gen.srcs/sources_1/ip/xlnx_clk_gen/xlnx_clk_gen.xci' is already up-to-date
INFO: [Vivado 12-4149] The synthesis checkpoint for IP '/home/jc/tmp/riscv-iommu-demo/cva6/corev_apu/fpga/xilinx/xlnx_axi_clock_converter/xlnx_axi_clock_converter.srcs/sources_1/ip/xlnx_axi_clock_converter/xlnx_axi_clock_converter.xci' is already up-to-date
INFO: [Vivado 12-4149] The synthesis checkpoint for IP '/home/jc/tmp/riscv-iommu-demo/cva6/corev_apu/fpga/xilinx/xlnx_axi_hwicap/xlnx_axi_hwicap.srcs/sources_1/ip/xlnx_axi_hwicap/xlnx_axi_hwicap.xci' is already up-to-date
INFO: [Vivado 12-4149] The synthesis checkpoint for IP '/home/jc/tmp/riscv-iommu-demo/cva6/corev_apu/fpga/xilinx/xlnx_axi_gpio/xlnx_axi_gpio.srcs/sources_1/ip/xlnx_axi_gpio/xlnx_axi_gpio.xci' is already up-to-date
INFO: [Vivado 12-4149] The synthesis checkpoint for IP '/home/jc/tmp/riscv-iommu-demo/cva6/corev_apu/fpga/xilinx/xlnx_axi_dwidth_converter/xlnx_axi_dwidth_converter.srcs/sources_1/ip/xlnx_axi_dwidth_converter/xlnx_axi_dwidth_converter.xci' is already up-to-date
INFO: [Vivado 12-4149] The synthesis checkpoint for IP '/home/jc/tmp/riscv-iommu-demo/cva6/corev_apu/fpga/xilinx/xlnx_axi_quad_spi/xlnx_axi_quad_spi.srcs/sources_1/ip/xlnx_axi_quad_spi/xlnx_axi_quad_spi.xci' is already up-to-date
ERROR: [Vivado 12-3280] Incremental checkpoint file '/home/jc/tmp/riscv-iommu-demo/cva6/corev_apu/fpga/ariane.srcs/utils_1/imports/synth_1/ariane_xilinx.dcp' set on run 'synth_1' does not exist.
INFO: [Common 17-206] Exiting Vivado at Mon Apr 20 13:36:51 2026...
make: *** [Makefile:83 : dpr-partial] Erreur 1
make : on quitte le répertoire « /home/jc/tmp/riscv-iommu-demo/dpr »
