CMD: make -C /home/jc/tmp/riscv-iommu-demo/baremetal-dpr CROSS_COMPILE=/home/jc/Software/riscv64-unknown-elf-gcc-10.1.0-2020.08.2-x86_64-linux-ubuntu14/bin/riscv64-unknown-elf- PLATFORM=cva6 SINGLE_CORE=y -j24
DATE: jeu. 23 avril 2026 01:15:25 CEST
---
make : on entre dans le répertoire « /home/jc/tmp/riscv-iommu-demo/baremetal-dpr »
mkdir -p build/cva6/
mkdir -p build/cva6/arch/riscv/
mkdir -p build/cva6/drivers/8250_uart/
mkdir -p build/cva6/platform/cva6/
mkdir -p build/cva6/core/
/home/jc/Software/riscv64-unknown-elf-gcc-10.1.0-2020.08.2-x86_64-linux-ubuntu14/bin/riscv64-unknown-elf-gcc -mcmodel=medany -march=rv64imac -mabi=lp64 -O0 -g3 -static    -I./src/inc -I./src/core/inc -I./src/platform/cva6/inc -I./src/drivers/8250_uart/inc -I./src/arch/riscv/inc -MD -MF build/cva6/dpr_test.o.d -DSINGLE_CORE=y -c src/dpr_test.c -o build/cva6/dpr_test.o
/home/jc/Software/riscv64-unknown-elf-gcc-10.1.0-2020.08.2-x86_64-linux-ubuntu14/bin/riscv64-unknown-elf-gcc -mcmodel=medany -march=rv64imac -mabi=lp64 -O0 -g3 -static    -I./src/inc -I./src/core/inc -I./src/platform/cva6/inc -I./src/drivers/8250_uart/inc -I./src/arch/riscv/inc -MD -MF build/cva6/main.o.d -DSINGLE_CORE=y -c src/main.c -o build/cva6/main.o
/home/jc/Software/riscv64-unknown-elf-gcc-10.1.0-2020.08.2-x86_64-linux-ubuntu14/bin/riscv64-unknown-elf-gcc -mcmodel=medany -march=rv64imac -mabi=lp64 -O0 -g3 -static    -I./src/inc -I./src/core/inc -I./src/platform/cva6/inc -I./src/drivers/8250_uart/inc -I./src/arch/riscv/inc -MD -MF build/cva6/core/irq.o.d -DSINGLE_CORE=y -c src/core/irq.c -o build/cva6/core/irq.o
/home/jc/Software/riscv64-unknown-elf-gcc-10.1.0-2020.08.2-x86_64-linux-ubuntu14/bin/riscv64-unknown-elf-gcc -mcmodel=medany -march=rv64imac -mabi=lp64 -O0 -g3 -static    -I./src/inc -I./src/core/inc -I./src/platform/cva6/inc -I./src/drivers/8250_uart/inc -I./src/arch/riscv/inc -MD -MF build/cva6/core/retarget.o.d -DSINGLE_CORE=y -c src/core/retarget.c -o build/cva6/core/retarget.o
/home/jc/Software/riscv64-unknown-elf-gcc-10.1.0-2020.08.2-x86_64-linux-ubuntu14/bin/riscv64-unknown-elf-gcc -mcmodel=medany -march=rv64imac -mabi=lp64 -O0 -g3 -static    -I./src/inc -I./src/core/inc -I./src/platform/cva6/inc -I./src/drivers/8250_uart/inc -I./src/arch/riscv/inc -MD -MF build/cva6/platform/cva6/cva6.o.d -DSINGLE_CORE=y -c src/platform/cva6/cva6.c -o build/cva6/platform/cva6/cva6.o
/home/jc/Software/riscv64-unknown-elf-gcc-10.1.0-2020.08.2-x86_64-linux-ubuntu14/bin/riscv64-unknown-elf-gcc -mcmodel=medany -march=rv64imac -mabi=lp64 -O0 -g3 -static    -I./src/inc -I./src/core/inc -I./src/platform/cva6/inc -I./src/drivers/8250_uart/inc -I./src/arch/riscv/inc -MD -MF build/cva6/drivers/8250_uart/8250_uart.o.d -DSINGLE_CORE=y -c src/drivers/8250_uart/8250_uart.c -o build/cva6/drivers/8250_uart/8250_uart.o
/home/jc/Software/riscv64-unknown-elf-gcc-10.1.0-2020.08.2-x86_64-linux-ubuntu14/bin/riscv64-unknown-elf-gcc -mcmodel=medany -march=rv64imac -mabi=lp64 -O0 -g3 -static    -I./src/inc -I./src/core/inc -I./src/platform/cva6/inc -I./src/drivers/8250_uart/inc -I./src/arch/riscv/inc -MD -MF build/cva6/arch/riscv/init.o.d -DSINGLE_CORE=y -c src/arch/riscv/init.c -o build/cva6/arch/riscv/init.o
/home/jc/Software/riscv64-unknown-elf-gcc-10.1.0-2020.08.2-x86_64-linux-ubuntu14/bin/riscv64-unknown-elf-gcc -mcmodel=medany -march=rv64imac -mabi=lp64 -O0 -g3 -static    -I./src/inc -I./src/core/inc -I./src/platform/cva6/inc -I./src/drivers/8250_uart/inc -I./src/arch/riscv/inc -MD -MF build/cva6/arch/riscv/plic.o.d -DSINGLE_CORE=y -c src/arch/riscv/plic.c -o build/cva6/arch/riscv/plic.o
/home/jc/Software/riscv64-unknown-elf-gcc-10.1.0-2020.08.2-x86_64-linux-ubuntu14/bin/riscv64-unknown-elf-gcc -mcmodel=medany -march=rv64imac -mabi=lp64 -O0 -g3 -static    -I./src/inc -I./src/core/inc -I./src/platform/cva6/inc -I./src/drivers/8250_uart/inc -I./src/arch/riscv/inc -MD -MF build/cva6/arch/riscv/sbi.o.d -DSINGLE_CORE=y -c src/arch/riscv/sbi.c -o build/cva6/arch/riscv/sbi.o
/home/jc/Software/riscv64-unknown-elf-gcc-10.1.0-2020.08.2-x86_64-linux-ubuntu14/bin/riscv64-unknown-elf-gcc -mcmodel=medany -march=rv64imac -mabi=lp64 -O0 -g3 -static    -I./src/inc -I./src/core/inc -I./src/platform/cva6/inc -I./src/drivers/8250_uart/inc -I./src/arch/riscv/inc -MD -MF build/cva6/arch/riscv/exceptions.o.d -DSINGLE_CORE=y -c src/arch/riscv/exceptions.c -o build/cva6/arch/riscv/exceptions.o
/home/jc/Software/riscv64-unknown-elf-gcc-10.1.0-2020.08.2-x86_64-linux-ubuntu14/bin/riscv64-unknown-elf-gcc -mcmodel=medany -march=rv64imac -mabi=lp64 -O0 -g3 -static    -I./src/inc -I./src/core/inc -I./src/platform/cva6/inc -I./src/drivers/8250_uart/inc -I./src/arch/riscv/inc -MD -MF build/cva6/arch/riscv/irq.o.d -DSINGLE_CORE=y -c src/arch/riscv/irq.c -o build/cva6/arch/riscv/irq.o
/home/jc/Software/riscv64-unknown-elf-gcc-10.1.0-2020.08.2-x86_64-linux-ubuntu14/bin/riscv64-unknown-elf-gcc -mcmodel=medany -march=rv64imac -mabi=lp64 -O0 -g3 -static    -I./src/inc -I./src/core/inc -I./src/platform/cva6/inc -I./src/drivers/8250_uart/inc -I./src/arch/riscv/inc -MD -MF build/cva6/arch/riscv/timer.o.d -DSINGLE_CORE=y -c src/arch/riscv/timer.c -o build/cva6/arch/riscv/timer.o
/home/jc/Software/riscv64-unknown-elf-gcc-10.1.0-2020.08.2-x86_64-linux-ubuntu14/bin/riscv64-unknown-elf-gcc -mcmodel=medany -march=rv64imac -mabi=lp64 -O0 -g3 -static    -I./src/inc -I./src/core/inc -I./src/platform/cva6/inc -I./src/drivers/8250_uart/inc -I./src/arch/riscv/inc -MD -MF build/cva6/arch/riscv/start.o.d -DSINGLE_CORE=y -c src/arch/riscv/start.S -o build/cva6/arch/riscv/start.o
/home/jc/Software/riscv64-unknown-elf-gcc-10.1.0-2020.08.2-x86_64-linux-ubuntu14/bin/riscv64-unknown-elf-gcc  -I./src/inc -I./src/core/inc -I./src/platform/cva6/inc -I./src/drivers/8250_uart/inc -I./src/arch/riscv/inc -MD -MF build/cva6/linker.ld.d -DSINGLE_CORE=y -E -x assembler-with-cpp src/linker.ld | grep "^[^#;]" > build/cva6/linker.ld
src/dpr_test.c: In function 'hwicap_clear_errors':
src/dpr_test.c:109:5: warning: implicit declaration of function 'hwicap_fifo_reset' [-Wimplicit-function-declaration]
  109 |     hwicap_fifo_reset();
      |     ^~~~~~~~~~~~~~~~~
src/dpr_test.c:110:5: warning: implicit declaration of function 'mmio_write32' [-Wimplicit-function-declaration]
  110 |     mmio_write32(HWICAP_SZ, n);
      |     ^~~~~~~~~~~~
src/dpr_test.c:114:13: warning: implicit declaration of function 'mmio_read32' [-Wimplicit-function-declaration]
  114 |     while ((mmio_read32(HWICAP_CR) & HWICAP_CR_WRITE) && t-- > 0) delay(1);
      |             ^~~~~~~~~~~
src/dpr_test.c:114:67: warning: implicit declaration of function 'delay' [-Wimplicit-function-declaration]
  114 |     while ((mmio_read32(HWICAP_CR) & HWICAP_CR_WRITE) && t-- > 0) delay(1);
      |                                                                   ^~~~~
src/dpr_test.c: At top level:
src/dpr_test.c:122:24: error: conflicting types for 'mmio_read32'
  122 | static inline uint32_t mmio_read32(uint64_t addr) {
      |                        ^~~~~~~~~~~
src/dpr_test.c:114:13: note: previous implicit declaration of 'mmio_read32' was here
  114 |     while ((mmio_read32(HWICAP_CR) & HWICAP_CR_WRITE) && t-- > 0) delay(1);
      |             ^~~~~~~~~~~
src/dpr_test.c:129:20: warning: conflicting types for 'mmio_write32'
  129 | static inline void mmio_write32(uint64_t addr, uint32_t val) {
      |                    ^~~~~~~~~~~~
src/dpr_test.c:129:20: error: static declaration of 'mmio_write32' follows non-static declaration
src/dpr_test.c:110:5: note: previous implicit declaration of 'mmio_write32' was here
  110 |     mmio_write32(HWICAP_SZ, n);
      |     ^~~~~~~~~~~~
src/dpr_test.c:134:13: warning: conflicting types for 'delay'
  134 | static void delay(int loops) {
      |             ^~~~~
src/dpr_test.c:134:13: error: static declaration of 'delay' follows non-static declaration
src/dpr_test.c:114:67: note: previous implicit declaration of 'delay' was here
  114 |     while ((mmio_read32(HWICAP_CR) & HWICAP_CR_WRITE) && t-- > 0) delay(1);
      |                                                                   ^~~~~
src/dpr_test.c:186:13: warning: conflicting types for 'hwicap_fifo_reset'
  186 | static void hwicap_fifo_reset(void) {
      |             ^~~~~~~~~~~~~~~~~
src/dpr_test.c:186:13: error: static declaration of 'hwicap_fifo_reset' follows non-static declaration
src/dpr_test.c:109:5: note: previous implicit declaration of 'hwicap_fifo_reset' was here
  109 |     hwicap_fifo_reset();
      |     ^~~~~~~~~~~~~~~~~
make: *** [Makefile:108 : build/cva6/dpr_test.o] Erreur 1
make: *** Attente des tâches non terminées....
make : on quitte le répertoire « /home/jc/tmp/riscv-iommu-demo/baremetal-dpr »
