CMD: make -C /home/jc/tmp/riscv-iommu-demo/dpr dpr-partial RM=accel_A
DATE: ven. 03 avril 2026 18:14:08 CEST
---
make : on entre dans le répertoire « /home/jc/tmp/riscv-iommu-demo/dpr »
==> Implémentation du module PARTIEL : accel_A
cp /home/jc/tmp/riscv-iommu-demo/dpr/rm/accel_A/accel_*.sv /home/jc/tmp/riscv-iommu-demo/cva6/corev_apu/fpga/src/accel_wrap.sv
vivado -mode batch -nojournal -nolog -source /home/jc/tmp/riscv-iommu-demo/dpr/scripts/run_partial.tcl \
	-tclargs /home/jc/tmp/riscv-iommu-demo/cva6/corev_apu/fpga/work-dpr /home/jc/tmp/riscv-iommu-demo/dpr/rm/accel_A accel_A /home/jc/tmp/riscv-iommu-demo/dpr

****** Vivado v2022.2 (64-bit)
  **** SW Build 3671981 on Fri Oct 14 04:59:54 MDT 2022
  **** IP Build 3669848 on Fri Oct 14 08:30:02 MDT 2022
    ** Copyright 1986-2022 Xilinx, Inc. All Rights Reserved.

source /home/jc/tmp/riscv-iommu-demo/dpr/scripts/run_partial.tcl
# set work_dpr [lindex $argv 0]
# set rm_dir   [lindex $argv 1]
# set rm_name  [lindex $argv 2]
# set cva6_root [file normalize [file join $work_dpr ".." ".." ".."]]
# set cva6_fpga [file normalize [file join $work_dpr ".."]]
# set dpr_dir   [lindex $argv 3]
# set rm_synth1 $work_dpr/${rm_name}_accel1_synth.dcp
# set rm_synth2 $work_dpr/${rm_name}_accel2_synth.dcp
# if {![file exists $rm_synth1] || ![file exists $rm_synth2]} {
#     puts "==> Synthèse du RM $rm_name dans le projet ariane..."
# 
#     # Copie du RM dans le projet CVA6
#     set rm_sv [lindex [glob $rm_dir/*.sv] 0]
#     file copy -force $rm_sv $cva6_fpga/src/accel_wrap.sv
#     puts "  -> RM copié : [file tail $rm_sv] -> accel_wrap.sv"
# 
#     open_project $cva6_fpga/ariane.xpr
# 
#     set_property -name {STEPS.SYNTH_DESIGN.ARGS.FLATTEN_HIERARCHY} \
#         -value {none} -objects [get_runs synth_1]
# 
#     puts "==> Lancement synthèse..."
#     reset_run synth_1
#     launch_runs synth_1 -jobs 8
#     wait_on_run synth_1
#     if {[get_property PROGRESS [get_runs synth_1]] != "100%"} {
#         puts "ERROR: Synthèse échouée."
#         exit 1
#     }
# 
#     open_run synth_1 -name synth_1
# 
#     # Extraire le checkpoint de i_accel1 (STREAM_ID=1)
#     puts "==> Extraction checkpoint accel1 (STREAM_ID=1)..."
#     set cell1_synth [get_cells -quiet i_ariane_peripherals/gen_dma.i_accel1]
#     if {[llength $cell1_synth] == 0} {
#         puts "ERROR: i_accel1 non trouvé dans le netlist"
#         exit 1
#     }
#     write_checkpoint -force -cell $cell1_synth $rm_synth1
#     puts "  -> checkpoint accel1 : $rm_synth1"
# 
#     # Extraire le checkpoint de i_accel2 (STREAM_ID=2)
#     puts "==> Extraction checkpoint accel2 (STREAM_ID=2)..."
#     set cell2_synth [get_cells -quiet i_ariane_peripherals/gen_dma.gen_accel2.i_accel2]
#     if {[llength $cell2_synth] == 0} {
#         puts "ERROR: i_accel2 non trouvé dans le netlist"
#         exit 1
#     }
#     write_checkpoint -force -cell $cell2_synth $rm_synth2
#     puts "  -> checkpoint accel2 : $rm_synth2"
# 
#     close_project
# } else {
#     puts "==> RMs en cache :"
#     puts "    $rm_synth1"
#     puts "    $rm_synth2"
# }
==> RMs en cache :
    /home/jc/tmp/riscv-iommu-demo/cva6/corev_apu/fpga/work-dpr/accel_A_accel1_synth.dcp
    /home/jc/tmp/riscv-iommu-demo/cva6/corev_apu/fpga/work-dpr/accel_A_accel2_synth.dcp
# puts "==> Ouverture du checkpoint statique..."
==> Ouverture du checkpoint statique...
# open_checkpoint $work_dpr/static_routed.dcp
Command: open_checkpoint /home/jc/tmp/riscv-iommu-demo/cva6/corev_apu/fpga/work-dpr/static_routed.dcp

Starting open_checkpoint Task

Time (s): cpu = 00:00:00.01 ; elapsed = 00:00:00.03 . Memory (MB): peak = 1401.734 ; gain = 0.000 ; free physical = 9998 ; free virtual = 18640
INFO: [Device 21-403] Loading part xc7k325tffg900-2
Netlist sorting complete. Time (s): cpu = 00:00:00.72 ; elapsed = 00:00:00.72 . Memory (MB): peak = 2011.789 ; gain = 0.000 ; free physical = 9310 ; free virtual = 17953
INFO: [Netlist 29-17] Analyzing 9860 Unisim elements for replacement
INFO: [Netlist 29-28] Unisim Transformation completed in 0 CPU seconds
INFO: [Project 1-479] Netlist was created with Vivado 2022.2
INFO: [Project 1-570] Preparing netlist for logic optimization
WARNING: [Constraints 18-550] Could not create 'IBUF_LOW_PWR' constraint because net 'i_xlnx_clk_gen/clk_in1' is not directly connected to top level port. Synthesis is ignored for IBUF_LOW_PWR but preserved for implementation.
INFO: [Timing 38-478] Restoring timing data from binary archive.
INFO: [Timing 38-479] Binary timing data restore complete.
INFO: [Project 1-856] Restoring constraints from binary archive.
INFO: [Project 1-853] Binary constraint restore complete.
Reading XDEF placement.
Reading placer database...
Reading XDEF routing.
Read XDEF Files: Time (s): cpu = 00:00:08 ; elapsed = 00:00:08 . Memory (MB): peak = 3317.547 ; gain = 200.859 ; free physical = 8179 ; free virtual = 16822
Restored from archive | CPU: 7.940000 secs | Memory: 178.556747 MB |
Finished XDEF File Restore: Time (s): cpu = 00:00:08 ; elapsed = 00:00:08 . Memory (MB): peak = 3317.547 ; gain = 200.859 ; free physical = 8179 ; free virtual = 16822
INFO: [Project 1-486] Could not resolve non-primitive black box cell 'accel_wrap__parameterized0_bb' instantiated as 'i_ariane_peripherals/gen_dma.i_accel1' [/home/jc/tmp/riscv-iommu-demo/cva6/vendor/pulp-platform/axi/include/axi/assign.svh:748]
INFO: [Project 1-486] Could not resolve non-primitive black box cell 'accel_wrap_bb' instantiated as 'i_ariane_peripherals/gen_dma.gen_accel2.i_accel2' [/home/jc/tmp/riscv-iommu-demo/cva6/vendor/pulp-platform/axi/include/axi/assign.svh:993]
Netlist sorting complete. Time (s): cpu = 00:00:00.01 ; elapsed = 00:00:00.01 . Memory (MB): peak = 3317.547 ; gain = 0.000 ; free physical = 8179 ; free virtual = 16821
INFO: [Project 1-111] Unisim Transformation Summary:
  A total of 355 instances were transformed.
  IOBUF => IOBUF (IBUF, OBUFT): 1 instance 
  IOBUFDS_DIFF_OUT_DCIEN => IOBUFDS_DIFF_OUT_DCIEN (IBUFDS_IBUFDISABLE_INT(x2), INV, OBUFTDS_DCIEN(x2)): 4 instances
  IOBUF_DCIEN => IOBUF_DCIEN (IBUF_IBUFDISABLE, OBUFT_DCIEN): 32 instances
  LUT6_2 => LUT6_2 (LUT5, LUT6): 17 instances
  OBUFDS => OBUFDS_DUAL_BUF (INV, OBUFDS(x2)): 1 instance 
  RAM32M => RAM32M (RAMD32(x6), RAMS32(x2)): 282 instances
  RAM32X1D => RAM32X1D (RAMD32(x2)): 18 instances

INFO: [Project 1-604] Checkpoint was created with Vivado v2022.2 (64-bit) build 3671981
OpenCheckpoint Checksum | Checksum: 81a8f49c
----- Checksum: PlaceDB: 4016b577 ShapeSum: 180b8020 RouteDB: 2986bf05 
open_checkpoint: Time (s): cpu = 00:00:34 ; elapsed = 00:00:35 . Memory (MB): peak = 3317.547 ; gain = 1915.812 ; free physical = 8188 ; free virtual = 16831
# puts "==> Rechargement du XDC des pblocks DFX..."
==> Rechargement du XDC des pblocks DFX...
# set pblock_xdc $dpr_dir/constraints/pblock_accels_impl.xdc
# if {![file exists $pblock_xdc]} {
#     puts "ERROR: XDC pblock introuvable : $pblock_xdc"
#     exit 1
# }
# foreach pb [get_pblocks -quiet] {
#     delete_pblocks $pb
# }
# read_xdc $pblock_xdc
Parsing XDC File [/home/jc/tmp/riscv-iommu-demo/dpr/constraints/pblock_accels_impl.xdc]
WARNING: [Vivado 12-4775] These ranges will be aligned to a tile boundary: DSP48_X0Y60:DSP48_X1Y64 [/home/jc/tmp/riscv-iommu-demo/dpr/constraints/pblock_accels_impl.xdc:5]
WARNING: [Vivado 12-4775] These ranges will be aligned to a tile boundary: DSP48_X2Y60:DSP48_X5Y64 [/home/jc/tmp/riscv-iommu-demo/dpr/constraints/pblock_accels_impl.xdc:15]
Finished Parsing XDC File [/home/jc/tmp/riscv-iommu-demo/dpr/constraints/pblock_accels_impl.xdc]
# set_property used_in_synthesis false [get_files $pblock_xdc]
# puts "  -> XDC chargé : $pblock_xdc"
  -> XDC chargé : /home/jc/tmp/riscv-iommu-demo/dpr/constraints/pblock_accels_impl.xdc
# foreach pb [get_pblocks] {
#     puts "  PBLOCK: $pb -> [get_property GRID_RANGES $pb]"
# }
  PBLOCK: pblock_accel1 -> RAMB36_X0Y25:RAMB36_X1Y29 RAMB18_X0Y50:RAMB18_X1Y59 DSP48_X0Y60:DSP48_X1Y65 SLICE_X0Y250:SLICE_X71Y299
  PBLOCK: pblock_accel2 -> RAMB36_X2Y25:RAMB36_X4Y29 RAMB18_X2Y50:RAMB18_X4Y59 DSP48_X2Y60:DSP48_X5Y65 SLICE_X72Y250:SLICE_X145Y299
# set cell1 [get_cells -quiet i_ariane_peripherals/gen_dma.i_accel1]
# set cell2 [get_cells -quiet i_ariane_peripherals/gen_dma.gen_accel2.i_accel2]
# if {[llength $cell1] == 0} { puts "ERROR: i_accel1 non trouvé"; exit 1 }
# if {[llength $cell2] == 0} { puts "ERROR: i_accel2 non trouvé"; exit 1 }
# read_checkpoint -cell $cell1 $rm_synth1
Command: read_checkpoint -cell [get_cells -quiet i_ariane_peripherals/gen_dma.i_accel1] /home/jc/tmp/riscv-iommu-demo/cva6/corev_apu/fpga/work-dpr/accel_A_accel1_synth.dcp
WARNING: [Vivado 12-12435] Any Tcl variable pointing to design objects become invalid when read_checkpoint is executed subsequently after open_checkpoint. The content of those variables need to be rebuilt after read_checkpoint. Otherwise this could result in unwanted behavior due to referencing objects that do not exist anymore.
INFO: [Timing 38-480] Writing timing data to binary archive.
Writing XDEF routing.
Writing XDEF routing logical nets.
Writing XDEF routing special nets.
Write XDEF Complete: Time (s): cpu = 00:00:24 ; elapsed = 00:00:11 . Memory (MB): peak = 3589.031 ; gain = 190.465 ; free physical = 7813 ; free virtual = 16721
report_design_analysis: Time (s): cpu = 00:00:15 ; elapsed = 00:00:08 . Memory (MB): peak = 3667.047 ; gain = 78.016 ; free physical = 7644 ; free virtual = 16553
INFO: [Project 1-454] Reading design checkpoint '/home/jc/tmp/riscv-iommu-demo/cva6/corev_apu/fpga/work-dpr/accel_A_accel1_synth.dcp' for cell 'i_ariane_peripherals/gen_dma.i_accel1'
Netlist sorting complete. Time (s): cpu = 00:00:00.73 ; elapsed = 00:00:00.73 . Memory (MB): peak = 3667.047 ; gain = 0.000 ; free physical = 8685 ; free virtual = 17397
INFO: [Netlist 29-17] Analyzing 9860 Unisim elements for replacement
INFO: [Netlist 29-28] Unisim Transformation completed in 0 CPU seconds
INFO: [Project 1-479] Netlist was created with Vivado 2022.2
INFO: [Project 1-570] Preparing netlist for logic optimization
WARNING: [Constraints 18-550] Could not create 'IBUF_LOW_PWR' constraint because net 'i_xlnx_clk_gen/clk_in1' is not directly connected to top level port. Synthesis is ignored for IBUF_LOW_PWR but preserved for implementation.
Parsing XDC File [/home/jc/tmp/riscv-iommu-demo/dpr/.Xil/Vivado-66068-jc-VirtualBox/readCheckpointCellTempDcp/temp/ariane_xilinx_board.xdc]
Finished Parsing XDC File [/home/jc/tmp/riscv-iommu-demo/dpr/.Xil/Vivado-66068-jc-VirtualBox/readCheckpointCellTempDcp/temp/ariane_xilinx_board.xdc]
Parsing XDC File [/home/jc/tmp/riscv-iommu-demo/dpr/.Xil/Vivado-66068-jc-VirtualBox/readCheckpointCellTempDcp/temp/ariane_xilinx_early.xdc]
INFO: [Timing 38-35] Done setting XDC timing constraints. [/home/jc/tmp/riscv-iommu-demo/cva6/corev_apu/fpga/xilinx/xlnx_clk_gen/xlnx_clk_gen.gen/sources_1/ip/xlnx_clk_gen/xlnx_clk_gen.xdc:57]
INFO: [Timing 38-2] Deriving generated clocks [/home/jc/tmp/riscv-iommu-demo/cva6/corev_apu/fpga/xilinx/xlnx_clk_gen/xlnx_clk_gen.gen/sources_1/ip/xlnx_clk_gen/xlnx_clk_gen.xdc:57]
Finished Parsing XDC File [/home/jc/tmp/riscv-iommu-demo/dpr/.Xil/Vivado-66068-jc-VirtualBox/readCheckpointCellTempDcp/temp/ariane_xilinx_early.xdc]
Parsing XDC File [/home/jc/tmp/riscv-iommu-demo/dpr/.Xil/Vivado-66068-jc-VirtualBox/readCheckpointCellTempDcp/temp/ariane_xilinx.xdc]
Finished Parsing XDC File [/home/jc/tmp/riscv-iommu-demo/dpr/.Xil/Vivado-66068-jc-VirtualBox/readCheckpointCellTempDcp/temp/ariane_xilinx.xdc]
Parsing XDC File [/home/jc/tmp/riscv-iommu-demo/dpr/.Xil/Vivado-66068-jc-VirtualBox/readCheckpointCellTempDcp/temp/ariane_xilinx_late.xdc]
Finished Parsing XDC File [/home/jc/tmp/riscv-iommu-demo/dpr/.Xil/Vivado-66068-jc-VirtualBox/readCheckpointCellTempDcp/temp/ariane_xilinx_late.xdc]
Reading XDEF placement.
Reading placer database...
Reading XDEF routing.
Read XDEF Files: Time (s): cpu = 00:00:08 ; elapsed = 00:00:08 . Memory (MB): peak = 3667.047 ; gain = 0.000 ; free physical = 8173 ; free virtual = 16884
Restored from archive | CPU: 7.870000 secs | Memory: 177.792496 MB |
Finished XDEF File Restore: Time (s): cpu = 00:00:08 ; elapsed = 00:00:08 . Memory (MB): peak = 3667.047 ; gain = 0.000 ; free physical = 8173 ; free virtual = 16884
Reading XDEF placement.
Reading placer database...
Reading XDEF routing.
Read XDEF Files: Time (s): cpu = 00:00:00.02 ; elapsed = 00:00:00.02 . Memory (MB): peak = 3667.047 ; gain = 0.000 ; free physical = 8138 ; free virtual = 16849
Restored from archive | CPU: 0.020000 secs | Memory: 0.000000 MB |
Finished XDEF File Restore: Time (s): cpu = 00:00:00.02 ; elapsed = 00:00:00.03 . Memory (MB): peak = 3667.047 ; gain = 0.000 ; free physical = 8138 ; free virtual = 16849
INFO: [Project 1-486] Could not resolve non-primitive black box cell 'accel_wrap_bb' instantiated as 'i_ariane_peripherals/gen_dma.gen_accel2.i_accel2' [/home/jc/tmp/riscv-iommu-demo/cva6/vendor/pulp-platform/axi/include/axi/assign.svh:993]
Netlist sorting complete. Time (s): cpu = 00:00:00.01 ; elapsed = 00:00:00.01 . Memory (MB): peak = 3667.047 ; gain = 0.000 ; free physical = 8124 ; free virtual = 16836
INFO: [Project 1-111] Unisim Transformation Summary:
  A total of 355 instances were transformed.
  IOBUF => IOBUF (IBUF, OBUFT): 1 instance 
  IOBUFDS_DIFF_OUT_DCIEN => IOBUFDS_DIFF_OUT_DCIEN (IBUFDS_IBUFDISABLE_INT(x2), INV, OBUFTDS_DCIEN(x2)): 4 instances
  IOBUF_DCIEN => IOBUF_DCIEN (IBUF_IBUFDISABLE, OBUFT_DCIEN): 32 instances
  LUT6_2 => LUT6_2 (LUT5, LUT6): 17 instances
  OBUFDS => OBUFDS_DUAL_BUF (INV, OBUFDS(x2)): 1 instance 
  RAM32M => RAM32M (RAMD32(x6), RAMS32(x2)): 282 instances
  RAM32X1D => RAM32X1D (RAMD32(x2)): 18 instances

read_checkpoint: Time (s): cpu = 00:01:20 ; elapsed = 00:00:53 . Memory (MB): peak = 3667.047 ; gain = 349.500 ; free physical = 8218 ; free virtual = 16862
# puts "  -> RM accel1 chargé (STREAM_ID=1) : $rm_synth1"
  -> RM accel1 chargé (STREAM_ID=1) : /home/jc/tmp/riscv-iommu-demo/cva6/corev_apu/fpga/work-dpr/accel_A_accel1_synth.dcp
# set cell2 [get_cells -quiet i_ariane_peripherals/gen_dma.gen_accel2.i_accel2]
# if {[llength $cell2] == 0} {
#     puts "ERROR: i_accel2 non trouvé après chargement accel1"
#     exit 1
# }
# read_checkpoint -cell $cell2 $rm_synth2
Command: read_checkpoint -cell [get_cells -quiet i_ariane_peripherals/gen_dma.gen_accel2.i_accel2] /home/jc/tmp/riscv-iommu-demo/cva6/corev_apu/fpga/work-dpr/accel_A_accel2_synth.dcp
WARNING: [Vivado 12-12435] Any Tcl variable pointing to design objects become invalid when read_checkpoint is executed subsequently after open_checkpoint. The content of those variables need to be rebuilt after read_checkpoint. Otherwise this could result in unwanted behavior due to referencing objects that do not exist anymore.
INFO: [Timing 38-480] Writing timing data to binary archive.
Writing XDEF routing.
Writing XDEF routing logical nets.
Writing XDEF routing special nets.
Write XDEF Complete: Time (s): cpu = 00:00:19 ; elapsed = 00:00:08 . Memory (MB): peak = 3701.605 ; gain = 34.559 ; free physical = 7766 ; free virtual = 16648
report_design_analysis: Time (s): cpu = 00:00:17 ; elapsed = 00:00:08 . Memory (MB): peak = 3723.594 ; gain = 21.988 ; free physical = 7772 ; free virtual = 16655
INFO: [Project 1-454] Reading design checkpoint '/home/jc/tmp/riscv-iommu-demo/cva6/corev_apu/fpga/work-dpr/accel_A_accel2_synth.dcp' for cell 'i_ariane_peripherals/gen_dma.gen_accel2.i_accel2'
Netlist sorting complete. Time (s): cpu = 00:00:00.76 ; elapsed = 00:00:00.77 . Memory (MB): peak = 3723.594 ; gain = 0.000 ; free physical = 8564 ; free virtual = 17276
INFO: [Netlist 29-17] Analyzing 9860 Unisim elements for replacement
INFO: [Netlist 29-28] Unisim Transformation completed in 0 CPU seconds
INFO: [Project 1-479] Netlist was created with Vivado 2022.2
INFO: [Project 1-570] Preparing netlist for logic optimization
WARNING: [Constraints 18-550] Could not create 'IBUF_LOW_PWR' constraint because net 'i_xlnx_clk_gen/clk_in1' is not directly connected to top level port. Synthesis is ignored for IBUF_LOW_PWR but preserved for implementation.
Parsing XDC File [/home/jc/tmp/riscv-iommu-demo/dpr/.Xil/Vivado-66068-jc-VirtualBox/readCheckpointCellTempDcp/temp/ariane_xilinx_board.xdc]
Finished Parsing XDC File [/home/jc/tmp/riscv-iommu-demo/dpr/.Xil/Vivado-66068-jc-VirtualBox/readCheckpointCellTempDcp/temp/ariane_xilinx_board.xdc]
Parsing XDC File [/home/jc/tmp/riscv-iommu-demo/dpr/.Xil/Vivado-66068-jc-VirtualBox/readCheckpointCellTempDcp/temp/ariane_xilinx_early.xdc]
INFO: [Timing 38-35] Done setting XDC timing constraints. [/home/jc/tmp/riscv-iommu-demo/cva6/corev_apu/fpga/xilinx/xlnx_clk_gen/xlnx_clk_gen.gen/sources_1/ip/xlnx_clk_gen/xlnx_clk_gen.xdc:57]
INFO: [Timing 38-2] Deriving generated clocks [/home/jc/tmp/riscv-iommu-demo/cva6/corev_apu/fpga/xilinx/xlnx_clk_gen/xlnx_clk_gen.gen/sources_1/ip/xlnx_clk_gen/xlnx_clk_gen.xdc:57]
Finished Parsing XDC File [/home/jc/tmp/riscv-iommu-demo/dpr/.Xil/Vivado-66068-jc-VirtualBox/readCheckpointCellTempDcp/temp/ariane_xilinx_early.xdc]
Parsing XDC File [/home/jc/tmp/riscv-iommu-demo/dpr/.Xil/Vivado-66068-jc-VirtualBox/readCheckpointCellTempDcp/temp/ariane_xilinx.xdc]
Finished Parsing XDC File [/home/jc/tmp/riscv-iommu-demo/dpr/.Xil/Vivado-66068-jc-VirtualBox/readCheckpointCellTempDcp/temp/ariane_xilinx.xdc]
Parsing XDC File [/home/jc/tmp/riscv-iommu-demo/dpr/.Xil/Vivado-66068-jc-VirtualBox/readCheckpointCellTempDcp/temp/ariane_xilinx_late.xdc]
Finished Parsing XDC File [/home/jc/tmp/riscv-iommu-demo/dpr/.Xil/Vivado-66068-jc-VirtualBox/readCheckpointCellTempDcp/temp/ariane_xilinx_late.xdc]
Reading XDEF placement.
Reading placer database...
Reading XDEF routing.
Read XDEF Files: Time (s): cpu = 00:00:08 ; elapsed = 00:00:08 . Memory (MB): peak = 3723.594 ; gain = 0.000 ; free physical = 8139 ; free virtual = 16851
Restored from archive | CPU: 7.880000 secs | Memory: 177.792259 MB |
Finished XDEF File Restore: Time (s): cpu = 00:00:08 ; elapsed = 00:00:08 . Memory (MB): peak = 3723.594 ; gain = 0.000 ; free physical = 8139 ; free virtual = 16851
Reading XDEF placement.
Reading placer database...
Reading XDEF routing.
Read XDEF Files: Time (s): cpu = 00:00:00.03 ; elapsed = 00:00:00.06 . Memory (MB): peak = 3723.594 ; gain = 0.000 ; free physical = 8098 ; free virtual = 16810
Restored from archive | CPU: 0.030000 secs | Memory: 0.000000 MB |
Finished XDEF File Restore: Time (s): cpu = 00:00:00.04 ; elapsed = 00:00:00.07 . Memory (MB): peak = 3723.594 ; gain = 0.000 ; free physical = 8098 ; free virtual = 16810
Netlist sorting complete. Time (s): cpu = 00:00:00.01 ; elapsed = 00:00:00.01 . Memory (MB): peak = 3723.594 ; gain = 0.000 ; free physical = 8076 ; free virtual = 16787
INFO: [Project 1-111] Unisim Transformation Summary:
  A total of 355 instances were transformed.
  IOBUF => IOBUF (IBUF, OBUFT): 1 instance 
  IOBUFDS_DIFF_OUT_DCIEN => IOBUFDS_DIFF_OUT_DCIEN (IBUFDS_IBUFDISABLE_INT(x2), INV, OBUFTDS_DCIEN(x2)): 4 instances
  IOBUF_DCIEN => IOBUF_DCIEN (IBUF_IBUFDISABLE, OBUFT_DCIEN): 32 instances
  LUT6_2 => LUT6_2 (LUT5, LUT6): 17 instances
  OBUFDS => OBUFDS_DUAL_BUF (INV, OBUFDS(x2)): 1 instance 
  RAM32M => RAM32M (RAMD32(x6), RAMS32(x2)): 282 instances
  RAM32X1D => RAM32X1D (RAMD32(x2)): 18 instances

read_checkpoint: Time (s): cpu = 00:01:17 ; elapsed = 00:00:52 . Memory (MB): peak = 3723.594 ; gain = 56.547 ; free physical = 8173 ; free virtual = 16816
# puts "  -> RM accel2 chargé (STREAM_ID=2) : $rm_synth2"
  -> RM accel2 chargé (STREAM_ID=2) : /home/jc/tmp/riscv-iommu-demo/cva6/corev_apu/fpga/work-dpr/accel_A_accel2_synth.dcp
# puts "==> opt_design..."
==> opt_design...
# opt_design -directive RuntimeOptimized
Command: opt_design -directive RuntimeOptimized
INFO: [Vivado_Tcl 4-136] Directive used for opt_design is: RuntimeOptimized
Attempting to get a license for feature 'Implementation' and/or device 'xc7k325t'
INFO: [Common 17-349] Got license for feature 'Implementation' and/or device 'xc7k325t'
INFO: [Common 17-1540] The version limit for your license is '2025.10' and has expired for new software. A version limit expiration means that, although you may be able to continue to use the current version of tools or IP with this license, you will not be eligible for new releases.
Running DRC as a precondition to command opt_design

Starting DRC Task
INFO: [DRC 23-27] Running DRC with 8 threads
INFO: [Project 1-461] DRC finished with 0 Errors
INFO: [Project 1-462] Please refer to the DRC report (report_drc) for more information.

Time (s): cpu = 00:00:05 ; elapsed = 00:00:03 . Memory (MB): peak = 3739.602 ; gain = 16.008 ; free physical = 8095 ; free virtual = 16738

Starting Logic Optimization Task

Phase 1 Retarget
INFO: [Opt 31-138] Pushed 0 inverter(s) to 0 load pin(s).
INFO: [Opt 31-49] Retargeted 0 cell(s).
Phase 1 Retarget | Checksum: 1f82718b9

Time (s): cpu = 00:00:29 ; elapsed = 00:00:17 . Memory (MB): peak = 4046.281 ; gain = 153.742 ; free physical = 7904 ; free virtual = 16547
INFO: [Opt 31-389] Phase Retarget created 0 cells and removed 0 cells
INFO: [Opt 31-1021] In phase Retarget, 10823 netlist objects are constrained preventing optimization. Please run opt_design with -debug_log to get more detail. 

Phase 2 Constant propagation
INFO: [Opt 31-138] Pushed 0 inverter(s) to 0 load pin(s).
Phase 2 Constant propagation | Checksum: 1f82718b9

Time (s): cpu = 00:00:31 ; elapsed = 00:00:19 . Memory (MB): peak = 4046.281 ; gain = 153.742 ; free physical = 7924 ; free virtual = 16567
INFO: [Opt 31-389] Phase Constant propagation created 0 cells and removed 0 cells
INFO: [Opt 31-1021] In phase Constant propagation, 288 netlist objects are constrained preventing optimization. Please run opt_design with -debug_log to get more detail. 

Phase 3 Sweep
Phase 3 Sweep | Checksum: 1f82718b9

Time (s): cpu = 00:00:36 ; elapsed = 00:00:24 . Memory (MB): peak = 4046.281 ; gain = 153.742 ; free physical = 7825 ; free virtual = 16468
INFO: [Opt 31-389] Phase Sweep created 0 cells and removed 0 cells
INFO: [Opt 31-1021] In phase Sweep, 612005 netlist objects are constrained preventing optimization. Please run opt_design with -debug_log to get more detail. 

Phase 4 BUFG optimization
Phase 4 BUFG optimization | Checksum: 1f82718b9

Time (s): cpu = 00:00:40 ; elapsed = 00:00:27 . Memory (MB): peak = 4046.281 ; gain = 153.742 ; free physical = 7880 ; free virtual = 16523
INFO: [Opt 31-662] Phase BUFG optimization created 0 cells of which 0 are BUFGs and removed 0 cells.

Phase 5 Shift Register Optimization
INFO: [Opt 31-1064] SRL Remap converted 0 SRLs to 0 registers and converted 0 registers of register chains to 0 SRLs
Phase 5 Shift Register Optimization | Checksum: 1f82718b9

Time (s): cpu = 00:00:42 ; elapsed = 00:00:29 . Memory (MB): peak = 4046.281 ; gain = 153.742 ; free physical = 7886 ; free virtual = 16529
INFO: [Opt 31-389] Phase Shift Register Optimization created 0 cells and removed 0 cells

Phase 6 Post Processing Netlist
Phase 6 Post Processing Netlist | Checksum: 1f82718b9

Time (s): cpu = 00:00:44 ; elapsed = 00:00:32 . Memory (MB): peak = 4046.281 ; gain = 153.742 ; free physical = 7900 ; free virtual = 16543
INFO: [Opt 31-389] Phase Post Processing Netlist created 0 cells and removed 0 cells
INFO: [Opt 31-1021] In phase Post Processing Netlist, 374 netlist objects are constrained preventing optimization. Please run opt_design with -debug_log to get more detail. 
Opt_design Change Summary
=========================


-------------------------------------------------------------------------------------------------------------------------
|  Phase                        |  #Cells created  |  #Cells Removed  |  #Constrained objects preventing optimizations  |
-------------------------------------------------------------------------------------------------------------------------
|  Retarget                     |               0  |               0  |                                          10823  |
|  Constant propagation         |               0  |               0  |                                            288  |
|  Sweep                        |               0  |               0  |                                         612005  |
|  BUFG optimization            |               0  |               0  |                                              0  |
|  Shift Register Optimization  |               0  |               0  |                                              0  |
|  Post Processing Netlist      |               0  |               0  |                                            374  |
-------------------------------------------------------------------------------------------------------------------------



Starting Connectivity Check Task

Time (s): cpu = 00:00:00.31 ; elapsed = 00:00:00.26 . Memory (MB): peak = 4046.281 ; gain = 0.000 ; free physical = 7902 ; free virtual = 16546
Ending Logic Optimization Task | Checksum: 228c7e9e6

Time (s): cpu = 00:00:47 ; elapsed = 00:00:34 . Memory (MB): peak = 4046.281 ; gain = 153.742 ; free physical = 7903 ; free virtual = 16547

Starting Netlist Obfuscation Task
Netlist sorting complete. Time (s): cpu = 00:00:00.02 ; elapsed = 00:00:00.02 . Memory (MB): peak = 4046.281 ; gain = 0.000 ; free physical = 7887 ; free virtual = 16530
Ending Netlist Obfuscation Task | Checksum: 228c7e9e6

Time (s): cpu = 00:00:02 ; elapsed = 00:00:02 . Memory (MB): peak = 4046.281 ; gain = 0.000 ; free physical = 7900 ; free virtual = 16544
INFO: [Common 17-83] Releasing license: Implementation
21 Infos, 0 Warnings, 0 Critical Warnings and 0 Errors encountered.
opt_design completed successfully
opt_design: Time (s): cpu = 00:00:56 ; elapsed = 00:00:41 . Memory (MB): peak = 4046.281 ; gain = 322.688 ; free physical = 7900 ; free virtual = 16544
# puts "==> place_design..."
==> place_design...
# place_design -directive RuntimeOptimized
Command: place_design -directive RuntimeOptimized
Attempting to get a license for feature 'Implementation' and/or device 'xc7k325t'
INFO: [Common 17-349] Got license for feature 'Implementation' and/or device 'xc7k325t'
INFO: [Common 17-1540] The version limit for your license is '2025.10' and has expired for new software. A version limit expiration means that, although you may be able to continue to use the current version of tools or IP with this license, you will not be eligible for new releases.
INFO: [DRC 23-27] Running DRC with 8 threads
INFO: [Vivado_Tcl 4-198] DRC finished with 0 Errors
INFO: [Vivado_Tcl 4-199] Please refer to the DRC report (report_drc) for more information.
Running DRC as a precondition to command place_design
INFO: [DRC 23-27] Running DRC with 8 threads
GCIO site IOB_X0Y22
GCIO site IOB_X0Y24
GCIO site IOB_X0Y26
GCIO site IOB_X0Y28
GCIO site IOB_X1Y22
GCIO site IOB_X1Y24
GCIO site IOB_X1Y26
GCIO site IOB_X1Y28
GCIO site IOB_X0Y72
GCIO site IOB_X0Y74
GCIO site IOB_X0Y76
GCIO site IOB_X0Y78
GCIO site IOB_X1Y72
GCIO site IOB_X1Y74
GCIO site IOB_X1Y76
GCIO site IOB_X1Y78
GCIO site IOB_X0Y122
GCIO site IOB_X0Y124
GCIO site IOB_X0Y126
GCIO site IOB_X0Y128
GCIO site IOB_X1Y122
GCIO site IOB_X1Y124
GCIO site IOB_X1Y126
GCIO site IOB_X1Y128
GCIO site IOB_X0Y172
GCIO site IOB_X0Y174
GCIO site IOB_X0Y176
GCIO site IOB_X0Y178
GCIO site IOB_X0Y222
GCIO site IOB_X0Y224
GCIO site IOB_X0Y226
GCIO site IOB_X0Y228
GCIO site IOB_X0Y272
GCIO site IOB_X0Y274
GCIO site IOB_X0Y276
GCIO site IOB_X0Y278
GCIO site IOB_X0Y322
GCIO site IOB_X0Y324
GCIO site IOB_X0Y326
GCIO site IOB_X0Y328
WARNING: [DRC 23-804] Only the first 20 REQP-1839 messages were issued by report_drc. An additional 1 messages have not been issued. Use 'set_property MAX_MESSAGES <number> [get_drc_check REQP-1839]' to change the number of messages that should be reported.
INFO: [Vivado_Tcl 4-198] DRC finished with 0 Errors, 34 Warnings
INFO: [Vivado_Tcl 4-199] Please refer to the DRC report (report_drc) for more information.

Starting Placer Task
INFO: [Place 46-5] The placer was invoked with the 'RuntimeOptimized' directive.
INFO: [Place 30-611] Multithreading enabled for place_design using a maximum of 8 CPUs

Phase 1 Placer Initialization

Phase 1.1 Placer Initialization Netlist Sorting
Netlist sorting complete. Time (s): cpu = 00:00:00.01 ; elapsed = 00:00:00.03 . Memory (MB): peak = 4151.258 ; gain = 0.000 ; free physical = 7597 ; free virtual = 16240
Phase 1.1 Placer Initialization Netlist Sorting | Checksum: eb654f05

Time (s): cpu = 00:00:01 ; elapsed = 00:00:01 . Memory (MB): peak = 4151.258 ; gain = 0.000 ; free physical = 7598 ; free virtual = 16242
Netlist sorting complete. Time (s): cpu = 00:00:00.01 ; elapsed = 00:00:00.02 . Memory (MB): peak = 4151.258 ; gain = 0.000 ; free physical = 7598 ; free virtual = 16242

Phase 1.2 IO Placement/ Clock Placement/ Build Placer Device
INFO: [Timing 38-35] Done setting XDC timing constraints.
GCIO site IOB_X0Y22
GCIO site IOB_X0Y24
GCIO site IOB_X0Y26
GCIO site IOB_X0Y28
GCIO site IOB_X1Y22
GCIO site IOB_X1Y24
GCIO site IOB_X1Y26
GCIO site IOB_X1Y28
GCIO site IOB_X0Y72
GCIO site IOB_X0Y74
GCIO site IOB_X0Y76
GCIO site IOB_X0Y78
GCIO site IOB_X1Y72
GCIO site IOB_X1Y74
GCIO site IOB_X1Y76
GCIO site IOB_X1Y78
GCIO site IOB_X0Y122
GCIO site IOB_X0Y124
GCIO site IOB_X0Y126
GCIO site IOB_X0Y128
GCIO site IOB_X1Y122
GCIO site IOB_X1Y124
GCIO site IOB_X1Y126
GCIO site IOB_X1Y128
GCIO site IOB_X0Y172
GCIO site IOB_X0Y174
GCIO site IOB_X0Y176
GCIO site IOB_X0Y178
GCIO site IOB_X0Y222
GCIO site IOB_X0Y224
GCIO site IOB_X0Y226
GCIO site IOB_X0Y228
GCIO site IOB_X0Y272
GCIO site IOB_X0Y274
GCIO site IOB_X0Y276
GCIO site IOB_X0Y278
GCIO site IOB_X0Y322
GCIO site IOB_X0Y324
GCIO site IOB_X0Y326
GCIO site IOB_X0Y328
WARNING: [Place 30-575] Sub-optimal placement for a clock-capable IO pin and MMCM pair. This is normally an ERROR but the CLOCK_DEDICATED_ROUTE constraint is set to FALSE allowing your design to continue. The use of this override is highly discouraged as it may lead to very poor timing results. It is recommended that this error condition be corrected in the design.

	i_ddr/u_xlnx_mig_7_ddr3_mig/u_ddr3_clk_ibuf/diff_input_clk.u_ibufg_sys_clk (IBUFDS.O) is locked to IOB_X1Y76
	i_ddr/u_xlnx_mig_7_ddr3_mig/u_iodelay_ctrl/clk_ref_mmcm_gen.mmcm_i (MMCME2_ADV.CLKIN1) is locked to MMCME2_ADV_X1Y2
Resolution: A dedicated routing path between the two can be used if: (a) The clock-capable IO (CCIO) is placed on a CCIO capable site (b) The MMCM is placed in the same clock region as the CCIO pin. If the IOB is driving multiple MMCMs, all MMCMs must be placed in the same clock region, one clock region above or one clock region below the IOB. Both the above conditions must be met at the same time, else it may lead to longer and less predictable clock insertion delays.
Phase 1.2 IO Placement/ Clock Placement/ Build Placer Device | Checksum: d494f260

Time (s): cpu = 00:00:23 ; elapsed = 00:00:18 . Memory (MB): peak = 4470.727 ; gain = 319.469 ; free physical = 7308 ; free virtual = 15952

Phase 1.3 Build Placer Netlist Model
Phase 1.3 Build Placer Netlist Model | Checksum: a50a729c

Time (s): cpu = 00:01:10 ; elapsed = 00:00:41 . Memory (MB): peak = 4808.020 ; gain = 656.762 ; free physical = 6981 ; free virtual = 15625

Phase 1.4 Constrain Clocks/Macros
Phase 1.4 Constrain Clocks/Macros | Checksum: a50a729c

Time (s): cpu = 00:01:11 ; elapsed = 00:00:42 . Memory (MB): peak = 4808.020 ; gain = 656.762 ; free physical = 6992 ; free virtual = 15636
Phase 1 Placer Initialization | Checksum: a50a729c

Time (s): cpu = 00:01:24 ; elapsed = 00:00:49 . Memory (MB): peak = 4832.031 ; gain = 680.773 ; free physical = 7046 ; free virtual = 15690

Phase 2 Global Placement

Phase 2.1 Floorplanning
Phase 2.1 Floorplanning | Checksum: 111841f50

Time (s): cpu = 00:02:03 ; elapsed = 00:01:00 . Memory (MB): peak = 4888.059 ; gain = 736.801 ; free physical = 7075 ; free virtual = 15718

Phase 2.2 Update Timing before SLR Path Opt
Phase 2.2 Update Timing before SLR Path Opt | Checksum: b723b778

Time (s): cpu = 00:02:28 ; elapsed = 00:01:08 . Memory (MB): peak = 4888.059 ; gain = 736.801 ; free physical = 7057 ; free virtual = 15701

Phase 2.3 Post-Processing in Floorplanning
Phase 2.3 Post-Processing in Floorplanning | Checksum: b723b778

Time (s): cpu = 00:02:29 ; elapsed = 00:01:08 . Memory (MB): peak = 4888.059 ; gain = 736.801 ; free physical = 7064 ; free virtual = 15708

Phase 2.4 Global Placement Core
Phase 2.4 Global Placement Core | Checksum: c39f1da5

Time (s): cpu = 00:02:54 ; elapsed = 00:01:18 . Memory (MB): peak = 4888.059 ; gain = 736.801 ; free physical = 6942 ; free virtual = 15586
Phase 2 Global Placement | Checksum: c39f1da5

Time (s): cpu = 00:02:55 ; elapsed = 00:01:18 . Memory (MB): peak = 4888.059 ; gain = 736.801 ; free physical = 6960 ; free virtual = 15604

Phase 3 Detail Placement

Phase 3.1 Commit Multi Column Macros
Phase 3.1 Commit Multi Column Macros | Checksum: 8d7361bd

Time (s): cpu = 00:03:02 ; elapsed = 00:01:26 . Memory (MB): peak = 4888.059 ; gain = 736.801 ; free physical = 7004 ; free virtual = 15648

Phase 3.2 Commit Most Macros & LUTRAMs
Phase 3.2 Commit Most Macros & LUTRAMs | Checksum: 9623bfdc

Time (s): cpu = 00:03:04 ; elapsed = 00:01:28 . Memory (MB): peak = 4888.059 ; gain = 736.801 ; free physical = 7004 ; free virtual = 15648

Phase 3.3 Area Swap Optimization
Phase 3.3 Area Swap Optimization | Checksum: 8f575885

Time (s): cpu = 00:03:06 ; elapsed = 00:01:29 . Memory (MB): peak = 4888.059 ; gain = 736.801 ; free physical = 7007 ; free virtual = 15651

Phase 3.4 Pipeline Register Optimization
Phase 3.4 Pipeline Register Optimization | Checksum: 8f575885

Time (s): cpu = 00:03:06 ; elapsed = 00:01:29 . Memory (MB): peak = 4888.059 ; gain = 736.801 ; free physical = 7009 ; free virtual = 15653

Phase 3.5 Fast Optimization
Phase 3.5 Fast Optimization | Checksum: 132924b0d

Time (s): cpu = 00:03:48 ; elapsed = 00:01:43 . Memory (MB): peak = 4888.059 ; gain = 736.801 ; free physical = 7027 ; free virtual = 15671

Phase 3.6 Small Shape Detail Placement
Phase 3.6 Small Shape Detail Placement | Checksum: 1e9041fa7

Time (s): cpu = 00:03:53 ; elapsed = 00:01:46 . Memory (MB): peak = 4904.066 ; gain = 752.809 ; free physical = 7018 ; free virtual = 15662

Phase 3.7 Re-assign LUT pins
Phase 3.7 Re-assign LUT pins | Checksum: 1e9041fa7

Time (s): cpu = 00:03:54 ; elapsed = 00:01:47 . Memory (MB): peak = 4904.066 ; gain = 752.809 ; free physical = 7022 ; free virtual = 15666

Phase 3.8 Pipeline Register Optimization
Phase 3.8 Pipeline Register Optimization | Checksum: 1e9041fa7

Time (s): cpu = 00:03:54 ; elapsed = 00:01:47 . Memory (MB): peak = 4904.066 ; gain = 752.809 ; free physical = 7026 ; free virtual = 15670

Phase 3.9 Fast Optimization
Phase 3.9 Fast Optimization | Checksum: 223b414c0

Time (s): cpu = 00:04:33 ; elapsed = 00:02:01 . Memory (MB): peak = 4904.066 ; gain = 752.809 ; free physical = 7015 ; free virtual = 15659
Phase 3 Detail Placement | Checksum: 223b414c0

Time (s): cpu = 00:04:33 ; elapsed = 00:02:02 . Memory (MB): peak = 4904.066 ; gain = 752.809 ; free physical = 7016 ; free virtual = 15660

Phase 4 Post Placement Optimization and Clean-Up

Phase 4.1 Post Commit Optimization
INFO: [Timing 38-35] Done setting XDC timing constraints.

Phase 4.1.1 Post Placement Optimization
Post Placement Optimization Initialization | Checksum: 22b4e6bd5

Phase 4.1.1.1 BUFG Insertion

Starting Physical Synthesis Task

Phase 1 Physical Synthesis Initialization
INFO: [Physopt 32-721] Multithreading enabled for phys_opt_design using a maximum of 8 CPUs
INFO: [Physopt 32-619] Estimated Timing Summary | WNS=0.075 | TNS=0.000 |
Phase 1 Physical Synthesis Initialization | Checksum: 1b5e908ca

Time (s): cpu = 00:00:09 ; elapsed = 00:00:03 . Memory (MB): peak = 4904.066 ; gain = 0.000 ; free physical = 7093 ; free virtual = 15737
INFO: [Place 46-56] BUFG insertion identified 0 candidate nets. Inserted BUFG: 0, Replicated BUFG Driver: 0, Skipped due to Placement/Routing Conflicts: 0, Skipped due to Timing Degradation: 0, Skipped due to Illegal Netlist: 0.
Ending Physical Synthesis Task | Checksum: 29aacf970

Time (s): cpu = 00:00:13 ; elapsed = 00:00:06 . Memory (MB): peak = 4904.066 ; gain = 0.000 ; free physical = 7107 ; free virtual = 15751
Phase 4.1.1.1 BUFG Insertion | Checksum: 22b4e6bd5

Time (s): cpu = 00:05:31 ; elapsed = 00:02:25 . Memory (MB): peak = 4904.066 ; gain = 752.809 ; free physical = 7112 ; free virtual = 15756

Phase 4.1.1.2 Post Placement Timing Optimization
INFO: [Place 30-746] Post Placement Timing Summary WNS=0.075. For the most accurate timing information please run report_timing.
Phase 4.1.1.2 Post Placement Timing Optimization | Checksum: 218ae508b

Time (s): cpu = 00:05:33 ; elapsed = 00:02:27 . Memory (MB): peak = 4904.066 ; gain = 752.809 ; free physical = 7114 ; free virtual = 15758

Time (s): cpu = 00:05:33 ; elapsed = 00:02:27 . Memory (MB): peak = 4904.066 ; gain = 752.809 ; free physical = 7118 ; free virtual = 15762
Phase 4.1 Post Commit Optimization | Checksum: 218ae508b

Time (s): cpu = 00:05:34 ; elapsed = 00:02:28 . Memory (MB): peak = 4904.066 ; gain = 752.809 ; free physical = 7120 ; free virtual = 15764

Phase 4.2 Post Placement Cleanup
Phase 4.2 Post Placement Cleanup | Checksum: 2d7150009

Time (s): cpu = 00:05:37 ; elapsed = 00:02:30 . Memory (MB): peak = 4904.066 ; gain = 752.809 ; free physical = 7133 ; free virtual = 15777

Phase 4.3 Placer Reporting

Phase 4.3.1 Print Estimated Congestion
INFO: [Place 30-612] Post-Placement Estimated Congestion 
 ____________________________________________________
|           | Global Congestion | Short Congestion  |
| Direction | Region Size       | Region Size       |
|___________|___________________|___________________|
|      North|                8x8|                4x4|
|___________|___________________|___________________|
|      South|                8x8|                8x8|
|___________|___________________|___________________|
|       East|                8x8|                8x8|
|___________|___________________|___________________|
|       West|                8x8|                8x8|
|___________|___________________|___________________|

Phase 4.3.1 Print Estimated Congestion | Checksum: 2d7150009

Time (s): cpu = 00:05:38 ; elapsed = 00:02:32 . Memory (MB): peak = 4904.066 ; gain = 752.809 ; free physical = 7133 ; free virtual = 15777
Phase 4.3 Placer Reporting | Checksum: 2d7150009

Time (s): cpu = 00:05:40 ; elapsed = 00:02:33 . Memory (MB): peak = 4904.066 ; gain = 752.809 ; free physical = 7137 ; free virtual = 15781

Phase 4.4 Final Placement Cleanup
Netlist sorting complete. Time (s): cpu = 00:00:00.02 ; elapsed = 00:00:00.02 . Memory (MB): peak = 4904.066 ; gain = 0.000 ; free physical = 7150 ; free virtual = 15794

Time (s): cpu = 00:05:40 ; elapsed = 00:02:34 . Memory (MB): peak = 4904.066 ; gain = 752.809 ; free physical = 7150 ; free virtual = 15794
Phase 4 Post Placement Optimization and Clean-Up | Checksum: 2bcaff344

Time (s): cpu = 00:05:42 ; elapsed = 00:02:35 . Memory (MB): peak = 4904.066 ; gain = 752.809 ; free physical = 7154 ; free virtual = 15798
Ending Placer Task | Checksum: 2014c0148

Time (s): cpu = 00:05:44 ; elapsed = 00:02:38 . Memory (MB): peak = 4904.066 ; gain = 752.809 ; free physical = 7203 ; free virtual = 15847
INFO: [Common 17-83] Releasing license: Implementation
18 Infos, 2 Warnings, 0 Critical Warnings and 0 Errors encountered.
place_design completed successfully
place_design: Time (s): cpu = 00:06:00 ; elapsed = 00:02:45 . Memory (MB): peak = 4904.066 ; gain = 857.785 ; free physical = 7518 ; free virtual = 16162
# puts "==> phys_opt_design..."
==> phys_opt_design...
# phys_opt_design
Command: phys_opt_design
Attempting to get a license for feature 'Implementation' and/or device 'xc7k325t'
INFO: [Common 17-349] Got license for feature 'Implementation' and/or device 'xc7k325t'
INFO: [Common 17-1540] The version limit for your license is '2025.10' and has expired for new software. A version limit expiration means that, although you may be able to continue to use the current version of tools or IP with this license, you will not be eligible for new releases.

Starting Initial Update Timing Task

Time (s): cpu = 00:00:36 ; elapsed = 00:00:12 . Memory (MB): peak = 4921.305 ; gain = 0.000 ; free physical = 7417 ; free virtual = 16061
INFO: [Vivado_Tcl 4-383] Design worst setup slack (WNS) is greater than or equal to 0.000 ns. Skipping all physical synthesis optimizations.
INFO: [Vivado_Tcl 4-232] No setup violation found. The netlist was not modified.
INFO: [Common 17-83] Releasing license: Implementation
5 Infos, 0 Warnings, 0 Critical Warnings and 0 Errors encountered.
phys_opt_design completed successfully
phys_opt_design: Time (s): cpu = 00:00:43 ; elapsed = 00:00:15 . Memory (MB): peak = 4921.305 ; gain = 17.238 ; free physical = 7417 ; free virtual = 16061
# puts "==> route_design..."
==> route_design...
# route_design -directive NoTimingRelaxation
Command: route_design -directive NoTimingRelaxation
Attempting to get a license for feature 'Implementation' and/or device 'xc7k325t'
INFO: [Common 17-349] Got license for feature 'Implementation' and/or device 'xc7k325t'
INFO: [Common 17-1540] The version limit for your license is '2025.10' and has expired for new software. A version limit expiration means that, although you may be able to continue to use the current version of tools or IP with this license, you will not be eligible for new releases.
Running DRC as a precondition to command route_design
INFO: [DRC 23-27] Running DRC with 8 threads
GCIO site IOB_X0Y22
GCIO site IOB_X0Y24
GCIO site IOB_X0Y26
GCIO site IOB_X0Y28
GCIO site IOB_X1Y22
GCIO site IOB_X1Y24
GCIO site IOB_X1Y26
GCIO site IOB_X1Y28
GCIO site IOB_X0Y72
GCIO site IOB_X0Y74
GCIO site IOB_X0Y76
GCIO site IOB_X0Y78
GCIO site IOB_X1Y72
GCIO site IOB_X1Y74
GCIO site IOB_X1Y76
GCIO site IOB_X1Y78
GCIO site IOB_X0Y122
GCIO site IOB_X0Y124
GCIO site IOB_X0Y126
GCIO site IOB_X0Y128
GCIO site IOB_X1Y122
GCIO site IOB_X1Y124
GCIO site IOB_X1Y126
GCIO site IOB_X1Y128
GCIO site IOB_X0Y172
GCIO site IOB_X0Y174
GCIO site IOB_X0Y176
GCIO site IOB_X0Y178
GCIO site IOB_X0Y222
GCIO site IOB_X0Y224
GCIO site IOB_X0Y226
GCIO site IOB_X0Y228
GCIO site IOB_X0Y272
GCIO site IOB_X0Y274
GCIO site IOB_X0Y276
GCIO site IOB_X0Y278
GCIO site IOB_X0Y322
GCIO site IOB_X0Y324
GCIO site IOB_X0Y326
GCIO site IOB_X0Y328
INFO: [Vivado_Tcl 4-198] DRC finished with 0 Errors, 1 Warnings
INFO: [Vivado_Tcl 4-199] Please refer to the DRC report (report_drc) for more information.


Starting Routing Task
INFO: [Route 35-270] Using Router directive 'NoTimingRelaxation'.
INFO: [Route 35-254] Multithreading enabled for route_design using a maximum of 8 CPUs

Phase 1 Build RT Design
Checksum: PlaceDB: f4614e6e ConstDB: 0 ShapeSum: 4e84035c RouteDB: be66af7e
Post Restoration Checksum: NetGraph: 51addb3 NumContArr: 664ae5da Constraints: 42c09fbd Timing: 0
Phase 1 Build RT Design | Checksum: ae26634a

Time (s): cpu = 00:01:15 ; elapsed = 00:00:30 . Memory (MB): peak = 4929.309 ; gain = 0.000 ; free physical = 7179 ; free virtual = 15824

Phase 2 Router Initialization

Phase 2.1 Fix Topology Constraints
Phase 2.1 Fix Topology Constraints | Checksum: ae26634a

Time (s): cpu = 00:01:16 ; elapsed = 00:00:31 . Memory (MB): peak = 4929.309 ; gain = 0.000 ; free physical = 7101 ; free virtual = 15746

Phase 2.2 Pre Route Cleanup
Phase 2.2 Pre Route Cleanup | Checksum: ae26634a

Time (s): cpu = 00:01:17 ; elapsed = 00:00:32 . Memory (MB): peak = 4929.309 ; gain = 0.000 ; free physical = 7104 ; free virtual = 15749
 Number of Nodes with overlaps = 0

Phase 2.3 Update Timing
Phase 2.3 Update Timing | Checksum: 1eadd408e

Time (s): cpu = 00:02:22 ; elapsed = 00:00:58 . Memory (MB): peak = 4929.309 ; gain = 0.000 ; free physical = 6961 ; free virtual = 15606
INFO: [Route 35-416] Intermediate Timing Summary | WNS=0.059  | TNS=0.000  | WHS=-0.165 | THS=-189.362|


Phase 2.4 Update Timing for Bus Skew

Phase 2.4.1 Update Timing
Phase 2.4.1 Update Timing | Checksum: 1d31da27d

Time (s): cpu = 00:02:50 ; elapsed = 00:01:11 . Memory (MB): peak = 4929.309 ; gain = 0.000 ; free physical = 6975 ; free virtual = 15620
INFO: [Route 35-416] Intermediate Timing Summary | WNS=0.059  | TNS=0.000  | WHS=N/A    | THS=N/A    |

Phase 2.4 Update Timing for Bus Skew | Checksum: 1c6a095b1

Time (s): cpu = 00:02:51 ; elapsed = 00:01:11 . Memory (MB): peak = 4929.309 ; gain = 0.000 ; free physical = 6977 ; free virtual = 15621

Router Utilization Summary
  Global Vertical Routing Utilization    = 0 %
  Global Horizontal Routing Utilization  = 0 %
  Routable Net Status*
  *Does not include unroutable nets such as driverless and loadless.
  Run report_route_status for detailed report.
  Number of Failed Nets               = 819
    (Failed Nets is the sum of unrouted and partially routed nets)
  Number of Unrouted Nets             = 804
  Number of Partially Routed Nets     = 15
  Number of Node Overlaps             = 0

Phase 2 Router Initialization | Checksum: 1f9b461ff

Time (s): cpu = 00:02:53 ; elapsed = 00:01:12 . Memory (MB): peak = 4929.309 ; gain = 0.000 ; free physical = 6939 ; free virtual = 15583

Phase 3 Initial Routing

Phase 3.1 Global Routing
Phase 3.1 Global Routing | Checksum: 1f9b461ff

Time (s): cpu = 00:02:53 ; elapsed = 00:01:12 . Memory (MB): peak = 4929.309 ; gain = 0.000 ; free physical = 6939 ; free virtual = 15583
WARNING: [Route 35-3387] High violations detected on bus-skew constraints. This can potentially cause WNS degradation and routing congestion.
Resolution: Please review the set_bus_skew constraints.
Phase 3 Initial Routing | Checksum: 1e5cdaf56

Time (s): cpu = 00:02:55 ; elapsed = 00:01:13 . Memory (MB): peak = 4929.309 ; gain = 0.000 ; free physical = 6936 ; free virtual = 15580

Phase 4 Rip-up And Reroute

Phase 4.1 Global Iteration 0
 Number of Nodes with overlaps = 0
INFO: [Route 35-416] Intermediate Timing Summary | WNS=0.059  | TNS=0.000  | WHS=N/A    | THS=N/A    |

Phase 4.1 Global Iteration 0 | Checksum: 2c7f5fc7f

Time (s): cpu = 00:03:20 ; elapsed = 00:01:27 . Memory (MB): peak = 4929.309 ; gain = 0.000 ; free physical = 6968 ; free virtual = 15612
Phase 4 Rip-up And Reroute | Checksum: 2c7f5fc7f

Time (s): cpu = 00:03:20 ; elapsed = 00:01:27 . Memory (MB): peak = 4929.309 ; gain = 0.000 ; free physical = 6971 ; free virtual = 15616

Phase 5 Delay and Skew Optimization

Phase 5.1 Delay CleanUp

Phase 5.1.1 Update Timing
