Open On-Chip Debugger 0.11.0
Licensed under GNU GPL v2
For bug reports, read
	http://openocd.org/doc/doxygen/bugs.html
DEPRECATED! use 'adapter speed' not 'adapter_khz'
DEPRECATED! use 'adapter driver' not 'interface'
Info : auto-selecting first available session transport "jtag". To override use 'transport select <transport>'.
Info : clock speed 1000 kHz
Info : JTAG tap: riscv.cpu tap/device found: 0x00000001 (mfg: 0x000 (<invalid>), part: 0x0000, ver: 0x0)
Info : datacount=2 progbufsize=8
Info : Examined RISC-V core; found 1 harts
Info :  hart 0: XLEN=64, misa=0x80000000001411ad
Info : starting gdb server for riscv.cpu on 3333
Info : Listening on port 3333 for gdb connections
Ready for Remote Connections
Info : Listening on port 6666 for tcl connections
Info : Listening on port 4444 for telnet connections
Info : accepting 'gdb' connection on tcp/3333
Warn : Prefer GDB command "target extended-remote 3333" instead of "target remote 3333"
Warn : keep_alive() was not invoked in the 1000 ms timelimit. GDB alive packet not sent! (1116 ms). Workaround: increase "set remotetimeout" in GDB
Info : [0] Found 0 triggers
Warn : keep_alive() was not invoked in the 1000 ms timelimit. GDB alive packet not sent! (1031 ms). Workaround: increase "set remotetimeout" in GDB
Warn : keep_alive() was not invoked in the 1000 ms timelimit. GDB alive packet not sent! (1773 ms). Workaround: increase "set remotetimeout" in GDB
Warn : keep_alive() was not invoked in the 1000 ms timelimit. GDB alive packet not sent! (4770 ms). Workaround: increase "set remotetimeout" in GDB
Warn : keep_alive() was not invoked in the 1000 ms timelimit. GDB alive packet not sent! (1221 ms). Workaround: increase "set remotetimeout" in GDB
Warn : keep_alive() was not invoked in the 1000 ms timelimit. GDB alive packet not sent! (1029 ms). Workaround: increase "set remotetimeout" in GDB
Warn : keep_alive() was not invoked in the 1000 ms timelimit. GDB alive packet not sent! (8796 ms). Workaround: increase "set remotetimeout" in GDB
Warn : keep_alive() was not invoked in the 1000 ms timelimit. GDB alive packet not sent! (20985 ms). Workaround: increase "set remotetimeout" in GDB
Warn : keep_alive() was not invoked in the 1000 ms timelimit. GDB alive packet not sent! (1005 ms). Workaround: increase "set remotetimeout" in GDB
Warn : keep_alive() was not invoked in the 1000 ms timelimit. GDB alive packet not sent! (23995 ms). Workaround: increase "set remotetimeout" in GDB
Warn : keep_alive() was not invoked in the 1000 ms timelimit. GDB alive packet not sent! (17791 ms). Workaround: increase "set remotetimeout" in GDB
Warn : keep_alive() was not invoked in the 1000 ms timelimit. GDB alive packet not sent! (8705 ms). Workaround: increase "set remotetimeout" in GDB
Warn : keep_alive() was not invoked in the 1000 ms timelimit. GDB alive packet not sent! (4715 ms). Workaround: increase "set remotetimeout" in GDB
Warn : keep_alive() was not invoked in the 1000 ms timelimit. GDB alive packet not sent! (1314 ms). Workaround: increase "set remotetimeout" in GDB
Warn : keep_alive() was not invoked in the 1000 ms timelimit. GDB alive packet not sent! (1025 ms). Workaround: increase "set remotetimeout" in GDB
Warn : keep_alive() was not invoked in the 1000 ms timelimit. GDB alive packet not sent! (1353 ms). Workaround: increase "set remotetimeout" in GDB
Warn : keep_alive() was not invoked in the 1000 ms timelimit. GDB alive packet not sent! (1175 ms). Workaround: increase "set remotetimeout" in GDB
Warn : keep_alive() was not invoked in the 1000 ms timelimit. GDB alive packet not sent! (1157 ms). Workaround: increase "set remotetimeout" in GDB
Info : dropped 'gdb' connection
