CMD: make -C /home/jc/tmp/riscv-iommu-demo/bao-baremetal-guest CROSS_COMPILE=/home/jc/Software/riscv64-unknown-elf-gcc-10.1.0-2020.08.2-x86_64-linux-ubuntu14/bin/riscv64-unknown-elf- PLATFORM=cva6 SINGLE_CORE=y -j24
DATE: jeu. 02 avril 2026 14:04:33 CEST
---
make : on entre dans le répertoire « /home/jc/tmp/riscv-iommu-demo/bao-baremetal-guest »
/home/jc/Software/riscv64-unknown-elf-gcc-10.1.0-2020.08.2-x86_64-linux-ubuntu14/bin/riscv64-unknown-elf-gcc -mcmodel=medany -march=rv64imac -mabi=lp64 -O0 -g3 -static    -I./src/inc -I./src/core/inc -I./src/platform/cva6/inc -I./src/drivers/8250_uart/inc -I./src/arch/riscv/inc -MD -MF build/cva6/main.o.d -DSINGLE_CORE=y -c src/main.c -o build/cva6/main.o
src/main.c:58:100: warning: backslash and newline separated by space
   58 |     ".______        ___       ______        _______  __    __   _______     _______.___________.\n"\
      |                                                                                                     
src/main.c:61:104: warning: backslash and newline separated by space
   61 |     "|   _  <    /  /_\\  \\  |  |  |  |    |  | |_ | |  |  |  | |   __|     \\   \\       |  |     \n"\
      |                                                                                                         
src/main.c:62:101: warning: backslash and newline separated by space
   62 |     "|  |_)  |  /  _____  \\ |  `--'  |    |  |__| | |  `--'  | |  |____.----)   |      |  |     \n"\
      |                                                                                                      
/home/jc/Software/riscv64-unknown-elf-gcc-10.1.0-2020.08.2-x86_64-linux-ubuntu14/bin/riscv64-unknown-elf-gcc -mcmodel=medany -march=rv64imac -mabi=lp64 -O0 -g3 -static --specs=nano.specs -nostartfiles -Tbuild/cva6/linker.ld build/cva6/main.o build/cva6/dpr_test.o build/cva6/icap_test.o build/cva6/core/irq.o build/cva6/core/retarget.o build/cva6/platform/cva6/cva6.o build/cva6/drivers/8250_uart/8250_uart.o build/cva6/arch/riscv/init.o build/cva6/arch/riscv/plic.o build/cva6/arch/riscv/sbi.o build/cva6/arch/riscv/exceptions.o build/cva6/arch/riscv/irq.o build/cva6/arch/riscv/timer.o build/cva6/arch/riscv/start.o -o build/cva6/baremetal.elf
/home/jc/Software/riscv64-unknown-elf-gcc-10.1.0-2020.08.2-x86_64-linux-ubuntu14/bin/../lib/gcc/riscv64-unknown-elf/10.1.0/../../../../riscv64-unknown-elf/bin/ld : build/cva6/main.o : dans la fonction « state_after_attack » :
/home/jc/tmp/riscv-iommu-demo/bao-baremetal-guest/src/main.c:297 : référence indéfinie vers « dpr_test »
collect2: error: ld returned 1 exit status
make: *** [Makefile:98 : build/cva6/baremetal.elf] Erreur 1
make : on quitte le répertoire « /home/jc/tmp/riscv-iommu-demo/bao-baremetal-guest »
