CMD: make -C /home/jc/tmp/riscv-iommu-demo/baremetal-dpr CROSS_COMPILE=/home/jc/Software/riscv64-unknown-elf-gcc-10.1.0-2020.08.2-x86_64-linux-ubuntu14/bin/riscv64-unknown-elf- PLATFORM=cva6 SINGLE_CORE=y -j24
DATE: jeu. 23 avril 2026 01:03:18 CEST
---
make : on entre dans le répertoire « /home/jc/tmp/riscv-iommu-demo/baremetal-dpr »
mkdir -p build/cva6/
mkdir -p build/cva6/arch/riscv/
mkdir -p build/cva6/drivers/8250_uart/
mkdir -p build/cva6/platform/cva6/
mkdir -p build/cva6/core/
/home/jc/Software/riscv64-unknown-elf-gcc-10.1.0-2020.08.2-x86_64-linux-ubuntu14/bin/riscv64-unknown-elf-gcc -mcmodel=medany -march=rv64imac -mabi=lp64 -O0 -g3 -static    -I./src/inc -I./src/core/inc -I./src/platform/cva6/inc -I./src/drivers/8250_uart/inc -I./src/arch/riscv/inc -MD -MF build/cva6/dpr_test.o.d -DSINGLE_CORE=y -c src/dpr_test.c -o build/cva6/dpr_test.o
/home/jc/Software/riscv64-unknown-elf-gcc-10.1.0-2020.08.2-x86_64-linux-ubuntu14/bin/riscv64-unknown-elf-gcc -mcmodel=medany -march=rv64imac -mabi=lp64 -O0 -g3 -static    -I./src/inc -I./src/core/inc -I./src/platform/cva6/inc -I./src/drivers/8250_uart/inc -I./src/arch/riscv/inc -MD -MF build/cva6/main.o.d -DSINGLE_CORE=y -c src/main.c -o build/cva6/main.o
/home/jc/Software/riscv64-unknown-elf-gcc-10.1.0-2020.08.2-x86_64-linux-ubuntu14/bin/riscv64-unknown-elf-gcc -mcmodel=medany -march=rv64imac -mabi=lp64 -O0 -g3 -static    -I./src/inc -I./src/core/inc -I./src/platform/cva6/inc -I./src/drivers/8250_uart/inc -I./src/arch/riscv/inc -MD -MF build/cva6/core/irq.o.d -DSINGLE_CORE=y -c src/core/irq.c -o build/cva6/core/irq.o
/home/jc/Software/riscv64-unknown-elf-gcc-10.1.0-2020.08.2-x86_64-linux-ubuntu14/bin/riscv64-unknown-elf-gcc -mcmodel=medany -march=rv64imac -mabi=lp64 -O0 -g3 -static    -I./src/inc -I./src/core/inc -I./src/platform/cva6/inc -I./src/drivers/8250_uart/inc -I./src/arch/riscv/inc -MD -MF build/cva6/core/retarget.o.d -DSINGLE_CORE=y -c src/core/retarget.c -o build/cva6/core/retarget.o
/home/jc/Software/riscv64-unknown-elf-gcc-10.1.0-2020.08.2-x86_64-linux-ubuntu14/bin/riscv64-unknown-elf-gcc -mcmodel=medany -march=rv64imac -mabi=lp64 -O0 -g3 -static    -I./src/inc -I./src/core/inc -I./src/platform/cva6/inc -I./src/drivers/8250_uart/inc -I./src/arch/riscv/inc -MD -MF build/cva6/platform/cva6/cva6.o.d -DSINGLE_CORE=y -c src/platform/cva6/cva6.c -o build/cva6/platform/cva6/cva6.o
/home/jc/Software/riscv64-unknown-elf-gcc-10.1.0-2020.08.2-x86_64-linux-ubuntu14/bin/riscv64-unknown-elf-gcc -mcmodel=medany -march=rv64imac -mabi=lp64 -O0 -g3 -static    -I./src/inc -I./src/core/inc -I./src/platform/cva6/inc -I./src/drivers/8250_uart/inc -I./src/arch/riscv/inc -MD -MF build/cva6/drivers/8250_uart/8250_uart.o.d -DSINGLE_CORE=y -c src/drivers/8250_uart/8250_uart.c -o build/cva6/drivers/8250_uart/8250_uart.o
/home/jc/Software/riscv64-unknown-elf-gcc-10.1.0-2020.08.2-x86_64-linux-ubuntu14/bin/riscv64-unknown-elf-gcc -mcmodel=medany -march=rv64imac -mabi=lp64 -O0 -g3 -static    -I./src/inc -I./src/core/inc -I./src/platform/cva6/inc -I./src/drivers/8250_uart/inc -I./src/arch/riscv/inc -MD -MF build/cva6/arch/riscv/init.o.d -DSINGLE_CORE=y -c src/arch/riscv/init.c -o build/cva6/arch/riscv/init.o
/home/jc/Software/riscv64-unknown-elf-gcc-10.1.0-2020.08.2-x86_64-linux-ubuntu14/bin/riscv64-unknown-elf-gcc -mcmodel=medany -march=rv64imac -mabi=lp64 -O0 -g3 -static    -I./src/inc -I./src/core/inc -I./src/platform/cva6/inc -I./src/drivers/8250_uart/inc -I./src/arch/riscv/inc -MD -MF build/cva6/arch/riscv/plic.o.d -DSINGLE_CORE=y -c src/arch/riscv/plic.c -o build/cva6/arch/riscv/plic.o
/home/jc/Software/riscv64-unknown-elf-gcc-10.1.0-2020.08.2-x86_64-linux-ubuntu14/bin/riscv64-unknown-elf-gcc -mcmodel=medany -march=rv64imac -mabi=lp64 -O0 -g3 -static    -I./src/inc -I./src/core/inc -I./src/platform/cva6/inc -I./src/drivers/8250_uart/inc -I./src/arch/riscv/inc -MD -MF build/cva6/arch/riscv/sbi.o.d -DSINGLE_CORE=y -c src/arch/riscv/sbi.c -o build/cva6/arch/riscv/sbi.o
/home/jc/Software/riscv64-unknown-elf-gcc-10.1.0-2020.08.2-x86_64-linux-ubuntu14/bin/riscv64-unknown-elf-gcc -mcmodel=medany -march=rv64imac -mabi=lp64 -O0 -g3 -static    -I./src/inc -I./src/core/inc -I./src/platform/cva6/inc -I./src/drivers/8250_uart/inc -I./src/arch/riscv/inc -MD -MF build/cva6/arch/riscv/exceptions.o.d -DSINGLE_CORE=y -c src/arch/riscv/exceptions.c -o build/cva6/arch/riscv/exceptions.o
/home/jc/Software/riscv64-unknown-elf-gcc-10.1.0-2020.08.2-x86_64-linux-ubuntu14/bin/riscv64-unknown-elf-gcc -mcmodel=medany -march=rv64imac -mabi=lp64 -O0 -g3 -static    -I./src/inc -I./src/core/inc -I./src/platform/cva6/inc -I./src/drivers/8250_uart/inc -I./src/arch/riscv/inc -MD -MF build/cva6/arch/riscv/irq.o.d -DSINGLE_CORE=y -c src/arch/riscv/irq.c -o build/cva6/arch/riscv/irq.o
/home/jc/Software/riscv64-unknown-elf-gcc-10.1.0-2020.08.2-x86_64-linux-ubuntu14/bin/riscv64-unknown-elf-gcc -mcmodel=medany -march=rv64imac -mabi=lp64 -O0 -g3 -static    -I./src/inc -I./src/core/inc -I./src/platform/cva6/inc -I./src/drivers/8250_uart/inc -I./src/arch/riscv/inc -MD -MF build/cva6/arch/riscv/timer.o.d -DSINGLE_CORE=y -c src/arch/riscv/timer.c -o build/cva6/arch/riscv/timer.o
/home/jc/Software/riscv64-unknown-elf-gcc-10.1.0-2020.08.2-x86_64-linux-ubuntu14/bin/riscv64-unknown-elf-gcc -mcmodel=medany -march=rv64imac -mabi=lp64 -O0 -g3 -static    -I./src/inc -I./src/core/inc -I./src/platform/cva6/inc -I./src/drivers/8250_uart/inc -I./src/arch/riscv/inc -MD -MF build/cva6/arch/riscv/start.o.d -DSINGLE_CORE=y -c src/arch/riscv/start.S -o build/cva6/arch/riscv/start.o
/home/jc/Software/riscv64-unknown-elf-gcc-10.1.0-2020.08.2-x86_64-linux-ubuntu14/bin/riscv64-unknown-elf-gcc  -I./src/inc -I./src/core/inc -I./src/platform/cva6/inc -I./src/drivers/8250_uart/inc -I./src/arch/riscv/inc -MD -MF build/cva6/linker.ld.d -DSINGLE_CORE=y -E -x assembler-with-cpp src/linker.ld | grep "^[^#;]" > build/cva6/linker.ld
src/dpr_test.c: In function 'hwicap_write_bitstream':
src/dpr_test.c:438:20: error: 'chunk' undeclared (first use in this function)
  438 |         written += chunk;
      |                    ^~~~~
src/dpr_test.c:438:20: note: each undeclared identifier is reported only once for each function it appears in
src/dpr_test.c: At top level:
src/dpr_test.c:446:18: error: expected declaration specifiers or '...' before string constant
  446 |     print_status("fin write_bitstream");
      |                  ^~~~~~~~~~~~~~~~~~~~~
src/dpr_test.c:447:12: error: expected declaration specifiers or '...' before string constant
  447 |     printf("[HWICAP] %u mots envoyés\r\n", (unsigned int)size_words);
      |            ^~~~~~~~~~~~~~~~~~~~~~~~~~~~~~
src/dpr_test.c:447:45: error: expected declaration specifiers or '...' before '(' token
  447 |     printf("[HWICAP] %u mots envoyés\r\n", (unsigned int)size_words);
      |                                            ^
src/dpr_test.c:449:5: error: expected identifier or '(' before 'return'
  449 |     return 0;
      |     ^~~~~~
src/dpr_test.c:450:1: error: expected identifier or '(' before '}' token
  450 | }
      | ^
make: *** [Makefile:108 : build/cva6/dpr_test.o] Erreur 1
make: *** Attente des tâches non terminées....
make : on quitte le répertoire « /home/jc/tmp/riscv-iommu-demo/baremetal-dpr »
