Open On-Chip Debugger 0.11.0
Licensed under GNU GPL v2
For bug reports, read
	http://openocd.org/doc/doxygen/bugs.html
DEPRECATED! use 'adapter speed' not 'adapter_khz'
DEPRECATED! use 'adapter driver' not 'interface'
Info : auto-selecting first available session transport "jtag". To override use 'transport select <transport>'.
Info : clock speed 1000 kHz
Info : JTAG tap: riscv.cpu tap/device found: 0x00000001 (mfg: 0x000 (<invalid>), part: 0x0000, ver: 0x0)
Info : datacount=2 progbufsize=8
Info : Examined RISC-V core; found 1 harts
Info :  hart 0: XLEN=64, misa=0x80000000001411ad
Info : starting gdb server for riscv.cpu on 3333
Info : Listening on port 3333 for gdb connections
Ready for Remote Connections
Info : Listening on port 6666 for tcl connections
Info : Listening on port 4444 for telnet connections
Info : accepting 'gdb' connection on tcp/3333
Warn : Prefer GDB command "target extended-remote 3333" instead of "target remote 3333"
Error: ftdi device did not accept all data: 0, tried 39
Error: unable to purge ftdi rx buffers: LIBUSB_ERROR_NO_DEVICE
Error: error while flushing MPSSE queue: -4
Error: dmi_scan failed jtag scan
Error: failed read at 0x11, status=2
Error: libusb_handle_events() failed with LIBUSB_ERROR_NO_DEVICE
Error: unable to purge ftdi rx buffers: LIBUSB_ERROR_NO_DEVICE
Error: error while flushing MPSSE queue: -4
Error: dmi_scan failed jtag scan
Error: failed read at 0x11, status=2
Error: libusb_handle_events() failed with LIBUSB_ERROR_NO_DEVICE
Error: unable to purge ftdi rx buffers: LIBUSB_ERROR_NO_DEVICE
Error: error while flushing MPSSE queue: -4
Error: dmi_scan failed jtag scan
Error: failed read at 0x11, status=2
Error: libusb_handle_events() failed with LIBUSB_ERROR_NO_DEVICE
Error: unable to purge ftdi rx buffers: LIBUSB_ERROR_NO_DEVICE
Error: error while flushing MPSSE queue: -4
Error: dmi_scan failed jtag scan
Error: failed read at 0x11, status=2
Error: libusb_handle_events() failed with LIBUSB_ERROR_NO_DEVICE
Error: unable to purge ftdi rx buffers: LIBUSB_ERROR_NO_DEVICE
Error: error while flushing MPSSE queue: -4
Error: dmi_scan failed jtag scan
Error: failed read at 0x11, status=2
Error: libusb_handle_events() failed with LIBUSB_ERROR_NO_DEVICE
Error: unable to purge ftdi rx buffers: LIBUSB_ERROR_NO_DEVICE
Error: error while flushing MPSSE queue: -4
Error: dmi_scan failed jtag scan
Error: failed read at 0x11, status=2
Error: libusb_handle_events() failed with LIBUSB_ERROR_NO_DEVICE
Error: unable to purge ftdi rx buffers: LIBUSB_ERROR_NO_DEVICE
Error: error while flushing MPSSE queue: -4
Error: dmi_scan failed jtag scan
Error: failed read at 0x11, status=2
Error: libusb_handle_events() failed with LIBUSB_ERROR_NO_DEVICE
Error: unable to purge ftdi rx buffers: LIBUSB_ERROR_NO_DEVICE
Error: error while flushing MPSSE queue: -4
Error: dmi_scan failed jtag scan
Error: failed read at 0x11, status=2
Error: libusb_handle_events() failed with LIBUSB_ERROR_NO_DEVICE
Error: unable to purge ftdi rx buffers: LIBUSB_ERROR_NO_DEVICE
Error: error while flushing MPSSE queue: -4
Error: dmi_scan failed jtag scan
Error: failed read at 0x11, status=2
Error: libusb_handle_events() failed with LIBUSB_ERROR_NO_DEVICE
Error: unable to purge ftdi rx buffers: LIBUSB_ERROR_NO_DEVICE
Error: error while flushing MPSSE queue: -4
Error: dmi_scan failed jtag scan
Error: failed read at 0x11, status=2
Error: libusb_handle_events() failed with LIBUSB_ERROR_NO_DEVICE
Error: unable to purge ftdi rx buffers: LIBUSB_ERROR_NO_DEVICE
Error: error while flushing MPSSE queue: -4
Error: dmi_scan failed jtag scan
Error: failed read at 0x11, status=2
Error: libusb_handle_events() failed with LIBUSB_ERROR_NO_DEVICE
Error: unable to purge ftdi rx buffers: LIBUSB_ERROR_NO_DEVICE
Error: error while flushing MPSSE queue: -4
Error: dmi_scan failed jtag scan
Error: failed read at 0x11, status=2
Error: libusb_handle_events() failed with LIBUSB_ERROR_NO_DEVICE
Error: unable to purge ftdi rx buffers: LIBUSB_ERROR_NO_DEVICE
Error: error while flushing MPSSE queue: -4
Error: dmi_scan failed jtag scan
Error: failed read at 0x11, status=2
Error: libusb_handle_events() failed with LIBUSB_ERROR_NO_DEVICE
Error: unable to purge ftdi rx buffers: LIBUSB_ERROR_NO_DEVICE
Error: error while flushing MPSSE queue: -4
Error: dmi_scan failed jtag scan
Error: failed read at 0x11, status=2
Error: libusb_handle_events() failed with LIBUSB_ERROR_NO_DEVICE
Error: unable to purge ftdi rx buffers: LIBUSB_ERROR_NO_DEVICE
Error: error while flushing MPSSE queue: -4
Error: dmi_scan failed jtag scan
Error: failed read at 0x11, status=2
Error: libusb_handle_events() failed with LIBUSB_ERROR_NO_DEVICE
Error: unable to purge ftdi rx buffers: LIBUSB_ERROR_NO_DEVICE
Error: error while flushing MPSSE queue: -4
Error: dmi_scan failed jtag scan
Error: failed read at 0x11, status=2
Error: libusb_handle_events() failed with LIBUSB_ERROR_NO_DEVICE
Error: unable to purge ftdi rx buffers: LIBUSB_ERROR_NO_DEVICE
Error: error while flushing MPSSE queue: -4
Error: dmi_scan failed jtag scan
Error: failed read at 0x11, status=2
Error: libusb_handle_events() failed with LIBUSB_ERROR_NO_DEVICE
Error: unable to purge ftdi rx buffers: LIBUSB_ERROR_NO_DEVICE
Error: error while flushing MPSSE queue: -4
Error: dmi_scan failed jtag scan
Error: failed read at 0x11, status=2
Error: libusb_handle_events() failed with LIBUSB_ERROR_NO_DEVICE
Error: unable to purge ftdi rx buffers: LIBUSB_ERROR_NO_DEVICE
Error: error while flushing MPSSE queue: -4
Error: dmi_scan failed jtag scan
Error: failed read at 0x11, status=2
Error: libusb_handle_events() failed with LIBUSB_ERROR_NO_DEVICE
Error: unable to purge ftdi rx buffers: LIBUSB_ERROR_NO_DEVICE
Error: error while flushing MPSSE queue: -4
Error: dmi_scan failed jtag scan
Error: failed read at 0x11, status=2
Error: libusb_handle_events() failed with LIBUSB_ERROR_NO_DEVICE
Error: unable to purge ftdi rx buffers: LIBUSB_ERROR_NO_DEVICE
Error: error while flushing MPSSE queue: -4
Error: dmi_scan failed jtag scan
Error: failed read at 0x11, status=2
Error: libusb_handle_events() failed with LIBUSB_ERROR_NO_DEVICE
Error: unable to purge ftdi rx buffers: LIBUSB_ERROR_NO_DEVICE
Error: error while flushing MPSSE queue: -4
Error: dmi_scan failed jtag scan
Error: failed read at 0x11, status=2
Error: libusb_handle_events() failed with LIBUSB_ERROR_NO_DEVICE
Error: unable to purge ftdi rx buffers: LIBUSB_ERROR_NO_DEVICE
Error: error while flushing MPSSE queue: -4
Error: dmi_scan failed jtag scan
Error: failed read at 0x11, status=2
Error: libusb_handle_events() failed with LIBUSB_ERROR_NO_DEVICE
Error: unable to purge ftdi rx buffers: LIBUSB_ERROR_NO_DEVICE
Error: error while flushing MPSSE queue: -4
Error: dmi_scan failed jtag scan
Error: failed read at 0x11, status=2
Error: libusb_handle_events() failed with LIBUSB_ERROR_NO_DEVICE
Error: unable to purge ftdi rx buffers: LIBUSB_ERROR_NO_DEVICE
Error: error while flushing MPSSE queue: -4
Error: dmi_scan failed jtag scan
Error: failed read at 0x11, status=2
Error: libusb_handle_events() failed with LIBUSB_ERROR_NO_DEVICE
Error: unable to purge ftdi rx buffers: LIBUSB_ERROR_NO_DEVICE
Error: error while flushing MPSSE queue: -4
Error: dmi_scan failed jtag scan
Error: failed read at 0x11, status=2
Error: libusb_handle_events() failed with LIBUSB_ERROR_NO_DEVICE
Error: unable to purge ftdi rx buffers: LIBUSB_ERROR_NO_DEVICE
Error: error while flushing MPSSE queue: -4
Error: dmi_scan failed jtag scan
Error: failed read at 0x11, status=2
Error: libusb_handle_events() failed with LIBUSB_ERROR_NO_DEVICE
Error: unable to purge ftdi rx buffers: LIBUSB_ERROR_NO_DEVICE
Error: error while flushing MPSSE queue: -4
Error: dmi_scan failed jtag scan
Error: failed read at 0x11, status=2
Error: libusb_handle_events() failed with LIBUSB_ERROR_NO_DEVICE
Error: unable to purge ftdi rx buffers: LIBUSB_ERROR_NO_DEVICE
Error: error while flushing MPSSE queue: -4
Error: dmi_scan failed jtag scan
Error: failed read at 0x11, status=2
Error: libusb_handle_events() failed with LIBUSB_ERROR_NO_DEVICE
Error: unable to purge ftdi rx buffers: LIBUSB_ERROR_NO_DEVICE
Error: error while flushing MPSSE queue: -4
Error: dmi_scan failed jtag scan
Error: failed read at 0x11, status=2
Error: libusb_handle_events() failed with LIBUSB_ERROR_NO_DEVICE
Error: unable to purge ftdi rx buffers: LIBUSB_ERROR_NO_DEVICE
Error: error while flushing MPSSE queue: -4
Error: dmi_scan failed jtag scan
Error: failed read at 0x11, status=2
Error: libusb_handle_events() failed with LIBUSB_ERROR_NO_DEVICE
Error: unable to purge ftdi rx buffers: LIBUSB_ERROR_NO_DEVICE
Error: error while flushing MPSSE queue: -4
Error: dmi_scan failed jtag scan
Error: failed read at 0x11, status=2
Error: libusb_handle_events() failed with LIBUSB_ERROR_NO_DEVICE
Error: unable to purge ftdi rx buffers: LIBUSB_ERROR_NO_DEVICE
Error: error while flushing MPSSE queue: -4
Error: dmi_scan failed jtag scan
Error: failed read at 0x11, status=2
Error: libusb_handle_events() failed with LIBUSB_ERROR_NO_DEVICE
Error: unable to purge ftdi rx buffers: LIBUSB_ERROR_NO_DEVICE
Error: error while flushing MPSSE queue: -4
Error: dmi_scan failed jtag scan
Error: failed read at 0x11, status=2
Error: libusb_handle_events() failed with LIBUSB_ERROR_NO_DEVICE
Error: unable to purge ftdi rx buffers: LIBUSB_ERROR_NO_DEVICE
Error: error while flushing MPSSE queue: -4
Error: dmi_scan failed jtag scan
Error: failed read at 0x11, status=2
Error: libusb_handle_events() failed with LIBUSB_ERROR_NO_DEVICE
Error: unable to purge ftdi rx buffers: LIBUSB_ERROR_NO_DEVICE
Error: error while flushing MPSSE queue: -4
Error: dmi_scan failed jtag scan
Error: failed read at 0x11, status=2
Error: libusb_handle_events() failed with LIBUSB_ERROR_NO_DEVICE
Error: unable to purge ftdi rx buffers: LIBUSB_ERROR_NO_DEVICE
Error: error while flushing MPSSE queue: -4
Error: dmi_scan failed jtag scan
Error: failed read at 0x11, status=2
