CMD: vivado -mode batch -nojournal -nolog -source /tmp/program_oeygNm.tcl
DATE: mer. 22 avril 2026 10:16:28 CEST
---

****** Vivado v2022.2 (64-bit)
  **** SW Build 3671981 on Fri Oct 14 04:59:54 MDT 2022
  **** IP Build 3669848 on Fri Oct 14 08:30:02 MDT 2022
    ** Copyright 1986-2022 Xilinx, Inc. All Rights Reserved.

source /tmp/program_oeygNm.tcl
# open_hw_manager
open_hw_manager: Time (s): cpu = 00:00:06 ; elapsed = 00:00:08 . Memory (MB): peak = 1750.695 ; gain = 115.961 ; free physical = 40305 ; free virtual = 47498
# connect_hw_server
INFO: [Labtools 27-2285] Connecting to hw_server url TCP:localhost:3121
INFO: [Labtools 27-2222] Launching hw_server...
INFO: [Labtools 27-2221] Launch Output:

****** Xilinx hw_server v2022.2
  **** Build date : Oct 14 2022 at 05:10:28
    ** Copyright 1986-2022 Xilinx, Inc. All Rights Reserved.


INFO: [Labtools 27-3415] Connecting to cs_server url TCP:localhost:0
INFO: [Labtools 27-3417] Launching cs_server...
INFO: [Labtools 27-2221] Launch Output:


******** Xilinx cs_server v2022.2.0
  ****** Build date   : Oct 05 2022-01:25:37
    **** Build number : 2022.2.1664925937
      ** Copyright 2017-2026 Xilinx, Inc. All Rights Reserved.



# open_hw_target
INFO: [Labtoolstcl 44-466] Opening hw_target localhost:3121/xilinx_tcf/Digilent/200300BB8B2CB
# set dev [lindex [get_hw_devices xc7k*] 0]
# current_hw_device $dev
# set_property PROGRAM.FILE {/home/jc/tmp/riscv-iommu-demo/cva6/corev_apu/fpga/work-dpr/3_build_B_dpr/full_accel_B.bit} $dev
# program_hw_devices $dev
INFO: [Labtools 27-3164] End of startup status: HIGH
program_hw_devices: Time (s): cpu = 00:00:11 ; elapsed = 00:00:12 . Memory (MB): peak = 1793.660 ; gain = 0.000 ; free physical = 40097 ; free virtual = 47474
# puts "==> FPGA programmé avec full_accel_B.bit"
==> FPGA programmé avec full_accel_B.bit
# close_hw_target
INFO: [Labtoolstcl 44-464] Closing hw_target localhost:3121/xilinx_tcf/Digilent/200300BB8B2CB
# disconnect_hw_server
# close_hw_manager
INFO: [Common 17-206] Exiting Vivado at Wed Apr 22 10:17:03 2026...
