CMD: vivado -mode batch -nojournal -nolog -source /tmp/program_rbKuX2.tcl
DATE: jeu. 02 avril 2026 22:49:00 CEST
---

****** Vivado v2022.2 (64-bit)
  **** SW Build 3671981 on Fri Oct 14 04:59:54 MDT 2022
  **** IP Build 3669848 on Fri Oct 14 08:30:02 MDT 2022
    ** Copyright 1986-2022 Xilinx, Inc. All Rights Reserved.

source /tmp/program_rbKuX2.tcl
# open_hw_manager
# connect_hw_server
INFO: [Labtools 27-2285] Connecting to hw_server url TCP:localhost:3121
INFO: [Labtools 27-3415] Connecting to cs_server url TCP:localhost:0
INFO: [Labtools 27-3417] Launching cs_server...
INFO: [Labtools 27-2221] Launch Output:


******** Xilinx cs_server v2022.2.0
  ****** Build date   : Oct 05 2022-01:25:37
    **** Build number : 2022.2.1664925937
      ** Copyright 2017-2026 Xilinx, Inc. All Rights Reserved.



connect_hw_server: Time (s): cpu = 00:00:06 ; elapsed = 00:00:09 . Memory (MB): peak = 1426.637 ; gain = 8.180 ; free physical = 11635 ; free virtual = 18861
# open_hw_target
ERROR: [Labtoolstcl 44-469] There is no current hw_target.
INFO: [Common 17-206] Exiting Vivado at Thu Apr  2 22:49:17 2026...
