CMD: bash -c 
        cd '/home/jc/tmp/riscv-iommu-demo/cva6/corev_apu/fpga/xilinx/xlnx_axi_hwicap' &&         export XILINX_PART='xc7k325tffg900-2' &&         export XILINX_BOARD='digilentinc.com:genesys2:part0:1.1' &&         make clean && make
    
DATE: jeu. 23 avril 2026 01:58:13 CEST
---
rm -rf ip/*
mkdir -p ip
rm -rf xlnx_axi_hwicap.*
rm -rf component.xml
rm -rf vivado*.jou
rm -rf vivado*.log
rm -rf vivado*.str
rm -rf xgui
rm -rf .Xil
vivado -mode batch -source tcl/run.tcl

****** Vivado v2022.2 (64-bit)
  **** SW Build 3671981 on Fri Oct 14 04:59:54 MDT 2022
  **** IP Build 3669848 on Fri Oct 14 08:30:02 MDT 2022
    ** Copyright 1986-2022 Xilinx, Inc. All Rights Reserved.

source tcl/run.tcl
# set partNumber $::env(XILINX_PART)
# set boardName  $::env(XILINX_BOARD)
# set ipName xlnx_axi_hwicap
# create_project $ipName . -force -part $partNumber
# set_property board_part $boardName [current_project]
# create_ip -name axi_hwicap -vendor xilinx.com -library ip \
#     -version 3.0 -module_name $ipName
INFO: [IP_Flow 19-234] Refreshing IP repositories
INFO: [IP_Flow 19-1704] No user IP repositories specified
INFO: [IP_Flow 19-2313] Loaded Vivado IP repository '/tools/Xilinx/Vivado/2022.2/data/ip'.
# set_property -dict [list \
#     CONFIG.C_ICAP_EXTERNAL   {0} \
#     CONFIG.C_DEVICE_ID       {0x03651093} \
#     CONFIG.C_INCLUDE_STARTUP {1} \
#     CONFIG.C_OPERATION       {1} \
# ] [get_ips $ipName]
# generate_target {instantiation_template} \
#     [get_files ./$ipName.srcs/sources_1/ip/$ipName/$ipName.xci]
INFO: [IP_Flow 19-1686] Generating 'Instantiation Template' target for IP 'xlnx_axi_hwicap'...
# generate_target all \
#     [get_files ./$ipName.srcs/sources_1/ip/$ipName/$ipName.xci]
INFO: [IP_Flow 19-1686] Generating 'Synthesis' target for IP 'xlnx_axi_hwicap'...
INFO: [IP_Flow 19-1686] Generating 'Simulation' target for IP 'xlnx_axi_hwicap'...
INFO: [IP_Flow 19-1686] Generating 'Change Log' target for IP 'xlnx_axi_hwicap'...
# create_ip_run \
#     [get_files -of_objects [get_fileset sources_1] \
#     ./$ipName.srcs/sources_1/ip/$ipName/$ipName.xci]
# launch_run -jobs 8 ${ipName}_synth_1
INFO: [IP_Flow 19-6924] IPCACHE: Running cache check for IP inst: xlnx_axi_hwicap
[Thu Apr 23 01:58:20 2026] Launched xlnx_axi_hwicap_synth_1...
Run output will be captured here: /home/jc/tmp/riscv-iommu-demo/cva6/corev_apu/fpga/xilinx/xlnx_axi_hwicap/xlnx_axi_hwicap.runs/xlnx_axi_hwicap_synth_1/runme.log
INFO: [Common 17-206] Exiting Vivado at Thu Apr 23 01:58:20 2026...
