CMD: make -C /home/jc/tmp/riscv-iommu-demo/dpr dpr-static FORCE_STATIC=1
DATE: jeu. 09 avril 2026 10:57:51 CEST
---
make : on entre dans le répertoire « /home/jc/tmp/riscv-iommu-demo/dpr »
==> Préparation des sources DPR...
mkdir -p /home/jc/tmp/riscv-iommu-demo/cva6/corev_apu/fpga/src
cp /home/jc/tmp/riscv-iommu-demo/dpr/src/rp_boundary_regs.sv /home/jc/tmp/riscv-iommu-demo/cva6/corev_apu/fpga/src/
cp /home/jc/tmp/riscv-iommu-demo/dpr/src/rp_boundary_regs_mmu.sv /home/jc/tmp/riscv-iommu-demo/cva6/corev_apu/fpga/src/
cp /home/jc/tmp/riscv-iommu-demo/dpr/rm/accel_default/accel_blank.sv /home/jc/tmp/riscv-iommu-demo/cva6/corev_apu/fpga/src/accel_wrap.sv
==> Génération des IPs Xilinx...
make -C /home/jc/tmp/riscv-iommu-demo/cva6/corev_apu/fpga \
	work-fpga/xlnx_axi_clock_converter.xci \
	work-fpga/xlnx_axi_dwidth_converter.xci \
	work-fpga/xlnx_axi_dwidth_converter_dm_master.xci \
	work-fpga/xlnx_axi_dwidth_converter_dm_slave.xci \
	work-fpga/xlnx_axi_quad_spi.xci \
	work-fpga/xlnx_axi_gpio.xci \
	work-fpga/xlnx_clk_gen.xci \
	work-fpga/xlnx_mig_7_ddr3.xci \
	work-fpga/xlnx_axi_hwicap.xci
make[1] : on entre dans le répertoire « /home/jc/tmp/riscv-iommu-demo/cva6/corev_apu/fpga »
make[1]: « work-fpga/xlnx_axi_clock_converter.xci » est à jour.
make[1]: « work-fpga/xlnx_axi_dwidth_converter.xci » est à jour.
make[1]: « work-fpga/xlnx_axi_dwidth_converter_dm_master.xci » est à jour.
make[1]: « work-fpga/xlnx_axi_dwidth_converter_dm_slave.xci » est à jour.
make[1]: « work-fpga/xlnx_axi_quad_spi.xci » est à jour.
make[1]: « work-fpga/xlnx_axi_gpio.xci » est à jour.
make[1]: « work-fpga/xlnx_clk_gen.xci » est à jour.
make[1]: « work-fpga/xlnx_mig_7_ddr3.xci » est à jour.
mkdir -p work-fpga
Generating xlnx_axi_hwicap.xci
make[2] : on entre dans le répertoire « /home/jc/tmp/riscv-iommu-demo/cva6/corev_apu/fpga/xilinx/xlnx_axi_hwicap »
rm -rf ip/*
mkdir -p ip
rm -rf xlnx_axi_hwicap.*
rm -rf component.xml
rm -rf vivado*.jou
rm -rf vivado*.log
rm -rf vivado*.str
rm -rf xgui
rm -rf .Xil
make[2] : on quitte le répertoire « /home/jc/tmp/riscv-iommu-demo/cva6/corev_apu/fpga/xilinx/xlnx_axi_hwicap »
make[2] : on entre dans le répertoire « /home/jc/tmp/riscv-iommu-demo/cva6/corev_apu/fpga/xilinx/xlnx_axi_hwicap »
vivado -mode batch -source tcl/run.tcl

****** Vivado v2022.2 (64-bit)
  **** SW Build 3671981 on Fri Oct 14 04:59:54 MDT 2022
  **** IP Build 3669848 on Fri Oct 14 08:30:02 MDT 2022
    ** Copyright 1986-2022 Xilinx, Inc. All Rights Reserved.

source tcl/run.tcl
# set partNumber $::env(XILINX_PART)
# set boardName  $::env(XILINX_BOARD)
# set ipName xlnx_axi_hwicap
# create_project $ipName . -force -part $partNumber
create_project: Time (s): cpu = 00:00:06 ; elapsed = 00:00:12 . Memory (MB): peak = 1732.945 ; gain = 114.992 ; free physical = 40903 ; free virtual = 49267
# set_property board_part $boardName [current_project]
# create_ip -name axi_hwicap -vendor xilinx.com -library ip \
#     -version 3.0 -module_name $ipName
INFO: [IP_Flow 19-234] Refreshing IP repositories
INFO: [IP_Flow 19-1704] No user IP repositories specified
INFO: [IP_Flow 19-2313] Loaded Vivado IP repository '/tools/Xilinx/Vivado/2022.2/data/ip'.
create_ip: Time (s): cpu = 00:00:00.45 ; elapsed = 00:00:06 . Memory (MB): peak = 1810.656 ; gain = 77.711 ; free physical = 40860 ; free virtual = 49270
# set_property -dict [list \
#     CONFIG.C_ICAP_EXTERNAL   {0} \
#     CONFIG.C_INCLUDE_STARTUP {0} \
# ] [get_ips $ipName]
# generate_target {instantiation_template} \
#     [get_files ./$ipName.srcs/sources_1/ip/$ipName/$ipName.xci]
INFO: [IP_Flow 19-1686] Generating 'Instantiation Template' target for IP 'xlnx_axi_hwicap'...
# generate_target all \
#     [get_files ./$ipName.srcs/sources_1/ip/$ipName/$ipName.xci]
INFO: [IP_Flow 19-1686] Generating 'Synthesis' target for IP 'xlnx_axi_hwicap'...
INFO: [IP_Flow 19-1686] Generating 'Simulation' target for IP 'xlnx_axi_hwicap'...
INFO: [IP_Flow 19-1686] Generating 'Change Log' target for IP 'xlnx_axi_hwicap'...
# create_ip_run \
#     [get_files -of_objects [get_fileset sources_1] \
#     ./$ipName.srcs/sources_1/ip/$ipName/$ipName.xci]
# launch_run -jobs 8 ${ipName}_synth_1
INFO: [IP_Flow 19-6924] IPCACHE: Running cache check for IP inst: xlnx_axi_hwicap
[Thu Apr  9 10:58:21 2026] Launched xlnx_axi_hwicap_synth_1...
Run output will be captured here: /home/jc/tmp/riscv-iommu-demo/cva6/corev_apu/fpga/xilinx/xlnx_axi_hwicap/xlnx_axi_hwicap.runs/xlnx_axi_hwicap_synth_1/runme.log
INFO: [Common 17-206] Exiting Vivado at Thu Apr  9 10:58:21 2026...
make[2] : on quitte le répertoire « /home/jc/tmp/riscv-iommu-demo/cva6/corev_apu/fpga/xilinx/xlnx_axi_hwicap »
make[1] : on quitte le répertoire « /home/jc/tmp/riscv-iommu-demo/cva6/corev_apu/fpga »
==> Lancement de la synthèse STATIQUE (Vivado)...

****** Vivado v2022.2 (64-bit)
  **** SW Build 3671981 on Fri Oct 14 04:59:54 MDT 2022
  **** IP Build 3669848 on Fri Oct 14 08:30:02 MDT 2022
    ** Copyright 1986-2022 Xilinx, Inc. All Rights Reserved.

source /home/jc/tmp/riscv-iommu-demo/dpr/scripts/run_static.tcl
# set cva6_fpga [lindex $argv 0]
# set dpr_dir   [lindex $argv 1]
# set work_dpr  [lindex $argv 2]
# open_project $cva6_fpga/ariane.xpr
