CMD: make -C /home/jc/tmp/riscv-iommu-demo/baremetal-dpr CROSS_COMPILE=/home/jc/Software/riscv64-unknown-elf-gcc-10.1.0-2020.08.2-x86_64-linux-ubuntu14/bin/riscv64-unknown-elf- PLATFORM=cva6 SINGLE_CORE=y -j24
DATE: mer. 08 avril 2026 23:40:27 CEST
---
make : on entre dans le répertoire « /home/jc/tmp/riscv-iommu-demo/baremetal-dpr »
mkdir -p build/cva6/
mkdir -p build/cva6/arch/riscv/
mkdir -p build/cva6/drivers/8250_uart/
mkdir -p build/cva6/platform/cva6/
mkdir -p build/cva6/core/
/home/jc/Software/riscv64-unknown-elf-gcc-10.1.0-2020.08.2-x86_64-linux-ubuntu14/bin/riscv64-unknown-elf-gcc -mcmodel=medany -march=rv64imac -mabi=lp64 -O0 -g3 -static    -I./src/inc -I./src/core/inc -I./src/platform/cva6/inc -I./src/drivers/8250_uart/inc -I./src/arch/riscv/inc -MD -MF build/cva6/dpr_test.o.d -DSINGLE_CORE=y -c src/dpr_test.c -o build/cva6/dpr_test.o
/home/jc/Software/riscv64-unknown-elf-gcc-10.1.0-2020.08.2-x86_64-linux-ubuntu14/bin/riscv64-unknown-elf-gcc -mcmodel=medany -march=rv64imac -mabi=lp64 -O0 -g3 -static    -I./src/inc -I./src/core/inc -I./src/platform/cva6/inc -I./src/drivers/8250_uart/inc -I./src/arch/riscv/inc -MD -MF build/cva6/main.o.d -DSINGLE_CORE=y -c src/main.c -o build/cva6/main.o
/home/jc/Software/riscv64-unknown-elf-gcc-10.1.0-2020.08.2-x86_64-linux-ubuntu14/bin/riscv64-unknown-elf-gcc -mcmodel=medany -march=rv64imac -mabi=lp64 -O0 -g3 -static    -I./src/inc -I./src/core/inc -I./src/platform/cva6/inc -I./src/drivers/8250_uart/inc -I./src/arch/riscv/inc -MD -MF build/cva6/core/irq.o.d -DSINGLE_CORE=y -c src/core/irq.c -o build/cva6/core/irq.o
/home/jc/Software/riscv64-unknown-elf-gcc-10.1.0-2020.08.2-x86_64-linux-ubuntu14/bin/riscv64-unknown-elf-gcc -mcmodel=medany -march=rv64imac -mabi=lp64 -O0 -g3 -static    -I./src/inc -I./src/core/inc -I./src/platform/cva6/inc -I./src/drivers/8250_uart/inc -I./src/arch/riscv/inc -MD -MF build/cva6/core/retarget.o.d -DSINGLE_CORE=y -c src/core/retarget.c -o build/cva6/core/retarget.o
/home/jc/Software/riscv64-unknown-elf-gcc-10.1.0-2020.08.2-x86_64-linux-ubuntu14/bin/riscv64-unknown-elf-gcc -mcmodel=medany -march=rv64imac -mabi=lp64 -O0 -g3 -static    -I./src/inc -I./src/core/inc -I./src/platform/cva6/inc -I./src/drivers/8250_uart/inc -I./src/arch/riscv/inc -MD -MF build/cva6/platform/cva6/cva6.o.d -DSINGLE_CORE=y -c src/platform/cva6/cva6.c -o build/cva6/platform/cva6/cva6.o
/home/jc/Software/riscv64-unknown-elf-gcc-10.1.0-2020.08.2-x86_64-linux-ubuntu14/bin/riscv64-unknown-elf-gcc -mcmodel=medany -march=rv64imac -mabi=lp64 -O0 -g3 -static    -I./src/inc -I./src/core/inc -I./src/platform/cva6/inc -I./src/drivers/8250_uart/inc -I./src/arch/riscv/inc -MD -MF build/cva6/drivers/8250_uart/8250_uart.o.d -DSINGLE_CORE=y -c src/drivers/8250_uart/8250_uart.c -o build/cva6/drivers/8250_uart/8250_uart.o
/home/jc/Software/riscv64-unknown-elf-gcc-10.1.0-2020.08.2-x86_64-linux-ubuntu14/bin/riscv64-unknown-elf-gcc -mcmodel=medany -march=rv64imac -mabi=lp64 -O0 -g3 -static    -I./src/inc -I./src/core/inc -I./src/platform/cva6/inc -I./src/drivers/8250_uart/inc -I./src/arch/riscv/inc -MD -MF build/cva6/arch/riscv/init.o.d -DSINGLE_CORE=y -c src/arch/riscv/init.c -o build/cva6/arch/riscv/init.o
/home/jc/Software/riscv64-unknown-elf-gcc-10.1.0-2020.08.2-x86_64-linux-ubuntu14/bin/riscv64-unknown-elf-gcc -mcmodel=medany -march=rv64imac -mabi=lp64 -O0 -g3 -static    -I./src/inc -I./src/core/inc -I./src/platform/cva6/inc -I./src/drivers/8250_uart/inc -I./src/arch/riscv/inc -MD -MF build/cva6/arch/riscv/plic.o.d -DSINGLE_CORE=y -c src/arch/riscv/plic.c -o build/cva6/arch/riscv/plic.o
/home/jc/Software/riscv64-unknown-elf-gcc-10.1.0-2020.08.2-x86_64-linux-ubuntu14/bin/riscv64-unknown-elf-gcc -mcmodel=medany -march=rv64imac -mabi=lp64 -O0 -g3 -static    -I./src/inc -I./src/core/inc -I./src/platform/cva6/inc -I./src/drivers/8250_uart/inc -I./src/arch/riscv/inc -MD -MF build/cva6/arch/riscv/sbi.o.d -DSINGLE_CORE=y -c src/arch/riscv/sbi.c -o build/cva6/arch/riscv/sbi.o
/home/jc/Software/riscv64-unknown-elf-gcc-10.1.0-2020.08.2-x86_64-linux-ubuntu14/bin/riscv64-unknown-elf-gcc -mcmodel=medany -march=rv64imac -mabi=lp64 -O0 -g3 -static    -I./src/inc -I./src/core/inc -I./src/platform/cva6/inc -I./src/drivers/8250_uart/inc -I./src/arch/riscv/inc -MD -MF build/cva6/arch/riscv/exceptions.o.d -DSINGLE_CORE=y -c src/arch/riscv/exceptions.c -o build/cva6/arch/riscv/exceptions.o
/home/jc/Software/riscv64-unknown-elf-gcc-10.1.0-2020.08.2-x86_64-linux-ubuntu14/bin/riscv64-unknown-elf-gcc -mcmodel=medany -march=rv64imac -mabi=lp64 -O0 -g3 -static    -I./src/inc -I./src/core/inc -I./src/platform/cva6/inc -I./src/drivers/8250_uart/inc -I./src/arch/riscv/inc -MD -MF build/cva6/arch/riscv/irq.o.d -DSINGLE_CORE=y -c src/arch/riscv/irq.c -o build/cva6/arch/riscv/irq.o
/home/jc/Software/riscv64-unknown-elf-gcc-10.1.0-2020.08.2-x86_64-linux-ubuntu14/bin/riscv64-unknown-elf-gcc -mcmodel=medany -march=rv64imac -mabi=lp64 -O0 -g3 -static    -I./src/inc -I./src/core/inc -I./src/platform/cva6/inc -I./src/drivers/8250_uart/inc -I./src/arch/riscv/inc -MD -MF build/cva6/arch/riscv/timer.o.d -DSINGLE_CORE=y -c src/arch/riscv/timer.c -o build/cva6/arch/riscv/timer.o
/home/jc/Software/riscv64-unknown-elf-gcc-10.1.0-2020.08.2-x86_64-linux-ubuntu14/bin/riscv64-unknown-elf-gcc -mcmodel=medany -march=rv64imac -mabi=lp64 -O0 -g3 -static    -I./src/inc -I./src/core/inc -I./src/platform/cva6/inc -I./src/drivers/8250_uart/inc -I./src/arch/riscv/inc -MD -MF build/cva6/arch/riscv/start.o.d -DSINGLE_CORE=y -c src/arch/riscv/start.S -o build/cva6/arch/riscv/start.o
/home/jc/Software/riscv64-unknown-elf-gcc-10.1.0-2020.08.2-x86_64-linux-ubuntu14/bin/riscv64-unknown-elf-gcc  -I./src/inc -I./src/core/inc -I./src/platform/cva6/inc -I./src/drivers/8250_uart/inc -I./src/arch/riscv/inc -MD -MF build/cva6/linker.ld.d -DSINGLE_CORE=y -E -x assembler-with-cpp src/linker.ld | grep "^[^#;]" > build/cva6/linker.ld
src/main.c:59:100: warning: backslash and newline separated by space
   59 |     ".______        ___       ______        _______  __    __   _______     _______.___________.\n"\
      |                                                                                                     
src/main.c:62:104: warning: backslash and newline separated by space
   62 |     "|   _  <    /  /_\\  \\  |  |  |  |    |  | |_ | |  |  |  | |   __|     \\   \\       |  |     \n"\
      |                                                                                                         
src/main.c:63:101: warning: backslash and newline separated by space
   63 |     "|  |_)  |  /  _____  \\ |  `--'  |    |  |__| | |  `--'  | |  |____.----)   |      |  |     \n"\
      |                                                                                                      
src/main.c: In function 'main':
src/main.c:344:9: warning: implicit declaration of function 'dpr_test_full_debug'; did you mean 'dpr_test_full'? [-Wimplicit-function-declaration]
  344 |         dpr_test_full_debug();
      |         ^~~~~~~~~~~~~~~~~~~
      |         dpr_test_full
/home/jc/Software/riscv64-unknown-elf-gcc-10.1.0-2020.08.2-x86_64-linux-ubuntu14/bin/riscv64-unknown-elf-gcc -mcmodel=medany -march=rv64imac -mabi=lp64 -O0 -g3 -static --specs=nano.specs -nostartfiles -Tbuild/cva6/linker.ld build/cva6/dpr_test.o build/cva6/main.o build/cva6/core/irq.o build/cva6/core/retarget.o build/cva6/platform/cva6/cva6.o build/cva6/drivers/8250_uart/8250_uart.o build/cva6/arch/riscv/init.o build/cva6/arch/riscv/plic.o build/cva6/arch/riscv/sbi.o build/cva6/arch/riscv/exceptions.o build/cva6/arch/riscv/irq.o build/cva6/arch/riscv/timer.o build/cva6/arch/riscv/start.o -o build/cva6/baremetal.elf
/home/jc/Software/riscv64-unknown-elf-gcc-10.1.0-2020.08.2-x86_64-linux-ubuntu14/bin/../lib/gcc/riscv64-unknown-elf/10.1.0/../../../../riscv64-unknown-elf/bin/ld : build/cva6/main.o : dans la fonction « state_after_attack » :
/home/jc/tmp/riscv-iommu-demo/baremetal-dpr/src/main.c:298 : référence indéfinie vers « dpr_test_full_debug »
collect2: error: ld returned 1 exit status
make: *** [Makefile:98 : build/cva6/baremetal.elf] Erreur 1
make : on quitte le répertoire « /home/jc/tmp/riscv-iommu-demo/baremetal-dpr »
