Hello World!
init SPI
status: 0x0000000000000025
status: 0x0000000000000025
SPI initialized!
initializing SD... 
SD command cmd0 	response : 01
SD command cmd55 	response : 01
SD command cmd41 	response : 01
SD command cmd55 	response : 01
SD command cmd41 	response : 01
SD command cmd55 	response : 01
SD command cmd41 	response : 01
SD command cmd55 	response : 01
SD command cmd41 	response : 01
SD command cmd55 	response : 01
SD command cmd41 	response : 00
sd initialized!
gpt partition table header:
	signature:	5452415020494645
	revision:	00010000
	size:		0000005C
	crc_header:	B2B05612
	reserved:	00000000
	current lba:	0000000000000001
	backup lda:	000000000EB81FFF
	partition entries lba:   	0000000000000002
	number partition entries:	00000080
	size partition entries:  	00000080
gpt partition entry 00
	partition type guid:	D5F7127456A1134B81DC867174929325
	partition guid:     	E87048CC99D7474C86BD91EF187AB354
	first lba:	0000000000000800
	last lba:	00000000000107FF
	attributes:	0000000000000000
	name:	000000000000000000000000000000000000000000000000000000000000000000000000000000000000000000000000000000000000000000000000000000000000000000000000
gpt partition entry 01
	partition type guid:	AF3DC60F838472478E793D69D8477DE4
	partition guid:     	8CC1F3CE8193C8478BC04D72C5B9F184
	first lba:	0000000000010800
	last lba:	000000000EB81FDE
	attributes:	0000000000000000
	name:	000000000000000000000000000000000000000000000000000000000000000000000000000000000000000000000000000000000000000000000000000000000000000000000000
gpt partition entry 02
	partition type guid:	00000000000000000000000000000000
	partition guid:     	00000000000000000000000000000000
	first lba:	0000000000000000
	last lba:	0000000000000000
	attributes:	0000000000000000
	name:	000000000000000000000000000000000000000000000000000000000000000000000000000000000000000000000000000000000000000000000000000000000000000000000000
gpt partition entry 03
	partition type guid:	00000000000000000000000000000000
	partition guid:     	00000000000000000000000000000000
	first lba:	0000000000000000
	last lba:	0000000000000000
	attributes:	0000000000000000
	name:	000000000000000000000000000000000000000000000000000000000000000000000000000000000000000000000000000000000000000000000000000000000000000000000000
copying boot image .....................