Copyright 1986-2022 Xilinx, Inc. All Rights Reserved.
---------------------------------------------------------------------------------------------------------
| Tool Version : Vivado v.2022.2 (lin64) Build 3671981 Fri Oct 14 04:59:54 MDT 2022
| Date         : Tue Sep 15 13:02:29 2026
| Host         : pc-ietr157 running 64-bit Ubuntu 26.04.1 LTS
| Command      : report_timing_summary -file /home/jc/Work/Git/riscv-iommu-demo/armor/ooc/ooc_timing.rpt
| Design       : ooc_wrapper
| Device       : 7k325t-ffg900
| Speed File   : -2  PRODUCTION 1.12 2017-02-17
---------------------------------------------------------------------------------------------------------

Timing Summary Report

------------------------------------------------------------------------------------------------
| Timer Settings
| --------------
------------------------------------------------------------------------------------------------

  Enable Multi Corner Analysis               :  Yes
  Enable Pessimism Removal                   :  Yes
  Pessimism Removal Resolution               :  Nearest Common Node
  Enable Input Delay Default Clock           :  No
  Enable Preset / Clear Arcs                 :  No
  Disable Flight Delays                      :  No
  Ignore I/O Paths                           :  No
  Timing Early Launch at Borrowing Latches   :  No
  Borrow Time for Max Delay Exceptions       :  Yes
  Merge Timing Exceptions                    :  Yes

  Corner  Analyze    Analyze    
  Name    Max Paths  Min Paths  
  ------  ---------  ---------  
  Slow    Yes        Yes        
  Fast    Yes        Yes        


------------------------------------------------------------------------------------------------
| Report Methodology
| ------------------
------------------------------------------------------------------------------------------------

No report available as report_methodology has not been run prior. Run report_methodology on the current design for the summary of methodology violations.



check_timing report

Table of Contents
-----------------
1. checking no_clock (0)
2. checking constant_clock (0)
3. checking pulse_width_clock (0)
4. checking unconstrained_internal_endpoints (0)
5. checking no_input_delay (450)
6. checking no_output_delay (255)
7. checking multiple_clock (0)
8. checking generated_clocks (0)
9. checking loops (0)
10. checking partial_input_delay (0)
11. checking partial_output_delay (0)
12. checking latch_loops (0)

1. checking no_clock (0)
------------------------
 There are 0 register/latch pins with no clock.


2. checking constant_clock (0)
------------------------------
 There are 0 register/latch pins with constant_clock.


3. checking pulse_width_clock (0)
---------------------------------
 There are 0 register/latch pins which need pulse_width check


4. checking unconstrained_internal_endpoints (0)
------------------------------------------------
 There are 0 pins that are not constrained for maximum delay.

 There are 0 pins that are not constrained for maximum delay due to constant clock.


5. checking no_input_delay (450)
--------------------------------
 There are 450 input ports with no input delay specified. (HIGH)

 There are 0 input ports with no input delay but user has a false path constraint.


6. checking no_output_delay (255)
---------------------------------
 There are 255 ports with no output delay specified. (HIGH)

 There are 0 ports with no output delay but user has a false path constraint

 There are 0 ports with no output delay but with a timing clock defined on it or propagating through it


7. checking multiple_clock (0)
------------------------------
 There are 0 register/latch pins with multiple clocks.


8. checking generated_clocks (0)
--------------------------------
 There are 0 generated clocks that are not connected to a clock source.


9. checking loops (0)
---------------------
 There are 0 combinational loops in the design.


10. checking partial_input_delay (0)
------------------------------------
 There are 0 input ports with partial input delay specified.


11. checking partial_output_delay (0)
-------------------------------------
 There are 0 ports with partial output delay specified.


12. checking latch_loops (0)
----------------------------
 There are 0 combinational latch loops in the design through latch input



------------------------------------------------------------------------------------------------
| Design Timing Summary
| ---------------------
------------------------------------------------------------------------------------------------

    WNS(ns)      TNS(ns)  TNS Failing Endpoints  TNS Total Endpoints      WHS(ns)      THS(ns)  THS Failing Endpoints  THS Total Endpoints     WPWS(ns)     TPWS(ns)  TPWS Failing Endpoints  TPWS Total Endpoints  
    -------      -------  ---------------------  -------------------      -------      -------  ---------------------  -------------------     --------     --------  ----------------------  --------------------  
     14.279        0.000                      0                 4326        0.189        0.000                      0                 4326        9.650        0.000                       0                  2514  


All user specified timing constraints are met.


------------------------------------------------------------------------------------------------
| Clock Summary
| -------------
------------------------------------------------------------------------------------------------

Clock  Waveform(ns)       Period(ns)      Frequency(MHz)
-----  ------------       ----------      --------------
clk_i  {0.000 10.000}     20.000          50.000          


------------------------------------------------------------------------------------------------
| Intra Clock Table
| -----------------
------------------------------------------------------------------------------------------------

Clock             WNS(ns)      TNS(ns)  TNS Failing Endpoints  TNS Total Endpoints      WHS(ns)      THS(ns)  THS Failing Endpoints  THS Total Endpoints     WPWS(ns)     TPWS(ns)  TPWS Failing Endpoints  TPWS Total Endpoints  
-----             -------      -------  ---------------------  -------------------      -------      -------  ---------------------  -------------------     --------     --------  ----------------------  --------------------  
clk_i              14.279        0.000                      0                 4326        0.189        0.000                      0                 4326        9.650        0.000                       0                  2514  


------------------------------------------------------------------------------------------------
| Inter Clock Table
| -----------------
------------------------------------------------------------------------------------------------

From Clock    To Clock          WNS(ns)      TNS(ns)  TNS Failing Endpoints  TNS Total Endpoints      WHS(ns)      THS(ns)  THS Failing Endpoints  THS Total Endpoints  
----------    --------          -------      -------  ---------------------  -------------------      -------      -------  ---------------------  -------------------  


------------------------------------------------------------------------------------------------
| Other Path Groups Table
| -----------------------
------------------------------------------------------------------------------------------------

Path Group    From Clock    To Clock          WNS(ns)      TNS(ns)  TNS Failing Endpoints  TNS Total Endpoints      WHS(ns)      THS(ns)  THS Failing Endpoints  THS Total Endpoints  
----------    ----------    --------          -------      -------  ---------------------  -------------------      -------      -------  ---------------------  -------------------  


------------------------------------------------------------------------------------------------
| Timing Details
| --------------
------------------------------------------------------------------------------------------------


---------------------------------------------------------------------------------------------------
From Clock:  clk_i
  To Clock:  clk_i

Setup :            0  Failing Endpoints,  Worst Slack       14.279ns,  Total Violation        0.000ns
Hold  :            0  Failing Endpoints,  Worst Slack        0.189ns,  Total Violation        0.000ns
PW    :            0  Failing Endpoints,  Worst Slack        9.650ns,  Total Violation        0.000ns
---------------------------------------------------------------------------------------------------


Max Delay Paths
--------------------------------------------------------------------------------------
Slack (MET) :             14.279ns  (required time - arrival time)
  Source:                 i_wrap/int_monitor_inst/dma_cnt_reg[0]/C
                            (rising edge-triggered cell FDCE clocked by clk_i  {rise@0.000ns fall@10.000ns period=20.000ns})
  Destination:            i_wrap/bq_wdone_q_reg[3]/D
                            (rising edge-triggered cell FDCE clocked by clk_i  {rise@0.000ns fall@10.000ns period=20.000ns})
  Path Group:             clk_i
  Path Type:              Setup (Max at Slow Process Corner)
  Requirement:            20.000ns  (clk_i rise@20.000ns - clk_i rise@0.000ns)
  Data Path Delay:        5.695ns  (logic 1.228ns (21.563%)  route 4.467ns (78.437%))
  Logic Levels:           11  (CARRY4=2 LUT3=1 LUT4=1 LUT5=2 LUT6=5)
  Clock Path Skew:        -0.027ns (DCD - SCD + CPR)
    Destination Clock Delay (DCD):    0.510ns = ( 20.510 - 20.000 ) 
    Source Clock Delay      (SCD):    0.537ns
    Clock Pessimism Removal (CPR):    0.000ns
  Clock Uncertainty:      0.035ns  ((TSJ^2 + TIJ^2)^1/2 + DJ) / 2 + PE
    Total System Jitter     (TSJ):    0.071ns
    Total Input Jitter      (TIJ):    0.000ns
    Discrete Jitter          (DJ):    0.000ns
    Phase Error              (PE):    0.000ns

    Location             Delay type                Incr(ns)  Path(ns)    Netlist Resource(s)
  -------------------------------------------------------------------    -------------------
                         (clock clk_i rise edge)      0.000     0.000 r  
                                                      0.000     0.000 r  clk_i (IN)
                         net (fo=2513, unset)         0.537     0.537    i_wrap/int_monitor_inst/clk_i
                         FDCE                                         r  i_wrap/int_monitor_inst/dma_cnt_reg[0]/C
  -------------------------------------------------------------------    -------------------
                         FDCE (Prop_fdce_C_Q)         0.223     0.760 f  i_wrap/int_monitor_inst/dma_cnt_reg[0]/Q
                         net (fo=9, unplaced)         0.457     1.217    i_wrap/int_monitor_inst/dma_cnt_reg_n_0_[0]
                         LUT3 (Prop_lut3_I0_O)        0.131     1.348 r  i_wrap/int_monitor_inst/armor_verdict_o[4]_INST_0_i_5/O
                         net (fo=1, unplaced)         0.000     1.348    i_wrap/int_monitor_inst/armor_verdict_o[4]_INST_0_i_5_n_0
                         CARRY4 (Prop_carry4_DI[0]_CO[3])
                                                      0.280     1.628 f  i_wrap/int_monitor_inst/armor_verdict_o[4]_INST_0_i_2/CO[3]
                         net (fo=2, unplaced)         0.639     2.267    i_wrap/int_monitor_inst/msi_storm1
                         LUT6 (Prop_lut6_I1_O)        0.043     2.310 r  i_wrap/int_monitor_inst/resp_IP_wrapper_o[aw_ready]_INST_0_i_6/O
                         net (fo=9, unplaced)         0.283     2.593    i_wrap/int_monitor_inst/blocking_reg
                         LUT6 (Prop_lut6_I0_O)        0.043     2.636 f  i_wrap/int_monitor_inst/resp_IP_wrapper_o[aw_ready]_INST_0_i_3/O
                         net (fo=89, unplaced)        0.504     3.140    i_wrap/response_manager_module/fabricating
                         LUT6 (Prop_lut6_I2_O)        0.043     3.183 r  i_wrap/response_manager_module/bq_n_q[1]_i_2/O
                         net (fo=78, unplaced)        0.363     3.546    i_wrap/response_manager_module/req_IP_wrapper_i[b_ready]_0
                         LUT5 (Prop_lut5_I2_O)        0.043     3.589 r  i_wrap/response_manager_module/bq_n_q[3]_i_2/O
                         net (fo=108, unplaced)       0.508     4.097    i_wrap/response_manager_module/bq_n_q_reg[3]
                         LUT6 (Prop_lut6_I0_O)        0.043     4.140 r  i_wrap/response_manager_module/bq_wdone_q[1]_i_6/O
                         net (fo=1, unplaced)         0.497     4.637    i_wrap/response_manager_module/bq_wdone_q[1]_i_6_n_0
                         CARRY4 (Prop_carry4_DI[1]_CO[3])
                                                      0.250     4.887 f  i_wrap/response_manager_module/bq_wdone_q_reg[1]_i_3/CO[3]
                         net (fo=1, unplaced)         0.628     5.515    i_wrap/i_w_skid/bq_wdone_q_reg[1]_1[0]
                         LUT4 (Prop_lut4_I3_O)        0.043     5.558 r  i_wrap/i_w_skid/bq_wdone_q[1]_i_2/O
                         net (fo=4, unplaced)         0.294     5.852    i_wrap/i_w_skid/bq_wdone_q[1]_i_2_n_0
                         LUT6 (Prop_lut6_I0_O)        0.043     5.895 r  i_wrap/i_w_skid/bq_wdone_q[6]_i_5/O
                         net (fo=4, unplaced)         0.294     6.189    i_wrap/i_w_skid/bq_wdone_q_reg[0]
                         LUT5 (Prop_lut5_I3_O)        0.043     6.232 r  i_wrap/i_w_skid/bq_wdone_q[3]_i_1/O
                         net (fo=1, unplaced)         0.000     6.232    i_wrap/i_w_skid_n_115
                         FDCE                                         r  i_wrap/bq_wdone_q_reg[3]/D
  -------------------------------------------------------------------    -------------------

                         (clock clk_i rise edge)     20.000    20.000 r  
                                                      0.000    20.000 r  clk_i (IN)
                         net (fo=2513, unset)         0.510    20.510    i_wrap/clk_i
                         FDCE                                         r  i_wrap/bq_wdone_q_reg[3]/C
                         clock pessimism              0.000    20.510    
                         clock uncertainty           -0.035    20.475    
                         FDCE (Setup_fdce_C_D)        0.036    20.511    i_wrap/bq_wdone_q_reg[3]
  -------------------------------------------------------------------
                         required time                         20.511    
                         arrival time                          -6.232    
  -------------------------------------------------------------------
                         slack                                 14.279    





Min Delay Paths
--------------------------------------------------------------------------------------
Slack (MET) :             0.189ns  (arrival time - required time)
  Source:                 i_wrap/csr_sticky_q_reg[14]/C
                            (rising edge-triggered cell FDCE clocked by clk_i  {rise@0.000ns fall@10.000ns period=20.000ns})
  Destination:            i_wrap/csr_sticky_q_reg[14]/D
                            (rising edge-triggered cell FDCE clocked by clk_i  {rise@0.000ns fall@10.000ns period=20.000ns})
  Path Group:             clk_i
  Path Type:              Hold (Min at Fast Process Corner)
  Requirement:            0.000ns  (clk_i rise@0.000ns - clk_i rise@0.000ns)
  Data Path Delay:        0.268ns  (logic 0.164ns (61.275%)  route 0.104ns (38.725%))
  Logic Levels:           1  (LUT6=1)
  Clock Path Skew:        0.014ns (DCD - SCD - CPR)
    Destination Clock Delay (DCD):    0.280ns
    Source Clock Delay      (SCD):    0.266ns
    Clock Pessimism Removal (CPR):    -0.000ns

    Location             Delay type                Incr(ns)  Path(ns)    Netlist Resource(s)
  -------------------------------------------------------------------    -------------------
                         (clock clk_i rise edge)      0.000     0.000 r  
                                                      0.000     0.000 r  clk_i (IN)
                         net (fo=2513, unset)         0.266     0.266    i_wrap/clk_i
                         FDCE                                         r  i_wrap/csr_sticky_q_reg[14]/C
  -------------------------------------------------------------------    -------------------
                         FDCE (Prop_fdce_C_Q)         0.100     0.366 r  i_wrap/csr_sticky_q_reg[14]/Q
                         net (fo=3, unplaced)         0.104     0.470    i_wrap/comparator_inst/csr_sticky_q_reg[14][0]
                         LUT6 (Prop_lut6_I5_O)        0.064     0.534 r  i_wrap/comparator_inst/csr_sticky_q[14]_i_1/O
                         net (fo=1, unplaced)         0.000     0.534    i_wrap/comparator_inst_n_10
                         FDCE                                         r  i_wrap/csr_sticky_q_reg[14]/D
  -------------------------------------------------------------------    -------------------

                         (clock clk_i rise edge)      0.000     0.000 r  
                                                      0.000     0.000 r  clk_i (IN)
                         net (fo=2513, unset)         0.280     0.280    i_wrap/clk_i
                         FDCE                                         r  i_wrap/csr_sticky_q_reg[14]/C
                         clock pessimism              0.000     0.280    
                         FDCE (Hold_fdce_C_D)         0.065     0.345    i_wrap/csr_sticky_q_reg[14]
  -------------------------------------------------------------------
                         required time                         -0.345    
                         arrival time                           0.534    
  -------------------------------------------------------------------
                         slack                                  0.189    





Pulse Width Checks
--------------------------------------------------------------------------------------
Clock Name:         clk_i
Waveform(ns):       { 0.000 10.000 }
Period(ns):         20.000
Sources:            { clk_i }

Check Type        Corner  Lib Pin  Reference Pin  Required(ns)  Actual(ns)  Slack(ns)  Location  Pin
Min Period        n/a     FDPE/C   n/a            0.700         20.000      19.300               i_wrap/FSM_onehot_w_state_q_reg[0]/C
Low Pulse Width   Slow    FDPE/C   n/a            0.350         10.000      9.650                i_wrap/FSM_onehot_w_state_q_reg[0]/C
High Pulse Width  Slow    FDPE/C   n/a            0.350         10.000      9.650                i_wrap/FSM_onehot_w_state_q_reg[0]/C



